Component: ARM Compiler 5.06 update 7 (build 960) Tool: armlink [4d3601]

==============================================================================

Section Cross References

    startup_n32g45x.o(RESET) refers to startup_n32g45x.o(STACK) for __initial_sp
    startup_n32g45x.o(RESET) refers to startup_n32g45x.o(.text) for Reset_Handler
    startup_n32g45x.o(RESET) refers to n32g45x_it.o(.text) for NMI_Handler
    startup_n32g45x.o(.text) refers to system_n32g45x.o(.text) for SystemInit
    startup_n32g45x.o(.text) refers to entry.o(.ARM.Collect$$$$00000000) for __main
    system_n32g45x.o(.text) refers to system_n32g45x.o(.data) for SystemCoreClock
    system_n32g45x.o(.text) refers to system_n32g45x.o(.constdata) for AHBPrescTable
    misc.o(.text) refers to main.o(.text) for assert_failed
    misc.o(.text) refers to misc.o(.conststring) for .conststring
    n32g45x_dma.o(.text) refers to main.o(.text) for assert_failed
    n32g45x_exti.o(.text) refers to main.o(.text) for assert_failed
    n32g45x_flash.o(.text) refers to main.o(.text) for assert_failed
    n32g45x_gpio.o(.text) refers to main.o(.text) for assert_failed
    n32g45x_gpio.o(.text) refers to n32g45x_rcc.o(.text) for RCC_EnableAPB2PeriphReset
    n32g45x_rcc.o(.text) refers to main.o(.text) for assert_failed
    n32g45x_rcc.o(.text) refers to n32g45x_rcc.o(.constdata) for s_ApbAhbPresTable
    n32g45x_usart.o(.text) refers to main.o(.text) for assert_failed
    n32g45x_usart.o(.text) refers to n32g45x_rcc.o(.text) for RCC_EnableAPB2PeriphReset
    n32g45x_usart.o(.text) refers to n32g45x_usart.o(.conststring) for .conststring
    n32g45x_pwr.o(.text) refers to n32g45x_rcc.o(.text) for RCC_EnableAPB1PeriphReset
    n32g45x_pwr.o(.text) refers to main.o(.text) for assert_failed
    n32g45x_qspi.o(.text) refers to n32g45x_rcc.o(.text) for RCC_EnableAHBPeriphReset
    n32g45x_qspi.o(.text) refers to main.o(.text) for assert_failed
    n32g45x_qspi.o(.text) refers to n32g45x_qspi.o(.conststring) for .conststring
    n32g45x_qspi.o(.text) refers to n32g45x_gpio.o(.text) for GPIO_InitPeripheral
    main.o(.text) refers to n32g45x_gpio.o(.text) for GPIO_InitStruct
    main.o(.text) refers to mass_mal.o(.text) for MAL_Init
    main.o(.text) refers to hw_config.o(.text) for USB_Interrupts_Config
    main.o(.text) refers to usb_init.o(.text) for USB_Init
    main.o(.text) refers to ff.o(.text) for f_mount
    main.o(.text) refers to printf8.o(i.__0printf$8) for __2printf
    main.o(.text) refers to n32g45x_rcc.o(.text) for RCC_EnableAPB2PeriphClk
    main.o(.text) refers to n32g45x_usart.o(.text) for USART_Init
    main.o(.text) refers to usb_pwr.o(.data) for bDeviceState
    main.o(.text) refers to main.o(.constdata) for .constdata
    main.o(.text) refers to main.o(.bss) for fs
    main.o(.text) refers to main.o(.data) for res_flash
    main.o(.text) refers to main.o(.conststring) for .conststring
    n32g45x_it.o(.text) refers to usb_istr.o(.text) for USB_Istr
    n32g45x_it.o(.text) refers to n32g45x_exti.o(.text) for EXTI_ClrITPendBit
    hw_config.o(.text) refers to n32g45x_exti.o(.text) for EXTI_ClrITPendBit
    hw_config.o(.text) refers to n32g45x_rcc.o(.text) for RCC_ConfigUsbClk
    hw_config.o(.text) refers to misc.o(.text) for NVIC_PriorityGroupConfig
    hw_config.o(.text) refers to n32g45x_gpio.o(.text) for GPIO_ResetBits
    hw_config.o(.text) refers to mass_mal.o(.text) for MAL_Init
    hw_config.o(.text) refers to usb_pwr.o(.data) for bDeviceState
    hw_config.o(.text) refers to usb_init.o(.bss) for Device_Info
    usb_endp.o(.text) refers to usb_bot.o(.text) for Mass_Storage_In
    usb_istr.o(.text) refers to usb_int.o(.text) for USB_CorrectTransferLp
    usb_istr.o(.text) refers to usb_pwr.o(.text) for Resume
    usb_istr.o(.text) refers to usb_istr.o(.data) for wIstr
    usb_istr.o(.text) refers to usb_init.o(.data) for wInterrupt_Mask
    usb_istr.o(.text) refers to usb_prop.o(.data) for Device_Property
    usb_istr.o(.text) refers to usb_pwr.o(.data) for fSuspendEnabled
    usb_istr.o(.data) refers to usb_endp.o(.text) for EP1_IN_Callback
    usb_istr.o(.data) refers to usb_core.o(.text) for USB_ProcessNop
    usb_prop.o(.text) refers to usb_pwr.o(.text) for PowerOn
    usb_prop.o(.text) refers to usb_regs.o(.text) for USB_SetBuftab
    usb_prop.o(.text) refers to usb_core.o(.text) for USB_SetDeviceAddress
    usb_prop.o(.text) refers to usb_bot.o(.text) for Bot_Abort
    usb_prop.o(.text) refers to usb_init.o(.data) for pInformation
    usb_prop.o(.text) refers to usb_pwr.o(.data) for bDeviceState
    usb_prop.o(.text) refers to usb_init.o(.bss) for Device_Info
    usb_prop.o(.text) refers to usb_desc.o(.constdata) for MASS_ConfigDescriptor
    usb_prop.o(.text) refers to usb_prop.o(.data) for Device_Property
    usb_prop.o(.text) refers to usb_bot.o(.bss) for CBW
    usb_prop.o(.text) refers to usb_bot.o(.data) for Bot_State
    usb_prop.o(.text) refers to mass_mal.o(.data) for Max_Lun
[...]
    ../fplib/microlib/fpepilogue.c           0x00000000   Number         0  depilogue.o ABSOLUTE
    ../fplib/microlib/fpfix.c                0x00000000   Number         0  dfixul.o ABSOLUTE
    ../fplib/microlib/fpmul.c                0x00000000   Number         0  dmul.o ABSOLUTE
    ..\\firmware\\CMSIS\\device\\system_n32g45x.c 0x00000000   Number         0  system_n32g45x.o ABSOLUTE
    ..\\firmware\\fatfs\\diskio.c            0x00000000   Number         0  diskio.o ABSOLUTE
    ..\\firmware\\n32g45x_std_periph_driver\\src\\misc.c 0x00000000   Number         0  misc.o ABSOLUTE
    ..\\firmware\\n32g45x_std_periph_driver\\src\\n32g45x_dma.c 0x00000000   Number         0  n32g45x_dma.o ABSOLUTE
    ..\\firmware\\n32g45x_std_periph_driver\\src\\n32g45x_exti.c 0x00000000   Number         0  n32g45x_exti.o ABSOLUTE
    ..\\firmware\\n32g45x_std_periph_driver\\src\\n32g45x_flash.c 0x00000000   Number         0  n32g45x_flash.o ABSOLUTE
    ..\\firmware\\n32g45x_std_periph_driver\\src\\n32g45x_gpio.c 0x00000000   Number         0  n32g45x_gpio.o ABSOLUTE
    ..\\firmware\\n32g45x_std_periph_driver\\src\\n32g45x_pwr.c 0x00000000   Number         0  n32g45x_pwr.o ABSOLUTE
    ..\\firmware\\n32g45x_std_periph_driver\\src\\n32g45x_qspi.c 0x00000000   Number         0  n32g45x_qspi.o ABSOLUTE
    ..\\firmware\\n32g45x_std_periph_driver\\src\\n32g45x_rcc.c 0x00000000   Number         0  n32g45x_rcc.o ABSOLUTE
    ..\\firmware\\n32g45x_std_periph_driver\\src\\n32g45x_usart.c 0x00000000   Number         0  n32g45x_usart.o ABSOLUTE
    ..\\firmware\\n32g45x_usbfs_driver\\src\\usb_core.c 0x00000000   Number         0  usb_core.o ABSOLUTE
    ..\\firmware\\n32g45x_usbfs_driver\\src\\usb_init.c 0x00000000   Number         0  usb_init.o ABSOLUTE
    ..\\firmware\\n32g45x_usbfs_driver\\src\\usb_int.c 0x00000000   Number         0  usb_int.o ABSOLUTE
    ..\\firmware\\n32g45x_usbfs_driver\\src\\usb_mem.c 0x00000000   Number         0  usb_mem.o ABSOLUTE
    ..\\firmware\\n32g45x_usbfs_driver\\src\\usb_regs.c 0x00000000   Number         0  usb_regs.o ABSOLUTE
    ..\\firmware\\n32g45x_usbfs_driver\\src\\usb_sil.c 0x00000000   Number         0  usb_sil.o ABSOLUTE
    ..\\src\\Button.c                        0x00000000   Number         0  button.o ABSOLUTE
    ..\\src\\hw_config.c                     0x00000000   Number         0  hw_config.o ABSOLUTE
    ..\\src\\main.c                          0x00000000   Number         0  main.o ABSOLUTE
    ..\\src\\mass_mal.c                      0x00000000   Number         0  mass_mal.o ABSOLUTE
    ..\\src\\memory.c                        0x00000000   Number         0  memory.o ABSOLUTE
    ..\\src\\n32g45x_it.c                    0x00000000   Number         0  n32g45x_it.o ABSOLUTE
    ..\\src\\scsi_data.c                     0x00000000   Number         0  scsi_data.o ABSOLUTE
    ..\\src\\usb_bot.c                       0x00000000   Number         0  usb_bot.o ABSOLUTE
    ..\\src\\usb_desc.c                      0x00000000   Number         0  usb_desc.o ABSOLUTE
    ..\\src\\usb_endp.c                      0x00000000   Number         0  usb_endp.o ABSOLUTE
    ..\\src\\usb_istr.c                      0x00000000   Number         0  usb_istr.o ABSOLUTE
    ..\\src\\usb_prop.c                      0x00000000   Number         0  usb_prop.o ABSOLUTE
    ..\\src\\usb_pwr.c                       0x00000000   Number         0  usb_pwr.o ABSOLUTE
    ..\\src\\usb_scsi.c                      0x00000000   Number         0  usb_scsi.o ABSOLUTE
    ..\\src\\w25q64.c                        0x00000000   Number         0  w25q64.o ABSOLUTE
    ..\firmware\CMSIS\device\startup\startup_n32g45x.s 0x00000000   Number         0  startup_n32g45x.o ABSOLUTE
    ..\firmware\CMSIS\device\system_n32g45x.c 0x00000000   Number         0  system_n32g45x.o ABSOLUTE
    ..\firmware\fatfs\diskio.c               0x00000000   Number         0  diskio.o ABSOLUTE
    ..\firmware\fatfs\ff.c                   0x00000000   Number         0  ff.o ABSOLUTE
    ..\firmware\fatfs\ffsystem.c             0x00000000   Number         0  ffsystem.o ABSOLUTE
    ..\firmware\fatfs\ffunicode.c            0x00000000   Number         0  ffunicode.o ABSOLUTE
    ..\firmware\n32g45x_std_periph_driver\src\misc.c 0x00000000   Number         0  misc.o ABSOLUTE
    ..\firmware\n32g45x_std_periph_driver\src\n32g45x_dma.c 0x00000000   Number         0  n32g45x_dma.o ABSOLUTE
    ..\firmware\n32g45x_std_periph_driver\src\n32g45x_exti.c 0x00000000   Number         0  n32g45x_exti.o ABSOLUTE
    ..\firmware\n32g45x_std_periph_driver\src\n32g45x_flash.c 0x00000000   Number         0  n32g45x_flash.o ABSOLUTE
    ..\firmware\n32g45x_std_periph_driver\src\n32g45x_gpio.c 0x00000000   Number         0  n32g45x_gpio.o ABSOLUTE
    ..\firmware\n32g45x_std_periph_driver\src\n32g45x_pwr.c 0x00000000   Number         0  n32g45x_pwr.o ABSOLUTE
    ..\firmware\n32g45x_std_periph_driver\src\n32g45x_qspi.c 0x00000000   Number         0  n32g45x_qspi.o ABSOLUTE
    ..\firmware\n32g45x_std_periph_driver\src\n32g45x_rcc.c 0x00000000   Number         0  n32g45x_rcc.o ABSOLUTE
    ..\firmware\n32g45x_std_periph_driver\src\n32g45x_usart.c 0x00000000   Number         0  n32g45x_usart.o ABSOLUTE
    ..\firmware\n32g45x_usbfs_driver\src\usb_core.c 0x00000000   Number         0  usb_core.o ABSOLUTE
    ..\firmware\n32g45x_usbfs_driver\src\usb_init.c 0x00000000   Number         0  usb_init.o ABSOLUTE
    ..\firmware\n32g45x_usbfs_driver\src\usb_int.c 0x00000000   Number         0  usb_int.o ABSOLUTE
    ..\firmware\n32g45x_usbfs_driver\src\usb_mem.c 0x00000000   Number         0  usb_mem.o ABSOLUTE
    ..\firmware\n32g45x_usbfs_driver\src\usb_regs.c 0x00000000   Number         0  usb_regs.o ABSOLUTE
    ..\firmware\n32g45x_usbfs_driver\src\usb_sil.c 0x00000000   Number         0  usb_sil.o ABSOLUTE
    ..\src\Button.c                          0x00000000   Number         0  button.o ABSOLUTE
    ..\src\hw_config.c                       0x00000000   Number         0  hw_config.o ABSOLUTE
    ..\src\main.c                            0x00000000   Number         0  main.o ABSOLUTE
    ..\src\mass_mal.c                        0x00000000   Number         0  mass_mal.o ABSOLUTE
    ..\src\memory.c                          0x00000000   Number         0  memory.o ABSOLUTE
    ..\src\n32g45x_it.c                      0x00000000   Number         0  n32g45x_it.o ABSOLUTE
    ..\src\scsi_data.c                       0x00000000   Number         0  scsi_data.o ABSOLUTE
    ..\src\usb_bot.c                         0x00000000   Number         0  usb_bot.o ABSOLUTE
    ..\src\usb_desc.c                        0x00000000   Number         0  usb_desc.o ABSOLUTE
    ..\src\usb_endp.c                        0x00000000   Number         0  usb_endp.o ABSOLUTE
    ..\src\usb_istr.c                        0x00000000   Number         0  usb_istr.o ABSOLUTE
    ..\src\usb_prop.c                        0x00000000   Number         0  usb_prop.o ABSOLUTE
    ..\src\usb_pwr.c                         0x00000000   Number         0  usb_pwr.o ABSOLUTE
    ..\src\usb_scsi.c                        0x00000000   Number         0  usb_scsi.o ABSOLUTE
    ..\src\w25q64.c                          0x00000000   Number         0  w25q64.o ABSOLUTE
    cdrcmple.s                               0x00000000   Number         0  cdrcmple.o ABSOLUTE
    dc.s                                     0x00000000   Number         0  dc.o ABSOLUTE
    handlers.s                               0x00000000   Number         0  handlers.o ABSOLUTE
    init.s                                   0x00000000   Number         0  init.o ABSOLUTE
    RESET                                    0x08000000   Section      408  startup_n32g45x.o(RESET)
    .ARM.Collect$$$$00000000                 0x08000198   Section        0  entry.o(.ARM.Collect$$$$00000000)
    .ARM.Collect$$$$00000001                 0x08000198   Section        4  entry2.o(.ARM.Collect$$$$00000001)
    .ARM.Collect$$$$00000004                 0x0800019c   Section        4  entry5.o(.ARM.Collect$$$$00000004)
    .ARM.Collect$$$$00000008                 0x080001a0   Section        0  entry7b.o(.ARM.Collect$$$$00000008)
    .ARM.Collect$$$$0000000A                 0x080001a0   Section        0  entry8b.o(.ARM.Collect$$$$0000000A)
    .ARM.Collect$$$$0000000B                 0x080001a0   Section        8  entry9a.o(.ARM.Collect$$$$0000000B)
    .ARM.Collect$$$$0000000E                 0x080001a8   Section        4  entry12b.o(.ARM.Collect$$$$0000000E)
    .ARM.Collect$$$$0000000F                 0x080001ac   Section        0  entry10a.o(.ARM.Collect$$$$0000000F)
    .ARM.Collect$$$$00000011                 0x080001ac   Section        0  entry11a.o(.ARM.Collect$$$$00000011)
    .ARM.Collect$$$$00002712                 0x080001ac   Section        4  entry2.o(.ARM.Collect$$$$00002712)
    __lit__00000000                          0x080001ac   Data           4  entry2.o(.ARM.Collect$$$$00002712)
    .text                                    0x080001b0   Section       36  startup_n32g45x.o(.text)
    $v0                                      0x080001b0   Number         0  startup_n32g45x.o(.text)
    RESERVE48_IRQHandler                     0x080001cb   Thumb Code     0  startup_n32g45x.o(.text)
    .text                                    0x080001d4   Section        0  system_n32g45x.o(.text)
    SetVDDDBKTrim                            0x080001d5   Thumb Code    70  system_n32g45x.o(.text)
    SetSysClock                              0x0800021b   Thumb Code   218  system_n32g45x.o(.text)
    .text                                    0x08000480   Section        0  misc.o(.text)
    .text                                    0x08000770   Section        0  n32g45x_exti.o(.text)
    .text                                    0x08000bfc   Section        0  n32g45x_gpio.o(.text)
    .text                                    0x08001d14   Section        0  n32g45x_rcc.o(.text)
    RCC_SetHSITrim                           0x08002e93   Thumb Code    20  n32g45x_rcc.o(.text)
    .text                                    0x08002f64   Section        0  n32g45x_usart.o(.text)
    .text                                    0x080041d4   Section        0  n32g45x_qspi.o(.text)
    QSPI_SingleGpioConfig                    0x08004fe1   Thumb Code    32  n32g45x_qspi.o(.text)
    .text                                    0x080054c0   Section        0  main.o(.text)
    .text                                    0x080058f8   Section        0  n32g45x_it.o(.text)
    .text                                    0x08005928   Section        0  hw_config.o(.text)
    .text                                    0x080059f8   Section        0  usb_endp.o(.text)
    .text                                    0x08005a08   Section        0  usb_istr.o(.text)
    .text                                    0x08005ac8   Section        0  usb_prop.o(.text)
    .text                                    0x08005d38   Section        0  usb_pwr.o(.text)
    .text                                    0x08005ef4   Section        0  usb_bot.o(.text)
    .text                                    0x0800635c   Section        0  usb_scsi.o(.text)
    .text                                    0x08006778   Section        0  mass_mal.o(.text)
    .text                                    0x0800683c   Section        0  memory.o(.text)
    .text                                    0x08006a54   Section        0  w25q64.o(.text)
    Delayus                                  0x08006c5d   Thumb Code    18  w25q64.o(.text)
    WaitQSPI_Busy                            0x08006c6f   Thumb Code    42  w25q64.o(.text)
    QspiFlashWriteEnable                     0x08006c99   Thumb Code    18  w25q64.o(.text)
    m_delay_ms                               0x08006ceb   Thumb Code    22  w25q64.o(.text)
    QspiFlashReadStatus                      0x08006d01   Thumb Code    56  w25q64.o(.text)
    QspiFlashEnableQE                        0x08006db5   Thumb Code    64  w25q64.o(.text)
    .text                                    0x0800705c   Section        0  usb_core.o(.text)
    DataStageOut                             0x0800749b   Thumb Code   166  usb_core.o(.text)
    DataStageIn                              0x08007541   Thumb Code   166  usb_core.o(.text)
    NoData_Setup0                            0x080075e7   Thumb Code   290  usb_core.o(.text)
    Data_Setup0                              0x08007709   Thumb Code   678  usb_core.o(.text)
    .text                                    0x08007bac   Section        0  usb_init.o(.text)
    .text                                    0x08007bf8   Section        0  usb_int.o(.text)
    .text                                    0x08007f34   Section        0  usb_mem.o(.text)
    .text                                    0x08007fa4   Section        0  usb_regs.o(.text)
    .text                                    0x080087ac   Section        0  usb_sil.o(.text)
    .text                                    0x0800882c   Section        0  diskio.o(.text)
    .text                                    0x08008930   Section        0  ff.o(.text)
    ld_word                                  0x08008931   Thumb Code    12  ff.o(.text)
    ld_dword                                 0x0800893d   Thumb Code    24  ff.o(.text)
    st_word                                  0x08008955   Thumb Code    12  ff.o(.text)
    st_dword                                 0x08008961   Thumb Code    24  ff.o(.text)
    dbc_1st                                  0x08008979   Thumb Code    12  ff.o(.text)
    dbc_2nd                                  0x08008985   Thumb Code    12  ff.o(.text)
    tchar2uni                                0x08008991   Thumb Code    76  ff.o(.text)
    put_utf                                  0x080089dd   Thumb Code    66  ff.o(.text)
    sync_window                              0x08008a1f   Thumb Code    74  ff.o(.text)
    move_window                              0x08008a69   Thumb Code    52  ff.o(.text)
    sync_fs                                  0x08008a9d   Thumb Code   132  ff.o(.text)
    clst2sect                                0x08008b21   Thumb Code    26  ff.o(.text)
    get_fat                                  0x08008b3b   Thumb Code   306  ff.o(.text)
    put_fat                                  0x08008c6d   Thumb Code   400  ff.o(.text)
    remove_chain                             0x08008dfd   Thumb Code   154  ff.o(.text)
    create_chain                             0x08008e97   Thumb Code   298  ff.o(.text)
    dir_clear                                0x08008fc1   Thumb Code    94  ff.o(.text)
    dir_sdi                                  0x0800901f   Thumb Code   166  ff.o(.text)
    dir_next                                 0x080090c5   Thumb Code   218  ff.o(.text)
    dir_alloc                                0x0800919f   Thumb Code    96  ff.o(.text)
    ld_clust                                 0x080091ff   Thumb Code    38  ff.o(.text)
    st_clust                                 0x08009225   Thumb Code    36  ff.o(.text)
    cmp_lfn                                  0x08009249   Thumb Code   148  ff.o(.text)
    pick_lfn                                 0x080092dd   Thumb Code   136  ff.o(.text)
    put_lfn                                  0x08009365   Thumb Code   124  ff.o(.text)
    gen_numname                              0x080093e1   Thumb Code   206  ff.o(.text)
    sum_sfn                                  0x080094af   Thumb Code    32  ff.o(.text)
    dir_read                                 0x080094cf   Thumb Code   210  ff.o(.text)
    dir_find                                 0x080095a1   Thumb Code   260  ff.o(.text)
    dir_register                             0x080096a5   Thumb Code   326  ff.o(.text)
    dir_remove                               0x080097eb   Thumb Code    96  ff.o(.text)
    get_fileinfo                             0x0800984b   Thumb Code   386  ff.o(.text)
    create_name                              0x080099cd   Thumb Code   592  ff.o(.text)
    follow_path                              0x08009c1d   Thumb Code   168  ff.o(.text)
    get_ldnumber                             0x08009cc5   Thumb Code    78  ff.o(.text)
    check_fs                                 0x08009d13   Thumb Code   210  ff.o(.text)
    find_volume                              0x08009de5   Thumb Code   156  ff.o(.text)
    mount_volume                             0x08009e81   Thumb Code   736  ff.o(.text)
    validate                                 0x0800a161   Thumb Code    60  ff.o(.text)
    create_partition                         0x0800b025   Thumb Code   346  ff.o(.text)
    .text                                    0x0800b870   Section        0  ffunicode.o(.text)
    .text                                    0x0800b984   Section        0  memcpya.o(.text)
    .text                                    0x0800b9a8   Section        0  memseta.o(.text)
    .text                                    0x0800b9cc   Section        0  strchr.o(.text)
    .text                                    0x0800b9e0   Section        0  memcmp.o(.text)
    .text                                    0x0800b9fa   Section        0  uldiv.o(.text)
    .text                                    0x0800ba5c   Section       36  init.o(.text)
    .text                                    0x0800ba80   Section        0  llshl.o(.text)
    .text                                    0x0800ba9e   Section        0  llushr.o(.text)
    .text                                    0x0800babe   Section        0  __dczerorl2.o(.text)
    i.__0printf$8                            0x0800bb14   Section        0  printf8.o(i.__0printf$8)
    i.__scatterload_copy                     0x0800bb34   Section       14  handlers.o(i.__scatterload_copy)
    i.__scatterload_null                     0x0800bb42   Section        2  handlers.o(i.__scatterload_null)
    i.__scatterload_zeroinit                 0x0800bb44   Section       14  handlers.o(i.__scatterload_zeroinit)
    i._printf_core                           0x0800bb54   Section        0  printf8.o(i._printf_core)
    _printf_core                             0x0800bb55   Thumb Code   984  printf8.o(i._printf_core)
    i._printf_post_padding                   0x0800bf58   Section        0  printf8.o(i._printf_post_padding)
    _printf_post_padding                     0x0800bf59   Thumb Code    36  printf8.o(i._printf_post_padding)
    i._printf_pre_padding                    0x0800bf7c   Section        0  printf8.o(i._printf_pre_padding)
    _printf_pre_padding                      0x0800bf7d   Thumb Code    46  printf8.o(i._printf_pre_padding)
    .constdata                               0x0800bfaa   Section       16  system_n32g45x.o(.constdata)
    .constdata                               0x0800bfba   Section       64  n32g45x_rcc.o(.constdata)
    s_ApbAhbPresTable                        0x0800bfba   Data          16  n32g45x_rcc.o(.constdata)
    s_AdcHclkPresTable                       0x0800bfca   Data          16  n32g45x_rcc.o(.constdata)
    s_AdcPllClkPresTable                     0x0800bfda   Data          32  n32g45x_rcc.o(.constdata)
    .constdata                               0x0800bffc   Section       16  main.o(.constdata)
    .constdata                               0x0800c00c   Section      156  usb_desc.o(.constdata)
    .constdata                               0x0800c0a8   Section       52  w25q64.o(.constdata)
    .constdata                               0x0800c0dc   Section      188  ff.o(.constdata)
    LfnOfs                                   0x0800c0dc   Data          13  ff.o(.constdata)
    ExCvt                                    0x0800c0e9   Data         128  ff.o(.constdata)
    cst                                      0x0800c16a   Data          14  ff.o(.constdata)
    cst32                                    0x0800c178   Data          14  ff.o(.constdata)
    defopt                                   0x0800c188   Data          16  ff.o(.constdata)
    .constdata                               0x0800c198   Section      942  ffunicode.o(.constdata)
    uc437                                    0x0800c198   Data         256  ffunicode.o(.constdata)
    cvt1                                     0x0800c298   Data         498  ffunicode.o(.constdata)
    cvt2                                     0x0800c48a   Data         188  ffunicode.o(.constdata)
    .conststring                             0x0800c548   Section      148  misc.o(.conststring)
    .conststring                             0x0800c5dc   Section       70  n32g45x_usart.o(.conststring)
    .conststring                             0x0800c624   Section       69  n32g45x_qspi.o(.conststring)
    .conststring                             0x0800c66c   Section      226  main.o(.conststring)
    .data                                    0x20000000   Section        4  system_n32g45x.o(.data)
    .data                                    0x20000004   Section       39  main.o(.data)
    .data                                    0x2000002b   Section       26  usb_desc.o(.data)
    .data                                    0x20000048   Section       68  usb_istr.o(.data)
    .data                                    0x2000008c   Section      144  usb_prop.o(.data)
    .data                                    0x2000011c   Section       12  usb_pwr.o(.data)
    .data                                    0x20000128   Section       12  usb_bot.o(.data)
    .data                                    0x20000134   Section       36  mass_mal.o(.data)
    .data                                    0x20000158   Section      127  scsi_data.o(.data)
    .data                                    0x200001d8   Section       36  memory.o(.data)
    Offset                                   0x200001ec   Data           4  memory.o(.data)
    Length                                   0x200001f0   Data           4  memory.o(.data)
    W_Offset                                 0x200001f4   Data           4  memory.o(.data)
    W_Length                                 0x200001f8   Data           4  memory.o(.data)
    .data                                    0x200001fc   Section        3  usb_core.o(.data)
    .data                                    0x20000200   Section       20  usb_init.o(.data)
    .data                                    0x20000214   Section        4  usb_int.o(.data)
    .data                                    0x20000218   Section        8  usb_mem.o(.data)
    .data                                    0x20000220   Section        6  ff.o(.data)
    FatFs                                    0x20000220   Data           4  ff.o(.data)
    Fsid                                     0x20000224   Data           2  ff.o(.data)
    .data                                    0x20000228   Section        4  stdout.o(.data)
    .bss                                     0x2000022c   Section    12384  main.o(.bss)
    .bss                                     0x2000328c   Section       32  usb_pwr.o(.bss)
    .bss                                     0x200032ac   Section      112  usb_bot.o(.bss)
    .bss                                     0x2000331c   Section     2048  memory.o(.bss)
    .bss                                     0x20003b1c   Section       28  usb_init.o(.bss)
    STACK                                    0x20003b38   Section    17664  startup_n32g45x.o(STACK)

    Global Symbols

    Symbol Name                              Value     Ov Type        Size  Object(Section)

    BuildAttributes$$THM_ISAv4$E$P$D$K$B$S$7EM$VFPi3$EXTD16$VFPS$VFMA$PE$A:L22UL41UL21$X:L11$S22US41US21$IEEE1$IW$USESV6$~STKCKD$USESV7$~SHL$OSPACE$ROPI$EBA8$MICROLIB$REQ8$PRES8$EABIv2 0x00000000   Number         0  anon$$obj.o ABSOLUTE
    __ARM_use_no_argv                        0x00000000   Number         0  main.o ABSOLUTE
    _printf_a                                0x00000000   Number         0  stubs.o ABSOLUTE
    _printf_c                                0x00000000   Number         0  stubs.o ABSOLUTE
    _printf_charcount                        0x00000000   Number         0  stubs.o ABSOLUTE
    _printf_d                                0x00000000   Number         0  stubs.o ABSOLUTE
    _printf_e                                0x00000000   Number         0  stubs.o ABSOLUTE
    _printf_f                                0x00000000   Number         0  stubs.o ABSOLUTE
    _printf_flags                            0x00000000   Number         0  stubs.o ABSOLUTE
    _printf_fp_dec                           0x00000000   Number         0  stubs.o ABSOLUTE
    _printf_fp_hex                           0x00000000   Number         0  stubs.o ABSOLUTE
    _printf_g                                0x00000000   Number         0  stubs.o ABSOLUTE
    _printf_i                                0x00000000   Number         0  stubs.o ABSOLUTE
    _printf_int_dec                          0x00000000   Number         0  stubs.o ABSOLUTE
    _printf_l                                0x00000000   Number         0  stubs.o ABSOLUTE
    _printf_lc                               0x00000000   Number         0  stubs.o ABSOLUTE
    _printf_ll                               0x00000000   Number         0  stubs.o ABSOLUTE
    _printf_lld                              0x00000000   Number         0  stubs.o ABSOLUTE
    _printf_lli                              0x00000000   Number         0  stubs.o ABSOLUTE
    _printf_llo                              0x00000000   Number         0  stubs.o ABSOLUTE
    _printf_llu                              0x00000000   Number         0  stubs.o ABSOLUTE
    _printf_llx                              0x00000000   Number         0  stubs.o ABSOLUTE
    _printf_longlong_dec                     0x00000000   Number         0  stubs.o ABSOLUTE
    _printf_longlong_hex                     0x00000000   Number         0  stubs.o ABSOLUTE
    _printf_longlong_oct                     0x00000000   Number         0  stubs.o ABSOLUTE
    _printf_ls                               0x00000000   Number         0  stubs.o ABSOLUTE
    _printf_mbtowc                           0x00000000   Number         0  stubs.o ABSOLUTE
    _printf_n                                0x00000000   Number         0  stubs.o ABSOLUTE
    _printf_o                                0x00000000   Number         0  stubs.o ABSOLUTE
    _printf_p                                0x00000000   Number         0  stubs.o ABSOLUTE
    _printf_percent                          0x00000000   Number         0  stubs.o ABSOLUTE
    _printf_pre_padding                      0x00000000   Number         0  stubs.o ABSOLUTE
    _printf_return_value                     0x00000000   Number         0  stubs.o ABSOLUTE
    _printf_s                                0x00000000   Number         0  stubs.o ABSOLUTE
    _printf_sizespec                         0x00000000   Number         0  stubs.o ABSOLUTE
    _printf_str                              0x00000000   Number         0  stubs.o ABSOLUTE
    _printf_truncate_signed                  0x00000000   Number         0  stubs.o ABSOLUTE
    _printf_truncate_unsigned                0x00000000   Number         0  stubs.o ABSOLUTE
    _printf_u                                0x00000000   Number         0  stubs.o ABSOLUTE
    _printf_wc                               0x00000000   Number         0  stubs.o ABSOLUTE
    _printf_wctomb                           0x00000000   Number         0  stubs.o ABSOLUTE
    _printf_widthprec                        0x00000000   Number         0  stubs.o ABSOLUTE
    _printf_x                                0x00000000   Number         0  stubs.o ABSOLUTE
    __arm_fini_                               - Undefined Weak Reference
    __cpp_initialize__aeabi_                  - Undefined Weak Reference
    __cxa_finalize                            - Undefined Weak Reference
    _clock_init                               - Undefined Weak Reference
    _microlib_exit                            - Undefined Weak Reference
    __Vectors_Size                           0x00000198   Number         0  startup_n32g45x.o ABSOLUTE
    __Vectors                                0x08000000   Data           4  startup_n32g45x.o(RESET)
    __Vectors_End                            0x08000198   Data           0  startup_n32g45x.o(RESET)
    __main                                   0x08000199   Thumb Code     0  entry.o(.ARM.Collect$$$$00000000)
    _main_stk                                0x08000199   Thumb Code     0  entry2.o(.ARM.Collect$$$$00000001)
    _main_scatterload                        0x0800019d   Thumb Code     0  entry5.o(.ARM.Collect$$$$00000004)
    __main_after_scatterload                 0x080001a1   Thumb Code     0  entry5.o(.ARM.Collect$$$$00000004)
    _main_clock                              0x080001a1   Thumb Code     0  entry7b.o(.ARM.Collect$$$$00000008)
    _main_cpp_init                           0x080001a1   Thumb Code     0  entry8b.o(.ARM.Collect$$$$0000000A)
    _main_init                               0x080001a1   Thumb Code     0  entry9a.o(.ARM.Collect$$$$0000000B)
    __rt_lib_shutdown_fini                   0x080001a9   Thumb Code     0  entry12b.o(.ARM.Collect$$$$0000000E)
    __rt_final_cpp                           0x080001ad   Thumb Code     0  entry10a.o(.ARM.Collect$$$$0000000F)
    __rt_final_exit                          0x080001ad   Thumb Code     0  entry11a.o(.ARM.Collect$$$$00000011)
    Reset_Handler                            0x080001b1   Thumb Code     8  startup_n32g45x.o(.text)
    PendSV_Handler                           0x080001c7   Thumb Code     2  startup_n32g45x.o(.text)
    ADC1_2_IRQHandler                        0x080001cb   Thumb Code     0  startup_n32g45x.o(.text)
    ADC3_4_IRQHandler                        0x080001cb   Thumb Code     0  startup_n32g45x.o(.text)
    CAN1_RX1_IRQHandler                      0x080001cb   Thumb Code     0  startup_n32g45x.o(.text)
    CAN1_SCE_IRQHandler                      0x080001cb   Thumb Code     0  startup_n32g45x.o(.text)
    CAN2_RX0_IRQHandler                      0x080001cb   Thumb Code     0  startup_n32g45x.o(.text)
    CAN2_RX1_IRQHandler                      0x080001cb   Thumb Code     0  startup_n32g45x.o(.text)
    CAN2_SCE_IRQHandler                      0x080001cb   Thumb Code     0  startup_n32g45x.o(.text)
    CAN2_TX_IRQHandler                       0x080001cb   Thumb Code     0  startup_n32g45x.o(.text)
    COMP7_IRQHandler                         0x080001cb   Thumb Code     0  startup_n32g45x.o(.text)
    COMP_1_2_3_IRQHandler                    0x080001cb   Thumb Code     0  startup_n32g45x.o(.text)
    COMP_4_5_6_IRQHandler                    0x080001cb   Thumb Code     0  startup_n32g45x.o(.text)
    DMA1_Channel1_IRQHandler                 0x080001cb   Thumb Code     0  startup_n32g45x.o(.text)
    DMA1_Channel2_IRQHandler                 0x080001cb   Thumb Code     0  startup_n32g45x.o(.text)
    DMA1_Channel3_IRQHandler                 0x080001cb   Thumb Code     0  startup_n32g45x.o(.text)
    DMA1_Channel4_IRQHandler                 0x080001cb   Thumb Code     0  startup_n32g45x.o(.text)
    DMA1_Channel5_IRQHandler                 0x080001cb   Thumb Code     0  startup_n32g45x.o(.text)
    DMA1_Channel6_IRQHandler                 0x080001cb   Thumb Code     0  startup_n32g45x.o(.text)
    DMA1_Channel7_IRQHandler                 0x080001cb   Thumb Code     0  startup_n32g45x.o(.text)
    DMA1_Channel8_IRQHandler                 0x080001cb   Thumb Code     0  startup_n32g45x.o(.text)
    DMA2_Channel1_IRQHandler                 0x080001cb   Thumb Code     0  startup_n32g45x.o(.text)
    DMA2_Channel2_IRQHandler                 0x080001cb   Thumb Code     0  startup_n32g45x.o(.text)
    DMA2_Channel3_IRQHandler                 0x080001cb   Thumb Code     0  startup_n32g45x.o(.text)
    DMA2_Channel4_IRQHandler                 0x080001cb   Thumb Code     0  startup_n32g45x.o(.text)
    DMA2_Channel5_IRQHandler                 0x080001cb   Thumb Code     0  startup_n32g45x.o(.text)
    DMA2_Channel6_IRQHandler                 0x080001cb   Thumb Code     0  startup_n32g45x.o(.text)
    DMA2_Channel7_IRQHandler                 0x080001cb   Thumb Code     0  startup_n32g45x.o(.text)
    DMA2_Channel8_IRQHandler                 0x080001cb   Thumb Code     0  startup_n32g45x.o(.text)
    DVP_IRQHandler                           0x080001cb   Thumb Code     0  startup_n32g45x.o(.text)
    ETH_IRQHandler                           0x080001cb   Thumb Code     0  startup_n32g45x.o(.text)
    ETH_WKUP_IRQHandler                      0x080001cb   Thumb Code     0  startup_n32g45x.o(.text)
    EXTI0_IRQHandler                         0x080001cb   Thumb Code     0  startup_n32g45x.o(.text)
    EXTI15_10_IRQHandler                     0x080001cb   Thumb Code     0  startup_n32g45x.o(.text)
    EXTI1_IRQHandler                         0x080001cb   Thumb Code     0  startup_n32g45x.o(.text)
    EXTI2_IRQHandler                         0x080001cb   Thumb Code     0  startup_n32g45x.o(.text)
    EXTI3_IRQHandler                         0x080001cb   Thumb Code     0  startup_n32g45x.o(.text)
    EXTI4_IRQHandler                         0x080001cb   Thumb Code     0  startup_n32g45x.o(.text)
    EXTI9_5_IRQHandler                       0x080001cb   Thumb Code     0  startup_n32g45x.o(.text)
    FLASH_IRQHandler                         0x080001cb   Thumb Code     0  startup_n32g45x.o(.text)
    I2C1_ER_IRQHandler                       0x080001cb   Thumb Code     0  startup_n32g45x.o(.text)
    I2C1_EV_IRQHandler                       0x080001cb   Thumb Code     0  startup_n32g45x.o(.text)
    I2C2_ER_IRQHandler                       0x080001cb   Thumb Code     0  startup_n32g45x.o(.text)
    I2C2_EV_IRQHandler                       0x080001cb   Thumb Code     0  startup_n32g45x.o(.text)
    I2C3_ER_IRQHandler                       0x080001cb   Thumb Code     0  startup_n32g45x.o(.text)
    I2C3_EV_IRQHandler                       0x080001cb   Thumb Code     0  startup_n32g45x.o(.text)
    I2C4_ER_IRQHandler                       0x080001cb   Thumb Code     0  startup_n32g45x.o(.text)
    I2C4_EV_IRQHandler                       0x080001cb   Thumb Code     0  startup_n32g45x.o(.text)
    MMU_IRQHandler                           0x080001cb   Thumb Code     0  startup_n32g45x.o(.text)
    PVD_IRQHandler                           0x080001cb   Thumb Code     0  startup_n32g45x.o(.text)
    QSPI_IRQHandler                          0x080001cb   Thumb Code     0  startup_n32g45x.o(.text)
    RCC_IRQHandler                           0x080001cb   Thumb Code     0  startup_n32g45x.o(.text)
    RSRAM_IRQHandler                         0x080001cb   Thumb Code     0  startup_n32g45x.o(.text)
    RTCAlarm_IRQHandler                      0x080001cb   Thumb Code     0  startup_n32g45x.o(.text)
    RTC_WKUP_IRQHandler                      0x080001cb   Thumb Code     0  startup_n32g45x.o(.text)
    SAC_IRQHandler                           0x080001cb   Thumb Code     0  startup_n32g45x.o(.text)
    SDIO_IRQHandler                          0x080001cb   Thumb Code     0  startup_n32g45x.o(.text)
    SPI1_IRQHandler                          0x080001cb   Thumb Code     0  startup_n32g45x.o(.text)
    SPI2_IRQHandler                          0x080001cb   Thumb Code     0  startup_n32g45x.o(.text)
    SPI3_IRQHandler                          0x080001cb   Thumb Code     0  startup_n32g45x.o(.text)
    TAMPER_IRQHandler                        0x080001cb   Thumb Code     0  startup_n32g45x.o(.text)
    TIM1_BRK_IRQHandler                      0x080001cb   Thumb Code     0  startup_n32g45x.o(.text)
    TIM1_CC_IRQHandler                       0x080001cb   Thumb Code     0  startup_n32g45x.o(.text)
    TIM1_TRG_COM_IRQHandler                  0x080001cb   Thumb Code     0  startup_n32g45x.o(.text)
    TIM1_UP_IRQHandler                       0x080001cb   Thumb Code     0  startup_n32g45x.o(.text)
    TIM2_IRQHandler                          0x080001cb   Thumb Code     0  startup_n32g45x.o(.text)
    TIM3_IRQHandler                          0x080001cb   Thumb Code     0  startup_n32g45x.o(.text)
    TIM4_IRQHandler                          0x080001cb   Thumb Code     0  startup_n32g45x.o(.text)
    TIM5_IRQHandler                          0x080001cb   Thumb Code     0  startup_n32g45x.o(.text)
    TIM6_IRQHandler                          0x080001cb   Thumb Code     0  startup_n32g45x.o(.text)
    TIM7_IRQHandler                          0x080001cb   Thumb Code     0  startup_n32g45x.o(.text)
    TIM8_BRK_IRQHandler                      0x080001cb   Thumb Code     0  startup_n32g45x.o(.text)
    TIM8_CC_IRQHandler                       0x080001cb   Thumb Code     0  startup_n32g45x.o(.text)
    TIM8_TRG_COM_IRQHandler                  0x080001cb   Thumb Code     0  startup_n32g45x.o(.text)
    TIM8_UP_IRQHandler                       0x080001cb   Thumb Code     0  startup_n32g45x.o(.text)
    TSC_IRQHandler                           0x080001cb   Thumb Code     0  startup_n32g45x.o(.text)
    UART4_IRQHandler                         0x080001cb   Thumb Code     0  startup_n32g45x.o(.text)
    UART5_IRQHandler                         0x080001cb   Thumb Code     0  startup_n32g45x.o(.text)
    UART6_IRQHandler                         0x080001cb   Thumb Code     0  startup_n32g45x.o(.text)
    UART7_IRQHandler                         0x080001cb   Thumb Code     0  startup_n32g45x.o(.text)
    USART1_IRQHandler                        0x080001cb   Thumb Code     0  startup_n32g45x.o(.text)
    USART2_IRQHandler                        0x080001cb   Thumb Code     0  startup_n32g45x.o(.text)
    USART3_IRQHandler                        0x080001cb   Thumb Code     0  startup_n32g45x.o(.text)
    USB_HP_CAN1_TX_IRQHandler                0x080001cb   Thumb Code     0  startup_n32g45x.o(.text)
    WWDG_IRQHandler                          0x080001cb   Thumb Code     0  startup_n32g45x.o(.text)
    SystemInit                               0x080002f5   Thumb Code   166  system_n32g45x.o(.text)
    SystemCoreClockUpdate                    0x0800039b   Thumb Code   162  system_n32g45x.o(.text)
    NVIC_PriorityGroupConfig                 0x08000481   Thumb Code    56  misc.o(.text)
    NVIC_Init                                0x080004b9   Thumb Code   164  misc.o(.text)
    NVIC_SetVectorTable                      0x0800055d   Thumb Code    64  misc.o(.text)
    NVIC_SystemLPConfig                      0x0800059d   Thumb Code    82  misc.o(.text)
    SysTick_CLKSourceConfig                  0x080005ef   Thumb Code    42  misc.o(.text)
    EXTI_DeInit                              0x08000771   Thumb Code    28  n32g45x_exti.o(.text)
    EXTI_InitPeripheral                      0x0800078d   Thumb Code   244  n32g45x_exti.o(.text)
    EXTI_InitStruct                          0x08000881   Thumb Code    16  n32g45x_exti.o(.text)
    EXTI_TriggerSWInt                        0x08000891   Thumb Code    40  n32g45x_exti.o(.text)
    EXTI_GetStatusFlag                       0x080008b9   Thumb Code   154  n32g45x_exti.o(.text)
    EXTI_ClrStatusFlag                       0x08000953   Thumb Code    32  n32g45x_exti.o(.text)
    EXTI_GetITStatus                         0x08000973   Thumb Code   166  n32g45x_exti.o(.text)
    EXTI_ClrITPendBit                        0x08000a19   Thumb Code    34  n32g45x_exti.o(.text)
    EXTI_RTCTimeStampSel                     0x08000a3b   Thumb Code   106  n32g45x_exti.o(.text)
    GPIO_DeInit                              0x08000bfd   Thumb Code   226  n32g45x_gpio.o(.text)
    GPIO_AFIOInitDefault                     0x08000cdf   Thumb Code    20  n32g45x_gpio.o(.text)
    GPIO_InitPeripheral                      0x08000cf3   Thumb Code   390  n32g45x_gpio.o(.text)
    GPIO_InitStruct                          0x08000e79   Thumb Code    16  n32g45x_gpio.o(.text)
    GPIO_ReadInputDataBit                    0x08000e89   Thumb Code   174  n32g45x_gpio.o(.text)
    GPIO_ReadInputData                       0x08000f37   Thumb Code    66  n32g45x_gpio.o(.text)
    GPIO_ReadOutputDataBit                   0x08000f79   Thumb Code   448  n32g45x_gpio.o(.text)
    GPIO_ReadOutputData                      0x08001139   Thumb Code    70  n32g45x_gpio.o(.text)
    GPIO_SetBits                             0x0800117f   Thumb Code    92  n32g45x_gpio.o(.text)
    GPIO_SetBitsHigh16                       0x080011db   Thumb Code    70  n32g45x_gpio.o(.text)
    GPIO_ResetBits                           0x08001221   Thumb Code    92  n32g45x_gpio.o(.text)
    GPIO_WriteBit                            0x0800127d   Thumb Code   198  n32g45x_gpio.o(.text)
    GPIO_Write                               0x08001343   Thumb Code    70  n32g45x_gpio.o(.text)
    GPIO_ConfigPinLock                       0x08001389   Thumb Code   106  n32g45x_gpio.o(.text)
    GPIO_ConfigEventOutput                   0x080013f3   Thumb Code   142  n32g45x_gpio.o(.text)
    GPIO_CtrlEventOutput                     0x08001481   Thumb Code    32  n32g45x_gpio.o(.text)
    GPIO_ConfigPinRemap                      0x080014a1   Thumb Code  1828  n32g45x_gpio.o(.text)
    GPIO_ConfigEXTILine                      0x08001bc5   Thumb Code   192  n32g45x_gpio.o(.text)
    GPIO_ETH_ConfigMediaInterface            0x08001c85   Thumb Code    50  n32g45x_gpio.o(.text)
    RCC_DeInit                               0x08001d15   Thumb Code    78  n32g45x_rcc.o(.text)
    RCC_ConfigHse                            0x08001d63   Thumb Code   100  n32g45x_rcc.o(.text)
    RCC_GetFlagStatus                        0x08001dc7   Thumb Code   140  n32g45x_rcc.o(.text)
    RCC_WaitHseStable                        0x08001e53   Thumb Code    56  n32g45x_rcc.o(.text)
    RCC_SetHsiCalibValue                     0x08001e8b   Thumb Code    40  n32g45x_rcc.o(.text)
    RCC_EnableHsi                            0x08001eb3   Thumb Code    30  n32g45x_rcc.o(.text)
    RCC_ConfigPll                            0x08001ed1   Thumb Code   254  n32g45x_rcc.o(.text)
    RCC_EnablePll                            0x08001fcf   Thumb Code    30  n32g45x_rcc.o(.text)
    RCC_ConfigSysclk                         0x08001fed   Thumb Code    44  n32g45x_rcc.o(.text)
    RCC_GetSysclkSrc                         0x08002019   Thumb Code    10  n32g45x_rcc.o(.text)
    RCC_ConfigHclk                           0x08002023   Thumb Code    68  n32g45x_rcc.o(.text)
    RCC_ConfigPclk1                          0x08002067   Thumb Code    60  n32g45x_rcc.o(.text)
    RCC_ConfigPclk2                          0x080020a3   Thumb Code    62  n32g45x_rcc.o(.text)
    RCC_ConfigInt                            0x080020e1   Thumb Code   480  n32g45x_rcc.o(.text)
    RCC_ConfigUsbClk                         0x080022c1   Thumb Code    50  n32g45x_rcc.o(.text)
    RCC_ConfigTim18Clk                       0x080022f3   Thumb Code    44  n32g45x_rcc.o(.text)
    RCC_ConfigRngcClk                        0x0800231f   Thumb Code   228  n32g45x_rcc.o(.text)
    RCC_ConfigAdc1mClk                       0x08002403   Thumb Code   260  n32g45x_rcc.o(.text)
    RCC_ConfigAdcPllClk                      0x08002507   Thumb Code   168  n32g45x_rcc.o(.text)
    RCC_ConfigAdcHclk                        0x080025af   Thumb Code    76  n32g45x_rcc.o(.text)
    RCC_ConfigTrng1mClk                      0x080025fb   Thumb Code   520  n32g45x_rcc.o(.text)
    RCC_EnableTrng1mClk                      0x08002803   Thumb Code    58  n32g45x_rcc.o(.text)
    RCC_ConfigLse                            0x0800283d   Thumb Code    80  n32g45x_rcc.o(.text)
    RCC_EnableLsi                            0x0800288d   Thumb Code    34  n32g45x_rcc.o(.text)
    RCC_ConfigRtcClk                         0x080028af   Thumb Code    60  n32g45x_rcc.o(.text)
    RCC_EnableRtcClk                         0x080028eb   Thumb Code    36  n32g45x_rcc.o(.text)
    RCC_GetClocksFreqValue                   0x0800290f   Thumb Code   240  n32g45x_rcc.o(.text)
    RCC_EnableAHBPeriphClk                   0x080029ff   Thumb Code    80  n32g45x_rcc.o(.text)
    RCC_EnableAPB2PeriphClk                  0x08002a4f   Thumb Code    80  n32g45x_rcc.o(.text)
    RCC_EnableAPB1PeriphClk                  0x08002a9f   Thumb Code    80  n32g45x_rcc.o(.text)
    RCC_EnableAHBPeriphReset                 0x08002aef   Thumb Code    80  n32g45x_rcc.o(.text)
    RCC_EnableAPB2PeriphReset                0x08002b3f   Thumb Code    80  n32g45x_rcc.o(.text)
    RCC_EnableAPB1PeriphReset                0x08002b8f   Thumb Code   336  n32g45x_rcc.o(.text)
    RCC_EnableBORReset                       0x08002cdf   Thumb Code    58  n32g45x_rcc.o(.text)
    RCC_EnableBackupReset                    0x08002d19   Thumb Code    34  n32g45x_rcc.o(.text)
    RCC_EnableClockSecuritySystem            0x08002d3b   Thumb Code    34  n32g45x_rcc.o(.text)
    RCC_ConfigMcoPllClk                      0x08002d5d   Thumb Code   120  n32g45x_rcc.o(.text)
    RCC_ConfigMco                            0x08002dd5   Thumb Code    56  n32g45x_rcc.o(.text)
    RCC_ClrFlag                              0x08002e0d   Thumb Code    24  n32g45x_rcc.o(.text)
    RCC_GetIntStatus                         0x08002e25   Thumb Code    64  n32g45x_rcc.o(.text)
    RCC_ClrIntPendingBit                     0x08002e65   Thumb Code    34  n32g45x_rcc.o(.text)
    RCC_GetCurHSITrim                        0x08002e87   Thumb Code    12  n32g45x_rcc.o(.text)
    RCC_ConfigHSITrim                        0x08002ea7   Thumb Code    64  n32g45x_rcc.o(.text)
    USART_DeInit                             0x08002f65   Thumb Code   240  n32g45x_usart.o(.text)
    USART_Init                               0x08003055   Thumb Code   456  n32g45x_usart.o(.text)
    USART_StructInit                         0x0800321d   Thumb Code    24  n32g45x_usart.o(.text)
    USART_ClockInit                          0x08003235   Thumb Code   172  n32g45x_usart.o(.text)
    USART_ClockStructInit                    0x080032e1   Thumb Code    12  n32g45x_usart.o(.text)
    USART_Enable                             0x080032ed   Thumb Code   690  n32g45x_usart.o(.text)
    USART_ConfigInt                          0x0800359f   Thumb Code   280  n32g45x_usart.o(.text)
    USART_EnableDMA                          0x080036b7   Thumb Code   134  n32g45x_usart.o(.text)
    USART_SetAddr                            0x0800373d   Thumb Code   104  n32g45x_usart.o(.text)
    USART_ConfigWakeUpMode                   0x080037a5   Thumb Code   108  n32g45x_usart.o(.text)
    USART_EnableRcvWakeUp                    0x08003811   Thumb Code   112  n32g45x_usart.o(.text)
    USART_ConfigLINBreakDetectLength         0x08003881   Thumb Code   106  n32g45x_usart.o(.text)
    USART_EnableLIN                          0x080038eb   Thumb Code   112  n32g45x_usart.o(.text)
    USART_SendData                           0x0800395b   Thumb Code   350  n32g45x_usart.o(.text)
    USART_ReceiveData                        0x08003ab9   Thumb Code    72  n32g45x_usart.o(.text)
    USART_SendBreak                          0x08003b01   Thumb Code    74  n32g45x_usart.o(.text)
    USART_SetGuardTime                       0x08003b4b   Thumb Code    58  n32g45x_usart.o(.text)
    USART_SetPrescaler                       0x08003b85   Thumb Code    82  n32g45x_usart.o(.text)
    USART_EnableSmartCard                    0x08003bd7   Thumb Code    90  n32g45x_usart.o(.text)
    USART_SetSmartCardNACK                   0x08003c31   Thumb Code    90  n32g45x_usart.o(.text)
    USART_EnableHalfDuplex                   0x08003c8b   Thumb Code   114  n32g45x_usart.o(.text)
    USART_ConfigIrDAMode                     0x08003cfd   Thumb Code   106  n32g45x_usart.o(.text)
    USART_EnableIrDA                         0x08003d67   Thumb Code   114  n32g45x_usart.o(.text)
    USART_GetFlagStatus                      0x08003dd9   Thumb Code   300  n32g45x_usart.o(.text)
    USART_ClrFlag                            0x08003f05   Thumb Code   144  n32g45x_usart.o(.text)
    USART_GetIntStatus                       0x08003f95   Thumb Code   280  n32g45x_usart.o(.text)
    USART_ClrIntPendingBit                   0x080040ad   Thumb Code   180  n32g45x_usart.o(.text)
    QSPI_Cmd                                 0x080041d5   Thumb Code    36  n32g45x_qspi.o(.text)
    QSPI_XIP_Cmd                             0x080041f9   Thumb Code    26  n32g45x_qspi.o(.text)
    QSPI_DeInit                              0x08004213   Thumb Code    22  n32g45x_qspi.o(.text)
    QspiInitConfig                           0x08004229   Thumb Code  3512  n32g45x_qspi.o(.text)
    QSPI_GPIO                                0x08005001   Thumb Code   482  n32g45x_qspi.o(.text)
    QSPI_Tx_DMA_CTRL_Config                  0x080051e3   Thumb Code    80  n32g45x_qspi.o(.text)
    QSPI_Rx_DMA_CTRL_Config                  0x08005233   Thumb Code    80  n32g45x_qspi.o(.text)
    QSPI_GetITStatus                         0x08005283   Thumb Code    22  n32g45x_qspi.o(.text)
    QSPI_ClearITFLAG                         0x08005299   Thumb Code    50  n32g45x_qspi.o(.text)
    QSPI_XIP_ClearITFLAG                     0x080052cb   Thumb Code    12  n32g45x_qspi.o(.text)
    GetQspiBusyStatus                        0x080052d7   Thumb Code    18  n32g45x_qspi.o(.text)
    GetQspiTxDataBusyStatus                  0x080052e9   Thumb Code   148  n32g45x_qspi.o(.text)
    GetQspiTxDataEmptyStatus                 0x0800537d   Thumb Code    20  n32g45x_qspi.o(.text)
    GetQspiRxHaveDataStatus                  0x08005391   Thumb Code    20  n32g45x_qspi.o(.text)
    GetQspiRxDataFullStatus                  0x080053a5   Thumb Code    20  n32g45x_qspi.o(.text)
    GetQspiDataConflictErrorStatus           0x080053b9   Thumb Code    20  n32g45x_qspi.o(.text)
    QspiSendWord                             0x080053cd   Thumb Code     6  n32g45x_qspi.o(.text)
    QspiReadWord                             0x080053d3   Thumb Code     6  n32g45x_qspi.o(.text)
    QspiGetDataPointer                       0x080053d9   Thumb Code     6  n32g45x_qspi.o(.text)
    QspiReadRxFifoNum                        0x080053df   Thumb Code     6  n32g45x_qspi.o(.text)
    ClrFifo                                  0x080053e5   Thumb Code    32  n32g45x_qspi.o(.text)
    GetFifoData                              0x08005405   Thumb Code    36  n32g45x_qspi.o(.text)
    QspiSendAndGetWords                      0x08005429   Thumb Code    88  n32g45x_qspi.o(.text)
    QspiSendWordAndGetWords                  0x08005481   Thumb Code    58  n32g45x_qspi.o(.text)
    DFU_enter                                0x080054c1   Thumb Code    68  main.o(.text)
    FatFs_Test                               0x08005505   Thumb Code   338  main.o(.text)
    GPIO_Configuration                       0x08005657   Thumb Code    54  main.o(.text)
    usart_init                               0x0800568d   Thumb Code    76  main.o(.text)
    main                                     0x080056d9   Thumb Code    16  main.o(.text)
    assert_failed                            0x080056e9   Thumb Code     4  main.o(.text)
    fputc                                    0x080056ed   Thumb Code    32  main.o(.text)
    NMI_Handler                              0x080058f9   Thumb Code     2  n32g45x_it.o(.text)
    HardFault_Handler                        0x080058fb   Thumb Code     4  n32g45x_it.o(.text)
    MemManage_Handler                        0x080058ff   Thumb Code     4  n32g45x_it.o(.text)
    BusFault_Handler                         0x08005903   Thumb Code     4  n32g45x_it.o(.text)
    UsageFault_Handler                       0x08005907   Thumb Code     4  n32g45x_it.o(.text)
    SVC_Handler                              0x0800590b   Thumb Code     2  n32g45x_it.o(.text)
    DebugMon_Handler                         0x0800590d   Thumb Code     2  n32g45x_it.o(.text)
    SysTick_Handler                          0x0800590f   Thumb Code     2  n32g45x_it.o(.text)
    DMA_IRQ_HANDLER                          0x08005911   Thumb Code     2  n32g45x_it.o(.text)
    USB_LP_CAN1_RX0_IRQHandler               0x08005913   Thumb Code     8  n32g45x_it.o(.text)
    USBWakeUp_IRQHandler                     0x0800591b   Thumb Code    12  n32g45x_it.o(.text)
    Set_System                               0x08005929   Thumb Code    42  hw_config.o(.text)
    Set_USBClock                             0x08005953   Thumb Code    18  hw_config.o(.text)
    Enter_LowPowerMode                       0x08005965   Thumb Code     8  hw_config.o(.text)
    Leave_LowPowerMode                       0x0800596d   Thumb Code    22  hw_config.o(.text)
    USB_Interrupts_Config                    0x08005983   Thumb Code    66  hw_config.o(.text)
    USB_Cable_Config                         0x080059c5   Thumb Code    30  hw_config.o(.text)
    MAL_Config                               0x080059e3   Thumb Code    10  hw_config.o(.text)
    EP1_IN_Callback                          0x080059f9   Thumb Code     8  usb_endp.o(.text)
    EP2_OUT_Callback                         0x08005a01   Thumb Code     8  usb_endp.o(.text)
    USB_Istr                                 0x08005a09   Thumb Code   168  usb_istr.o(.text)
    MASS_init                                0x08005ac9   Thumb Code    46  usb_prop.o(.text)
    MASS_Reset                               0x08005af7   Thumb Code   186  usb_prop.o(.text)
    Mass_Storage_SetConfiguration            0x08005bb1   Thumb Code    36  usb_prop.o(.text)
    Mass_Storage_ClearFeature                0x08005bd5   Thumb Code    20  usb_prop.o(.text)
    Mass_Storage_SetDeviceAddress            0x08005be9   Thumb Code     8  usb_prop.o(.text)
    MASS_Status_In                           0x08005bf1   Thumb Code     2  usb_prop.o(.text)
    MASS_Status_Out                          0x08005bf3   Thumb Code     2  usb_prop.o(.text)
    Get_Max_Lun                              0x08005bf5   Thumb Code    20  usb_prop.o(.text)
    MASS_Data_Setup                          0x08005c09   Thumb Code    88  usb_prop.o(.text)
    MASS_NoData_Setup                        0x08005c61   Thumb Code    76  usb_prop.o(.text)
    MASS_Get_Interface_Setting               0x08005cad   Thumb Code    22  usb_prop.o(.text)
    MASS_GetDeviceDescriptor                 0x08005cc3   Thumb Code    14  usb_prop.o(.text)
    MASS_GetConfigDescriptor                 0x08005cd1   Thumb Code    14  usb_prop.o(.text)
    MASS_GetStringDescriptor                 0x08005cdf   Thumb Code    32  usb_prop.o(.text)
    PowerOn                                  0x08005d39   Thumb Code    46  usb_pwr.o(.text)
    PowerOff                                 0x08005d67   Thumb Code    22  usb_pwr.o(.text)
    Suspend                                  0x08005d7d   Thumb Code   134  usb_pwr.o(.text)
    Resume_Init                              0x08005e03   Thumb Code    24  usb_pwr.o(.text)
    Resume                                   0x08005e1b   Thumb Code   194  usb_pwr.o(.text)
    Set_CSW                                  0x08005ef5   Thumb Code    46  usb_bot.o(.text)
    Mass_Storage_In                          0x08005f23   Thumb Code   122  usb_bot.o(.text)
    Bot_Abort                                0x08005f9d   Thumb Code    64  usb_bot.o(.text)
    CBW_Decode                               0x08005fdd   Thumb Code   676  usb_bot.o(.text)
    Mass_Storage_Out                         0x08006281   Thumb Code   160  usb_bot.o(.text)
    Transfer_Data_Request                    0x08006321   Thumb Code    46  usb_bot.o(.text)
    SCSI_Inquiry_Cmd                         0x0800635d   Thumb Code    54  usb_scsi.o(.text)
    Set_Scsi_Sense_Data                      0x08006393   Thumb Code     8  usb_scsi.o(.text)
    SCSI_ReadFormatCapacity_Cmd              0x0800639b   Thumb Code   120  usb_scsi.o(.text)
    SCSI_ReadCapacity10_Cmd                  0x08006413   Thumb Code   138  usb_scsi.o(.text)
    SCSI_ModeSense6_Cmd                      0x0800649d   Thumb Code    14  usb_scsi.o(.text)
    SCSI_ModeSense10_Cmd                     0x080064ab   Thumb Code    14  usb_scsi.o(.text)
    SCSI_RequestSense_Cmd                    0x080064b9   Thumb Code    30  usb_scsi.o(.text)
    SCSI_Start_Stop_Unit_Cmd                 0x080064d7   Thumb Code    14  usb_scsi.o(.text)
    SCSI_Address_Management                  0x080064e5   Thumb Code   126  usb_scsi.o(.text)
    SCSI_Read10_Cmd                          0x08006563   Thumb Code   110  usb_scsi.o(.text)
    SCSI_Write10_Cmd                         0x080065d1   Thumb Code   110  usb_scsi.o(.text)
    SCSI_Verify10_Cmd                        0x0800663f   Thumb Code    58  usb_scsi.o(.text)
    SCSI_Valid_Cmd                           0x08006679   Thumb Code    48  usb_scsi.o(.text)
    SCSI_TestUnitReady_Cmd                   0x080066a9   Thumb Code    52  usb_scsi.o(.text)
    SCSI_Format_Cmd                          0x080066dd   Thumb Code    44  usb_scsi.o(.text)
    SCSI_Invalid_Cmd                         0x08006709   Thumb Code   112  usb_scsi.o(.text)
    MAL_Init                                 0x08006779   Thumb Code    26  mass_mal.o(.text)
    MAL_Write                                0x08006793   Thumb Code    62  mass_mal.o(.text)
    MAL_Read                                 0x080067d1   Thumb Code    48  mass_mal.o(.text)
    MAL_GetStatus                            0x08006801   Thumb Code    40  mass_mal.o(.text)
    Read_Memory                              0x0800683d   Thumb Code   224  memory.o(.text)
    Write_Memory                             0x0800691d   Thumb Code   252  memory.o(.text)
    Qspi_Init                                0x08006a55   Thumb Code   520  w25q64.o(.text)
    W25Q64_ReadID                            0x08006cab   Thumb Code    64  w25q64.o(.text)
    W25Q64_Init                              0x08006d39   Thumb Code   124  w25q64.o(.text)
    QspiFlashChipErase                       0x08006df5   Thumb Code    30  w25q64.o(.text)
    QspiFlashErase                           0x08006e13   Thumb Code    68  w25q64.o(.text)
    QspiFlashRead                            0x08006e57   Thumb Code    82  w25q64.o(.text)
    W25Q64_PageWrite                         0x08006ea9   Thumb Code   184  w25q64.o(.text)
    W25Q64_BufferWrite                       0x08006f61   Thumb Code   248  w25q64.o(.text)
    Standard_GetConfiguration                0x0800705d   Thumb Code    34  usb_core.o(.text)
    Standard_SetConfiguration                0x0800707f   Thumb Code    60  usb_core.o(.text)
    Standard_GetInterface                    0x080070bb   Thumb Code    34  usb_core.o(.text)
    Standard_SetInterface                    0x080070dd   Thumb Code    96  usb_core.o(.text)
    Standard_GetStatus                       0x0800713d   Thumb Code   238  usb_core.o(.text)
    Standard_ClearFeature                    0x0800722b   Thumb Code   342  usb_core.o(.text)
    Standard_SetEndPointFeature              0x08007381   Thumb Code   220  usb_core.o(.text)
    Standard_SetDeviceFeature                0x0800745d   Thumb Code    30  usb_core.o(.text)
    Standard_GetDescriptorData               0x0800747b   Thumb Code    32  usb_core.o(.text)
    USB_ProcessPost0                         0x080079af   Thumb Code    54  usb_core.o(.text)
    USB_ProcessSetup0                        0x080079e5   Thumb Code   170  usb_core.o(.text)
    USB_SetDeviceAddress                     0x08007a8f   Thumb Code    70  usb_core.o(.text)
    USB_ProcessIn0                           0x08007ad5   Thumb Code    98  usb_core.o(.text)
    USB_ProcessOut0                          0x08007b37   Thumb Code    70  usb_core.o(.text)
    USB_ProcessNop                           0x08007b7d   Thumb Code     2  usb_core.o(.text)
    USB_Init                                 0x08007bad   Thumb Code    48  usb_init.o(.text)
    USB_CorrectTransferLp                    0x08007bf9   Thumb Code   616  usb_int.o(.text)
    USB_CorrectTransferHp                    0x08007e61   Thumb Code   178  usb_int.o(.text)
    USB_CopyUserToPMABuf                     0x08007f35   Thumb Code    60  usb_mem.o(.text)
    USB_CopyPMAToUserBuf                     0x08007f71   Thumb Code    38  usb_mem.o(.text)
    USB_SetCtrl                              0x08007fa5   Thumb Code     6  usb_regs.o(.text)
    USB_GetCtrl                              0x08007fab   Thumb Code     8  usb_regs.o(.text)
    USB_SetSts                               0x08007fb3   Thumb Code     8  usb_regs.o(.text)
    USB_GetSts                               0x08007fbb   Thumb Code    10  usb_regs.o(.text)
    USB_GetFn                                0x08007fc5   Thumb Code    10  usb_regs.o(.text)
    USB_SetAddr                              0x08007fcf   Thumb Code     8  usb_regs.o(.text)
    USB_GetAddr                              0x08007fd7   Thumb Code    10  usb_regs.o(.text)
    USB_SetBuftab                            0x08007fe1   Thumb Code    14  usb_regs.o(.text)
    USB_GetBTABLE                            0x08007fef   Thumb Code    10  usb_regs.o(.text)
    USB_SetEndPoint                          0x08007ff9   Thumb Code    12  usb_regs.o(.text)
    USB_GetEndPoint                          0x08008005   Thumb Code    16  usb_regs.o(.text)
    USB_SetEpType                            0x08008015   Thumb Code    32  usb_regs.o(.text)
    USB_GetEpType                            0x08008035   Thumb Code    18  usb_regs.o(.text)
    SetEPTxStatus                            0x08008047   Thumb Code    60  usb_regs.o(.text)
    SetEPRxStatus                            0x08008083   Thumb Code    60  usb_regs.o(.text)
    USB_SetDouBleBuferEpStall                0x080080bf   Thumb Code    54  usb_regs.o(.text)
    USB_GetEpTxSts                           0x080080f5   Thumb Code    18  usb_regs.o(.text)
    USB_GetEpRxSts                           0x08008107   Thumb Code    18  usb_regs.o(.text)
    USB_SetEpTxValid                         0x08008119   Thumb Code    48  usb_regs.o(.text)
    USB_SetEpRxValid                         0x08008149   Thumb Code    48  usb_regs.o(.text)
    USB_SetEpKind                            0x08008179   Thumb Code    38  usb_regs.o(.text)
    USB_ClrEpKind                            0x0800819f   Thumb Code    34  usb_regs.o(.text)
    USB_ClrStsOut                            0x080081c1   Thumb Code    34  usb_regs.o(.text)
    USB_SetStsOut                            0x080081e3   Thumb Code    38  usb_regs.o(.text)
    USB_SetEpDoubleBufer                     0x08008209   Thumb Code    38  usb_regs.o(.text)
    USB_ClrEpDoubleBufer                     0x0800822f   Thumb Code    34  usb_regs.o(.text)
    USB_GetTxStallSts                        0x08008251   Thumb Code    28  usb_regs.o(.text)
    USB_GetRxStallSts                        0x0800826d   Thumb Code    30  usb_regs.o(.text)
    USB_ClrEpCtrsRx                          0x0800828b   Thumb Code    32  usb_regs.o(.text)
    USB_ClrEpCtrsTx                          0x080082ab   Thumb Code    28  usb_regs.o(.text)
    USB_DattogRx                             0x080082c7   Thumb Code    34  usb_regs.o(.text)
    USB_DattogTx                             0x080082e9   Thumb Code    34  usb_regs.o(.text)
    USB_ClrDattogRx                          0x0800830b   Thumb Code    48  usb_regs.o(.text)
    USB_ClrDattogTx                          0x0800833b   Thumb Code    48  usb_regs.o(.text)
    USB_SetEpAddress                         0x0800836b   Thumb Code    46  usb_regs.o(.text)
    USB_GetEpAddress                         0x08008399   Thumb Code    18  usb_regs.o(.text)
    USB_SetEpTxAddr                          0x080083ab   Thumb Code    24  usb_regs.o(.text)
    USB_SetEpRxAddr                          0x080083c3   Thumb Code    26  usb_regs.o(.text)
    USB_GetEpTxAddr                          0x080083dd   Thumb Code    22  usb_regs.o(.text)
    USB_GetEpRxAddr                          0x080083f3   Thumb Code    24  usb_regs.o(.text)
    USB_SetEpTxCnt                           0x0800840b   Thumb Code    20  usb_regs.o(.text)
    USB_SetEpCntRxReg                        0x0800841f   Thumb Code    48  usb_regs.o(.text)
    USB_SetEpRxCnt                           0x0800844f   Thumb Code    68  usb_regs.o(.text)
    USB_GetEpTxCnt                           0x08008493   Thumb Code    26  usb_regs.o(.text)
    USB_GetEpRxCnt                           0x080084ad   Thumb Code    26  usb_regs.o(.text)
    USB_SetEpDblBuferAddr                    0x080084c7   Thumb Code    44  usb_regs.o(.text)
    USB_SetEpDblBuf0Addr                     0x080084f3   Thumb Code    24  usb_regs.o(.text)
    USB_SetEpDblBuf1Addr                     0x0800850b   Thumb Code    26  usb_regs.o(.text)
    USB_GetEpDblBuf0Addr                     0x08008525   Thumb Code    22  usb_regs.o(.text)
    USB_GetEpDblBuf1Addr                     0x0800853b   Thumb Code    24  usb_regs.o(.text)
    USB_SetEpDblBuferCnt                     0x08008553   Thumb Code   186  usb_regs.o(.text)
    USB_SetEpDblBuf0Cnt                      0x0800860d   Thumb Code    96  usb_regs.o(.text)
    USB_SetEpDblBuf1Cnt                      0x0800866d   Thumb Code    96  usb_regs.o(.text)
    USB_GetEpDblBuf0Cnt                      0x080086cd   Thumb Code    26  usb_regs.o(.text)
    USB_GetEpDblBuf1Cnt                      0x080086e7   Thumb Code    26  usb_regs.o(.text)
    GetEPDblBufDir                           0x08008701   Thumb Code    62  usb_regs.o(.text)
    USB_FreeUserBuf                          0x0800873f   Thumb Code    90  usb_regs.o(.text)
    USB_ToWord                               0x08008799   Thumb Code     8  usb_regs.o(.text)
    USB_ByteSwap                             0x080087a1   Thumb Code    12  usb_regs.o(.text)
    USB_SilInit                              0x080087ad   Thumb Code    28  usb_sil.o(.text)
    USB_SilWrite                             0x080087c9   Thumb Code    46  usb_sil.o(.text)
    USB_SilRead                              0x080087f7   Thumb Code    46  usb_sil.o(.text)
    disk_status                              0x0800882d   Thumb Code    36  diskio.o(.text)
    disk_initialize                          0x08008851   Thumb Code    32  diskio.o(.text)
    disk_read                                0x08008871   Thumb Code    58  diskio.o(.text)
    disk_write                               0x080088ab   Thumb Code    66  diskio.o(.text)
    disk_ioctl                               0x080088ed   Thumb Code    58  diskio.o(.text)
    get_fattime                              0x08008927   Thumb Code     4  diskio.o(.text)
    f_mount                                  0x0800a19d   Thumb Code    80  ff.o(.text)
    f_open                                   0x0800a1ed   Thumb Code   544  ff.o(.text)
    f_read                                   0x0800a40d   Thumb Code   462  ff.o(.text)
    f_write                                  0x0800a5db   Thumb Code   532  ff.o(.text)
    f_sync                                   0x0800a7ef   Thumb Code   160  ff.o(.text)
    f_close                                  0x0800a88f   Thumb Code    34  ff.o(.text)
    f_lseek                                  0x0800a8b1   Thumb Code   416  ff.o(.text)
    f_opendir                                0x0800aa51   Thumb Code   120  ff.o(.text)
    f_closedir                               0x0800aac9   Thumb Code    24  ff.o(.text)
    f_readdir                                0x0800aae1   Thumb Code    92  ff.o(.text)
    f_stat                                   0x0800ab3d   Thumb Code    72  ff.o(.text)
    f_getfree                                0x0800ab85   Thumb Code   260  ff.o(.text)
    f_truncate                               0x0800ac89   Thumb Code   178  ff.o(.text)
    f_unlink                                 0x0800ad3b   Thumb Code   180  ff.o(.text)
    f_mkdir                                  0x0800adef   Thumb Code   270  ff.o(.text)
    f_rename                                 0x0800aefd   Thumb Code   296  ff.o(.text)
    f_mkfs                                   0x0800b17f   Thumb Code  1724  ff.o(.text)
    ff_uni2oem                               0x0800b871   Thumb Code    58  ffunicode.o(.text)
    ff_oem2uni                               0x0800b8ab   Thumb Code    38  ffunicode.o(.text)
    ff_wtoupper                              0x0800b8d1   Thumb Code   166  ffunicode.o(.text)
    __aeabi_memcpy                           0x0800b985   Thumb Code    36  memcpya.o(.text)
    __aeabi_memcpy4                          0x0800b985   Thumb Code     0  memcpya.o(.text)
    __aeabi_memcpy8                          0x0800b985   Thumb Code     0  memcpya.o(.text)
    __aeabi_memset                           0x0800b9a9   Thumb Code    14  memseta.o(.text)
    __aeabi_memset4                          0x0800b9a9   Thumb Code     0  memseta.o(.text)
    __aeabi_memset8                          0x0800b9a9   Thumb Code     0  memseta.o(.text)
    __aeabi_memclr                           0x0800b9b7   Thumb Code     4  memseta.o(.text)
    __aeabi_memclr4                          0x0800b9b7   Thumb Code     0  memseta.o(.text)
    __aeabi_memclr8                          0x0800b9b7   Thumb Code     0  memseta.o(.text)
    _memset$wrapper                          0x0800b9bb   Thumb Code    18  memseta.o(.text)
    strchr                                   0x0800b9cd   Thumb Code    20  strchr.o(.text)
    memcmp                                   0x0800b9e1   Thumb Code    26  memcmp.o(.text)
    __aeabi_uldivmod                         0x0800b9fb   Thumb Code    98  uldiv.o(.text)
    __scatterload                            0x0800ba5d   Thumb Code    28  init.o(.text)
    __scatterload_rt2                        0x0800ba5d   Thumb Code     0  init.o(.text)
    __aeabi_llsl                             0x0800ba81   Thumb Code    30  llshl.o(.text)
    _ll_shift_l                              0x0800ba81   Thumb Code     0  llshl.o(.text)
    __aeabi_llsr                             0x0800ba9f   Thumb Code    32  llushr.o(.text)
    _ll_ushift_r                             0x0800ba9f   Thumb Code     0  llushr.o(.text)
    __decompress                             0x0800babf   Thumb Code     0  __dczerorl2.o(.text)
    __decompress1                            0x0800babf   Thumb Code    86  __dczerorl2.o(.text)
    __0printf$8                              0x0800bb15   Thumb Code    22  printf8.o(i.__0printf$8)
    __1printf$8                              0x0800bb15   Thumb Code     0  printf8.o(i.__0printf$8)
    __2printf                                0x0800bb15   Thumb Code     0  printf8.o(i.__0printf$8)
    __scatterload_copy                       0x0800bb35   Thumb Code    14  handlers.o(i.__scatterload_copy)
    __scatterload_null                       0x0800bb43   Thumb Code     2  handlers.o(i.__scatterload_null)
    __scatterload_zeroinit                   0x0800bb45   Thumb Code    14  handlers.o(i.__scatterload_zeroinit)
    AHBPrescTable                            0x0800bfaa   Data          16  system_n32g45x.o(.constdata)
    MASS_DeviceDescriptor                    0x0800c00c   Data          18  usb_desc.o(.constdata)
    MASS_ConfigDescriptor                    0x0800c01e   Data          32  usb_desc.o(.constdata)
    MASS_StringLangID                        0x0800c03e   Data           4  usb_desc.o(.constdata)
    MASS_StringVendor                        0x0800c042   Data          38  usb_desc.o(.constdata)
    MASS_StringProduct                       0x0800c068   Data          38  usb_desc.o(.constdata)
    MASS_StringInterface                     0x0800c08e   Data          26  usb_desc.o(.constdata)
    Region$$Table$$Base                      0x0800c750   Number         0  anon$$obj.o(Region$$Table)
    Region$$Table$$Limit                     0x0800c770   Number         0  anon$$obj.o(Region$$Table)
    SystemCoreClock                          0x20000000   Data           4  system_n32g45x.o(.data)
    res_flash                                0x20000004   Data           1  main.o(.data)
    fnum                                     0x20000008   Data           4  main.o(.data)
    WriteBuffer                              0x2000000c   Data          31  main.o(.data)
    MASS_StringSerial                        0x2000002b   Data          26  usb_desc.o(.data)
    wIstr                                    0x20000048   Data           2  usb_istr.o(.data)
    bIntPackSOF                              0x2000004a   Data           1  usb_istr.o(.data)
    esof_counter                             0x2000004c   Data           4  usb_istr.o(.data)
    wCNTR                                    0x20000050   Data           4  usb_istr.o(.data)
    pEpInt_IN                                0x20000054   Data          28  usb_istr.o(.data)
    pEpInt_OUT                               0x20000070   Data          28  usb_istr.o(.data)
    Device_Table                             0x2000008c   Data           2  usb_prop.o(.data)
    Device_Property                          0x20000090   Data          48  usb_prop.o(.data)
    User_Standard_Requests                   0x200000c0   Data          36  usb_prop.o(.data)
    Device_Descriptor                        0x200000e4   Data           8  usb_prop.o(.data)
    Config_Descriptor                        0x200000ec   Data           8  usb_prop.o(.data)
    String_Descriptor                        0x200000f4   Data          40  usb_prop.o(.data)
    bDeviceState                             0x2000011c   Data           4  usb_pwr.o(.data)
    fSuspendEnabled                          0x20000120   Data           1  usb_pwr.o(.data)
    ResumeS                                  0x20000121   Data           2  usb_pwr.o(.data)
    remotewakeupon                           0x20000124   Data           4  usb_pwr.o(.data)
    Bot_State                                0x20000128   Data           1  usb_bot.o(.data)
    Data_Len                                 0x2000012a   Data           2  usb_bot.o(.data)
    SCSI_LBA                                 0x2000012c   Data           4  usb_bot.o(.data)
    SCSI_BlkLen                              0x20000130   Data           4  usb_bot.o(.data)
    Mass_Memory_Size                         0x20000134   Data           8  mass_mal.o(.data)
    Mass_Block_Size                          0x2000013c   Data           8  mass_mal.o(.data)
    Mass_Block_Count                         0x20000144   Data           8  mass_mal.o(.data)
    READADDR                                 0x2000014c   Data           4  mass_mal.o(.data)
    WADDR                                    0x20000150   Data           4  mass_mal.o(.data)
    Max_Lun                                  0x20000154   Data           4  mass_mal.o(.data)
    Page00_Inquiry_Data                      0x20000158   Data           5  scsi_data.o(.data)
    Standard_Inquiry_Data                    0x2000015d   Data          36  scsi_data.o(.data)
    Standard_Inquiry_Data2                   0x20000181   Data          36  scsi_data.o(.data)
    Mode_Sense6_data                         0x200001a5   Data           4  scsi_data.o(.data)
    Mode_Sense10_data                        0x200001a9   Data           8  scsi_data.o(.data)
    Scsi_Sense_Data                          0x200001b1   Data          18  scsi_data.o(.data)
    ReadCapacity10_Data                      0x200001c3   Data           8  scsi_data.o(.data)
    ReadFormatCapacity_Data                  0x200001cb   Data          12  scsi_data.o(.data)
    Block_Read_count                         0x200001d8   Data           4  memory.o(.data)
    Block_offset                             0x200001dc   Data           4  memory.o(.data)
    Counter                                  0x200001e0   Data           4  memory.o(.data)
    Idx                                      0x200001e4   Data           4  memory.o(.data)
    TransferState                            0x200001e8   Data           1  memory.o(.data)
    StatusInfo                               0x200001fc   Data           2  usb_core.o(.data)
    Data_Mul_MaxPacketSize                   0x200001fe   Data           1  usb_core.o(.data)
    EPindex                                  0x20000200   Data           1  usb_init.o(.data)
    pInformation                             0x20000204   Data           4  usb_init.o(.data)
    pProperty                                0x20000208   Data           4  usb_init.o(.data)
    SaveState                                0x2000020c   Data           2  usb_init.o(.data)
    wInterrupt_Mask                          0x2000020e   Data           2  usb_init.o(.data)
    pUser_Standard_Requests                  0x20000210   Data           4  usb_init.o(.data)
    SaveRState                               0x20000214   Data           2  usb_int.o(.data)
    SaveTState                               0x20000216   Data           2  usb_int.o(.data)
    EpOutDataPtrTmp                          0x20000218   Data           4  usb_mem.o(.data)
    EpInDataPtrTmp                           0x2000021c   Data           4  usb_mem.o(.data)
    __stdout                                 0x20000228   Data           4  stdout.o(.data)
    fs                                       0x2000022c   Data        4152  main.o(.bss)
    fnew                                     0x20001264   Data        4136  main.o(.bss)
    ReadBuffer                               0x2000228c   Data        4096  main.o(.bss)
    EP                                       0x2000328c   Data          32  usb_pwr.o(.bss)
    Bulk_Data_Buff                           0x200032ac   Data          64  usb_bot.o(.bss)
    CBW                                      0x200032ec   Data          32  usb_bot.o(.bss)
    CSW                                      0x2000330c   Data          16  usb_bot.o(.bss)
    Data_Buffer                              0x2000331c   Data        2048  memory.o(.bss)
    Device_Info                              0x20003b1c   Data          28  usb_init.o(.bss)
    __initial_sp                             0x20008038   Data           0  startup_n32g45x.o(STACK)



==============================================================================

Memory Map of the image

  Image Entry point : 0x08000199

  Load Region LR_IROM1 (Base: 0x08000000, Size: 0x0000c99c, Max: 0x00080000, ABSOLUTE, COMPRESSED[0x0000c848])

    Execution Region ER_IROM1 (Exec base: 0x08000000, Load base: 0x08000000, Size: 0x0000c770, Max: 0x00080000, ABSOLUTE)

    Exec Addr    Load Addr    Size         Type   Attr      Idx    E Section Name        Object

    0x08000000   0x08000000   0x00000198   Data   RO            3    RESET               startup_n32g45x.o
    0x08000198   0x08000198   0x00000000   Code   RO         1107  * .ARM.Collect$$$$00000000  mc_w.l(entry.o)
    0x08000198   0x08000198   0x00000004   Code   RO         1381    .ARM.Collect$$$$00000001  mc_w.l(entry2.o)
    0x0800019c   0x0800019c   0x00000004   Code   RO         1384    .ARM.Collect$$$$00000004  mc_w.l(entry5.o)
    0x080001a0   0x080001a0   0x00000000   Code   RO         1386    .ARM.Collect$$$$00000008  mc_w.l(entry7b.o)
    0x080001a0   0x080001a0   0x00000000   Code   RO         1388    .ARM.Collect$$$$0000000A  mc_w.l(entry8b.o)
    0x080001a0   0x080001a0   0x00000008   Code   RO         1389    .ARM.Collect$$$$0000000B  mc_w.l(entry9a.o)
    0x080001a8   0x080001a8   0x00000004   Code   RO         1396    .ARM.Collect$$$$0000000E  mc_w.l(entry12b.o)
    0x080001ac   0x080001ac   0x00000000   Code   RO         1391    .ARM.Collect$$$$0000000F  mc_w.l(entry10a.o)
    0x080001ac   0x080001ac   0x00000000   Code   RO         1393    .ARM.Collect$$$$00000011  mc_w.l(entry11a.o)
    0x080001ac   0x080001ac   0x00000004   Code   RO         1382    .ARM.Collect$$$$00002712  mc_w.l(entry2.o)
    0x080001b0   0x080001b0   0x00000024   Code   RO            4    .text               startup_n32g45x.o
    0x080001d4   0x080001d4   0x000002ac   Code   RO           13    .text               system_n32g45x.o
    0x08000480   0x08000480   0x000002f0   Code   RO          154    .text               misc.o
    0x08000770   0x08000770   0x0000048c   Code   RO          207    .text               n32g45x_exti.o
    0x08000bfc   0x08000bfc   0x00001118   Code   RO          255    .text               n32g45x_gpio.o
    0x08001d14   0x08001d14   0x00001250   Code   RO          279    .text               n32g45x_rcc.o
    0x08002f64   0x08002f64   0x00001270   Code   RO          305    .text               n32g45x_usart.o
    0x080041d4   0x080041d4   0x000012ec   Code   RO          354    .text               n32g45x_qspi.o
    0x080054c0   0x080054c0   0x00000438   Code   RO          379    .text               main.o
    0x080058f8   0x080058f8   0x0000002e   Code   RO          468    .text               n32g45x_it.o
    0x08005926   0x08005926   0x00000002   PAD
    0x08005928   0x08005928   0x000000d0   Code   RO          502    .text               hw_config.o
    0x080059f8   0x080059f8   0x00000010   Code   RO          558    .text               usb_endp.o
    0x08005a08   0x08005a08   0x000000c0   Code   RO          585    .text               usb_istr.o
    0x08005ac8   0x08005ac8   0x00000270   Code   RO          618    .text               usb_prop.o
    0x08005d38   0x08005d38   0x000001bc   Code   RO          657    .text               usb_pwr.o
    0x08005ef4   0x08005ef4   0x00000468   Code   RO          688    .text               usb_bot.o
    0x0800635c   0x0800635c   0x0000041c   Code   RO          721    .text               usb_scsi.o
    0x08006778   0x08006778   0x000000c4   Code   RO          746    .text               mass_mal.o
    0x0800683c   0x0800683c   0x00000218   Code   RO          797    .text               memory.o
    0x08006a54   0x08006a54   0x00000608   Code   RO          826    .text               w25q64.o
    0x0800705c   0x0800705c   0x00000b50   Code   RO          869    .text               usb_core.o
    0x08007bac   0x08007bac   0x0000004c   Code   RO          896    .text               usb_init.o
    0x08007bf8   0x08007bf8   0x0000033c   Code   RO          931    .text               usb_int.o
    0x08007f34   0x08007f34   0x00000070   Code   RO          967    .text               usb_mem.o
    0x08007fa4   0x08007fa4   0x00000808   Code   RO          994    .text               usb_regs.o
    0x080087ac   0x080087ac   0x00000080   Code   RO         1018    .text               usb_sil.o
    0x0800882c   0x0800882c   0x00000104   Code   RO         1042    .text               diskio.o
    0x08008930   0x08008930   0x00002f40   Code   RO         1069    .text               ff.o
    0x0800b870   0x0800b870   0x00000114   Code   RO         1093    .text               ffunicode.o
    0x0800b984   0x0800b984   0x00000024   Code   RO         1110    .text               mc_w.l(memcpya.o)
    0x0800b9a8   0x0800b9a8   0x00000024   Code   RO         1112    .text               mc_w.l(memseta.o)
    0x0800b9cc   0x0800b9cc   0x00000014   Code   RO         1114    .text               mc_w.l(strchr.o)
    0x0800b9e0   0x0800b9e0   0x0000001a   Code   RO         1116    .text               mc_w.l(memcmp.o)
    0x0800b9fa   0x0800b9fa   0x00000062   Code   RO         1400    .text               mc_w.l(uldiv.o)
    0x0800ba5c   0x0800ba5c   0x00000024   Code   RO         1413    .text               mc_w.l(init.o)
    0x0800ba80   0x0800ba80   0x0000001e   Code   RO         1415    .text               mc_w.l(llshl.o)
    0x0800ba9e   0x0800ba9e   0x00000020   Code   RO         1417    .text               mc_w.l(llushr.o)
    0x0800babe   0x0800babe   0x00000056   Code   RO         1431    .text               mc_w.l(__dczerorl2.o)
    0x0800bb14   0x0800bb14   0x00000020   Code   RO         1327    i.__0printf$8       mc_w.l(printf8.o)
    0x0800bb34   0x0800bb34   0x0000000e   Code   RO         1425    i.__scatterload_copy  mc_w.l(handlers.o)
    0x0800bb42   0x0800bb42   0x00000002   Code   RO         1426    i.__scatterload_null  mc_w.l(handlers.o)
    0x0800bb44   0x0800bb44   0x0000000e   Code   RO         1427    i.__scatterload_zeroinit  mc_w.l(handlers.o)
    0x0800bb52   0x0800bb52   0x00000002   PAD
    0x0800bb54   0x0800bb54   0x00000404   Code   RO         1334    i._printf_core      mc_w.l(printf8.o)
    0x0800bf58   0x0800bf58   0x00000024   Code   RO         1335    i._printf_post_padding  mc_w.l(printf8.o)
    0x0800bf7c   0x0800bf7c   0x0000002e   Code   RO         1336    i._printf_pre_padding  mc_w.l(printf8.o)
    0x0800bfaa   0x0800bfaa   0x00000010   Data   RO           14    .constdata          system_n32g45x.o
    0x0800bfba   0x0800bfba   0x00000040   Data   RO          280    .constdata          n32g45x_rcc.o
    0x0800bffa   0x0800bffa   0x00000002   PAD
    0x0800bffc   0x0800bffc   0x00000010   Data   RO          381    .constdata          main.o
    0x0800c00c   0x0800c00c   0x0000009c   Data   RO          533    .constdata          usb_desc.o
    0x0800c0a8   0x0800c0a8   0x00000034   Data   RO          827    .constdata          w25q64.o
    0x0800c0dc   0x0800c0dc   0x000000bc   Data   RO         1070    .constdata          ff.o
    0x0800c198   0x0800c198   0x000003ae   Data   RO         1094    .constdata          ffunicode.o
    0x0800c546   0x0800c546   0x00000002   PAD
    0x0800c548   0x0800c548   0x00000094   Data   RO          155    .conststring        misc.o
    0x0800c5dc   0x0800c5dc   0x00000046   Data   RO          306    .conststring        n32g45x_usart.o
    0x0800c622   0x0800c622   0x00000002   PAD
    0x0800c624   0x0800c624   0x00000045   Data   RO          355    .conststring        n32g45x_qspi.o
    0x0800c669   0x0800c669   0x00000003   PAD
    0x0800c66c   0x0800c66c   0x000000e2   Data   RO          382    .conststring        main.o
    0x0800c74e   0x0800c74e   0x00000002   PAD
    0x0800c750   0x0800c750   0x00000020   Data   RO         1423    Region$$Table       anon$$obj.o


    Execution Region RW_IRAM1 (Exec base: 0x20000000, Load base: 0x0800c770, Size: 0x00008038, Max: 0x00024000, ABSOLUTE, COMPRESSED[0x000000d8])

    Exec Addr    Load Addr    Size         Type   Attr      Idx    E Section Name        Object

    0x20000000   COMPRESSED   0x00000004   Data   RW           15    .data               system_n32g45x.o
    0x20000004   COMPRESSED   0x00000027   Data   RW          383    .data               main.o
    0x2000002b   COMPRESSED   0x0000001a   Data   RW          534    .data               usb_desc.o
    0x20000045   COMPRESSED   0x00000003   PAD
    0x20000048   COMPRESSED   0x00000044   Data   RW          586    .data               usb_istr.o
    0x2000008c   COMPRESSED   0x00000090   Data   RW          619    .data               usb_prop.o
    0x2000011c   COMPRESSED   0x0000000c   Data   RW          659    .data               usb_pwr.o
    0x20000128   COMPRESSED   0x0000000c   Data   RW          690    .data               usb_bot.o
    0x20000134   COMPRESSED   0x00000024   Data   RW          747    .data               mass_mal.o
    0x20000158   COMPRESSED   0x0000007f   Data   RW          773    .data               scsi_data.o
    0x200001d7   COMPRESSED   0x00000001   PAD
    0x200001d8   COMPRESSED   0x00000024   Data   RW          799    .data               memory.o
    0x200001fc   COMPRESSED   0x00000003   Data   RW          870    .data               usb_core.o
    0x200001ff   COMPRESSED   0x00000001   PAD
    0x20000200   COMPRESSED   0x00000014   Data   RW          898    .data               usb_init.o
    0x20000214   COMPRESSED   0x00000004   Data   RW          932    .data               usb_int.o
    0x20000218   COMPRESSED   0x00000008   Data   RW          968    .data               usb_mem.o
    0x20000220   COMPRESSED   0x00000006   Data   RW         1071    .data               ff.o
    0x20000226   COMPRESSED   0x00000002   PAD
    0x20000228   COMPRESSED   0x00000004   Data   RW         1397    .data               mc_w.l(stdout.o)
    0x2000022c        -       0x00003060   Zero   RW          380    .bss                main.o
    0x2000328c        -       0x00000020   Zero   RW          658    .bss                usb_pwr.o
    0x200032ac        -       0x00000070   Zero   RW          689    .bss                usb_bot.o
    0x2000331c        -       0x00000800   Zero   RW          798    .bss                memory.o
    0x20003b1c        -       0x0000001c   Zero   RW          897    .bss                usb_init.o
    0x20003b38        -       0x00004500   Zero   RW            1    STACK               startup_n32g45x.o


==============================================================================

Image component sizes


      Code (inc. data)   RO Data    RW Data    ZI Data      Debug   Object Name

       260          6          0          0          0       3394   diskio.o
     12096        162        188          6          0      45635   ff.o
       276         24        942          0          0       1988   ffunicode.o
       208         12          0          0          0       1982   hw_config.o
      1080        492        242         39      12384      18686   main.o
       196         20          0         36          0       2579   mass_mal.o
       536         60          0         36       2048       2382   memory.o
       752        344        148          0          0       2145   misc.o
      1164        344          0          0          0       3086   n32g45x_exti.o
      4376        824          0          0          0       8652   n32g45x_gpio.o
        46          0          0          0          0       1615   n32g45x_it.o
      4844       2130         69          0          0       7301   n32g45x_qspi.o
      4688       1130         64          0          0      15312   n32g45x_rcc.o
      4720       1054         70          0          0      10443   n32g45x_usart.o
         0          0          0        127          0        986   scsi_data.o
        36          8        408          0      17664        900   startup_n32g45x.o
       684         68         16          4          0     329079   system_n32g45x.o
      1128         66          0         12        112       2805   usb_bot.o
      2896        114          0          3          0       8370   usb_core.o
         0          0        156         26          0        892   usb_desc.o
        16          0          0          0          0       1479   usb_endp.o
        76         28          0         20         28       4150   usb_init.o
       828         34          0          4          0       2021   usb_int.o
       192         24          0         68          0       1367   usb_istr.o
       112         14          0          8          0       1789   usb_mem.o
       624         58          0        144          0       7160   usb_prop.o
       444         32          0         12         32       2907   usb_pwr.o
      2056         20          0          0          0      12502   usb_regs.o
      1052         48          0          0          0       5090   usb_scsi.o
       128          8          0          0          0       1579   usb_sil.o
      1544         16         52          0          0       5018   w25q64.o

    ----------------------------------------------------------------------
     47060       7140       2398        552      32268     513294   Object Totals
         0          0         32          0          0          0   (incl. Generated)
         2          0         11          7          0          0   (incl. Padding)

    ----------------------------------------------------------------------

      Code (inc. data)   RO Data    RW Data    ZI Data      Debug   Library Member Name

        86          0          0          0          0          0   __dczerorl2.o
         0          0          0          0          0          0   entry.o
         0          0          0          0          0          0   entry10a.o
         0          0          0          0          0          0   entry11a.o
         4          0          0          0          0          0   entry12b.o
         8          4          0          0          0          0   entry2.o
         4          0          0          0          0          0   entry5.o
         0          0          0          0          0          0   entry7b.o
         0          0          0          0          0          0   entry8b.o
         8          4          0          0          0          0   entry9a.o
        30          0          0          0          0          0   handlers.o
        36          8          0          0          0         68   init.o
        30          0          0          0          0         68   llshl.o
        32          0          0          0          0         68   llushr.o
        26          0          0          0          0         80   memcmp.o
        36          0          0          0          0         68   memcpya.o
        36          0          0          0          0        108   memseta.o
      1142         54          0          0          0        352   printf8.o
         0          0          0          4          0          0   stdout.o
        20          0          0          0          0         68   strchr.o
        98          0          0          0          0         92   uldiv.o

    ----------------------------------------------------------------------
      1598         70          0          4          0        972   Library Totals
         2          0          0          0          0          0   (incl. Padding)

    ----------------------------------------------------------------------

      Code (inc. data)   RO Data    RW Data    ZI Data      Debug   Library Name

      1596         70          0          4          0        972   mc_w.l

    ----------------------------------------------------------------------
      1598         70          0          4          0        972   Library Totals

    ----------------------------------------------------------------------

==============================================================================


      Code (inc. data)   RO Data    RW Data    ZI Data      Debug   

     48658       7210       2398        556      32268     509034   Grand Totals
     48658       7210       2398        216      32268     509034   ELF Image Totals (compressed)
     48658       7210       2398        216          0          0   ROM Totals

==============================================================================

    Total RO  Size (Code + RO Data)                51056 (  49.86kB)
    Total RW  Size (RW Data + ZI Data)             32824 (  32.05kB)
    Total ROM Size (Code + RO Data + RW Data)      51272 (  50.07kB)

==============================================================================

