<html>
<body>
<pre>
<h1>µVision Build Log</h1>
<h2>Tool Versions:</h2>
IDE-Version: ¦ÌVision V5.36.0.0
Copyright (C) 2021 ARM Ltd and ARM Germany GmbH. All rights reserved.
License Information: A Admin, A, LIC=8VRJ7-EWHPY-63WMB-2IY4P-0QQ6B-FC0EH
 
Tool Versions:
Toolchain:       MDK-ARM Plus  Version: 5.36.0.0
Toolchain Path:  D:\Keil_v5\ARM\ARMCC\Bin
C Compiler:      Armcc.exe V5.06 update 7 (build 960)
Assembler:       Armasm.exe V5.06 update 7 (build 960)
Linker/Locator:  ArmLink.exe V5.06 update 7 (build 960)
Library Manager: ArmAr.exe V5.06 update 7 (build 960)
Hex Converter:   FromElf.exe V5.06 update 7 (build 960)
CPU DLL:         SARMCM3.DLL V5.36.0.0
Dialog DLL:      DCM.DLL V1.17.3.0
Target DLL:      CMSIS_AGDI.dll V1.33.0.0
Dialog DLL:      TCM.DLL V1.53.0.0
 
<h2>Project:</h2>
E:\Nation\N32G45X\Mass_Stroage_DataFlash\MDK-ARM\Mass_Stroage_DataFlash.uvprojx
Project File Date:  12/24/2024

<h2>Output:</h2>
*** Using Compiler 'V5.06 update 7 (build 960)', folder: 'D:\Keil_v5\ARM\ARMCC\Bin'
Build target 'N32G45x'
compiling main.c...
..\src\main.c(86): warning:  #177-D: variable "work"  was declared but never referenced
      BYTE work[FF_MAX_SS];
..\src\main.c(87): warning:  #177-D: variable "opt"  was declared but never referenced
      MKFS_PARM opt =
..\src\main.c(227): warning:  #177-D: variable "i"  was declared but never referenced
      uint32_t i,temp ;
..\src\main.c(227): warning:  #177-D: variable "temp"  was declared but never referenced
      uint32_t i,temp ;
..\src\main.c: 4 warnings, 0 errors
linking...
Program Size: Code=51282 RO-data=2170 RW-data=524 ZI-data=36364  
FromELF: creating hex file...
After Build - User command #1: fromelf --bin --output=.\bin\Mass_Stroage_DataFlash.bin .\Objects\Mass_Stroage_DataFlash.axf
Error: Q0147E: Failed to create Directory .\bin\Mass_Stroage_DataFlash.bin\ER_IROM1: File exists
Finished: 0 information, 0 warning and 1 error messages.
After Build - User command #2: fromelf --bin --output=.\bin\Mass_Stroage_DataFlash .\Objects\Mass_Stroage_DataFlash.axf
".\Objects\Mass_Stroage_DataFlash.axf" - 0 Error(s), 4 Warning(s).

<h2>Software Packages used:</h2>

Package Vendor: Nationstech
                http://www.keil.com/pack/Nationstech.N32G45x_DFP.1.0.6.pack
                Nationstech.N32G45x_DFP.1.0.6
                Nationstech N32G45x Series Device Support, Drivers and Examples

<h2>Collection of Component include folders:</h2>
  D:\Users\Administrator\AppData\Local\Arm\Packs\Nationstech\N32G45x_DFP\1.0.6\firmware\CMSIS\device

<h2>Collection of Component Files used:</h2>
Build Time Elapsed:  00:00:01
</pre>
</body>
</html>
