<!doctype html public "-//w3c//dtd html 4.0 transitional//en">
<html><head>
<title>Static Call Graph - [.\Objects\Mass_Stroage_DataFlash.axf]</title></head>
<body><HR>
<H1>Static Call Graph for image .\Objects\Mass_Stroage_DataFlash.axf</H1><HR>
<BR><P>#&#060CALLGRAPH&#062# ARM Linker, 5060960: Last Updated: Mon Dec 23 16:22:28 2024
<BR><P>
<H3>Maximum Stack Usage =      16760 bytes + Unknown(Cycles, Untraceable Function Pointers)</H3><H3>
Call chain for Maximum Stack Depth:</H3>
EP2_OUT_Callback &rArr; Mass_Storage_Out &rArr; CBW_Decode &rArr; SCSI_Read10_Cmd &rArr; Read_Memory &rArr; MAL_Read &rArr; QspiFlashRead &rArr; Qspi_Init &rArr; QSPI_GPIO &rArr; QSPI_SingleGpioConfig &rArr; GPIO_InitPeripheral
<P>
<H3>
Mutually Recursive functions
</H3> <LI><a href="#[18]">PendSV_Handler</a>&nbsp;&nbsp;&nbsp;&rArr;&nbsp;&nbsp;&nbsp;<a href="#[18]">PendSV_Handler</a><BR>
 <LI><a href="#[2c]">ADC1_2_IRQHandler</a>&nbsp;&nbsp;&nbsp;&rArr;&nbsp;&nbsp;&nbsp;<a href="#[2c]">ADC1_2_IRQHandler</a><BR>
</UL>
<P>
<H3>
Function Pointers
</H3><UL>
 <LI><a href="#[2c]">ADC1_2_IRQHandler</a> from startup_n32g45x.o(.text) referenced from startup_n32g45x.o(RESET)
 <LI><a href="#[49]">ADC3_4_IRQHandler</a> from startup_n32g45x.o(.text) referenced from startup_n32g45x.o(RESET)
 <LI><a href="#[14]">BusFault_Handler</a> from n32g45x_it.o(.text) referenced from startup_n32g45x.o(RESET)
 <LI><a href="#[2f]">CAN1_RX1_IRQHandler</a> from startup_n32g45x.o(.text) referenced from startup_n32g45x.o(RESET)
 <LI><a href="#[30]">CAN1_SCE_IRQHandler</a> from startup_n32g45x.o(.text) referenced from startup_n32g45x.o(RESET)
 <LI><a href="#[5a]">CAN2_RX0_IRQHandler</a> from startup_n32g45x.o(.text) referenced from startup_n32g45x.o(RESET)
 <LI><a href="#[5b]">CAN2_RX1_IRQHandler</a> from startup_n32g45x.o(.text) referenced from startup_n32g45x.o(RESET)
 <LI><a href="#[5c]">CAN2_SCE_IRQHandler</a> from startup_n32g45x.o(.text) referenced from startup_n32g45x.o(RESET)
 <LI><a href="#[59]">CAN2_TX_IRQHandler</a> from startup_n32g45x.o(.text) referenced from startup_n32g45x.o(RESET)
 <LI><a href="#[6e]">COMP7_IRQHandler</a> from startup_n32g45x.o(.text) referenced from startup_n32g45x.o(RESET)
 <LI><a href="#[6c]">COMP_1_2_3_IRQHandler</a> from startup_n32g45x.o(.text) referenced from startup_n32g45x.o(RESET)
 <LI><a href="#[6d]">COMP_4_5_6_IRQHandler</a> from startup_n32g45x.o(.text) referenced from startup_n32g45x.o(RESET)
 <LI><a href="#[25]">DMA1_Channel1_IRQHandler</a> from startup_n32g45x.o(.text) referenced from startup_n32g45x.o(RESET)
 <LI><a href="#[26]">DMA1_Channel2_IRQHandler</a> from startup_n32g45x.o(.text) referenced from startup_n32g45x.o(RESET)
 <LI><a href="#[27]">DMA1_Channel3_IRQHandler</a> from startup_n32g45x.o(.text) referenced from startup_n32g45x.o(RESET)
 <LI><a href="#[28]">DMA1_Channel4_IRQHandler</a> from startup_n32g45x.o(.text) referenced from startup_n32g45x.o(RESET)
 <LI><a href="#[29]">DMA1_Channel5_IRQHandler</a> from startup_n32g45x.o(.text) referenced from startup_n32g45x.o(RESET)
 <LI><a href="#[2a]">DMA1_Channel6_IRQHandler</a> from startup_n32g45x.o(.text) referenced from startup_n32g45x.o(RESET)
 <LI><a href="#[2b]">DMA1_Channel7_IRQHandler</a> from startup_n32g45x.o(.text) referenced from startup_n32g45x.o(RESET)
 <LI><a href="#[66]">DMA1_Channel8_IRQHandler</a> from startup_n32g45x.o(.text) referenced from startup_n32g45x.o(RESET)
 <LI><a href="#[52]">DMA2_Channel1_IRQHandler</a> from startup_n32g45x.o(.text) referenced from startup_n32g45x.o(RESET)
 <LI><a href="#[53]">DMA2_Channel2_IRQHandler</a> from startup_n32g45x.o(.text) referenced from startup_n32g45x.o(RESET)
 <LI><a href="#[54]">DMA2_Channel3_IRQHandler</a> from startup_n32g45x.o(.text) referenced from startup_n32g45x.o(RESET)
 <LI><a href="#[55]">DMA2_Channel4_IRQHandler</a> from startup_n32g45x.o(.text) referenced from startup_n32g45x.o(RESET)
 <LI><a href="#[56]">DMA2_Channel5_IRQHandler</a> from startup_n32g45x.o(.text) referenced from startup_n32g45x.o(RESET)
 <LI><a href="#[5e]">DMA2_Channel6_IRQHandler</a> from startup_n32g45x.o(.text) referenced from startup_n32g45x.o(RESET)
 <LI><a href="#[5f]">DMA2_Channel7_IRQHandler</a> from startup_n32g45x.o(.text) referenced from startup_n32g45x.o(RESET)
 <LI><a href="#[67]">DMA2_Channel8_IRQHandler</a> from startup_n32g45x.o(.text) referenced from startup_n32g45x.o(RESET)
 <LI><a href="#[68]">DVP_IRQHandler</a> from startup_n32g45x.o(.text) referenced from startup_n32g45x.o(RESET)
 <LI><a href="#[17]">DebugMon_Handler</a> from n32g45x_it.o(.text) referenced from startup_n32g45x.o(RESET)
 <LI><a href="#[0]">EP1_IN_Callback</a> from usb_endp.o(.text) referenced 2 times from usb_istr.o(.data)
 <LI><a href="#[2]">EP2_OUT_Callback</a> from usb_endp.o(.text) referenced 2 times from usb_istr.o(.data)
 <LI><a href="#[57]">ETH_IRQHandler</a> from startup_n32g45x.o(.text) referenced from startup_n32g45x.o(RESET)
 <LI><a href="#[58]">ETH_WKUP_IRQHandler</a> from startup_n32g45x.o(.text) referenced from startup_n32g45x.o(RESET)
 <LI><a href="#[20]">EXTI0_IRQHandler</a> from startup_n32g45x.o(.text) referenced from startup_n32g45x.o(RESET)
 <LI><a href="#[42]">EXTI15_10_IRQHandler</a> from startup_n32g45x.o(.text) referenced from startup_n32g45x.o(RESET)
 <LI><a href="#[21]">EXTI1_IRQHandler</a> from startup_n32g45x.o(.text) referenced from startup_n32g45x.o(RESET)
 <LI><a href="#[22]">EXTI2_IRQHandler</a> from startup_n32g45x.o(.text) referenced from startup_n32g45x.o(RESET)
 <LI><a href="#[23]">EXTI3_IRQHandler</a> from startup_n32g45x.o(.text) referenced from startup_n32g45x.o(RESET)
 <LI><a href="#[24]">EXTI4_IRQHandler</a> from startup_n32g45x.o(.text) referenced from startup_n32g45x.o(RESET)
 <LI><a href="#[31]">EXTI9_5_IRQHandler</a> from startup_n32g45x.o(.text) referenced from startup_n32g45x.o(RESET)
 <LI><a href="#[1e]">FLASH_IRQHandler</a> from startup_n32g45x.o(.text) referenced from startup_n32g45x.o(RESET)
 <LI><a href="#[10c]">Get_Max_Lun</a> from usb_prop.o(.text) referenced from usb_prop.o(.text)
 <LI><a href="#[12]">HardFault_Handler</a> from n32g45x_it.o(.text) referenced from startup_n32g45x.o(RESET)
 <LI><a href="#[3a]">I2C1_ER_IRQHandler</a> from startup_n32g45x.o(.text) referenced from startup_n32g45x.o(RESET)
 <LI><a href="#[39]">I2C1_EV_IRQHandler</a> from startup_n32g45x.o(.text) referenced from startup_n32g45x.o(RESET)
 <LI><a href="#[3c]">I2C2_ER_IRQHandler</a> from startup_n32g45x.o(.text) referenced from startup_n32g45x.o(RESET)
 <LI><a href="#[3b]">I2C2_EV_IRQHandler</a> from startup_n32g45x.o(.text) referenced from startup_n32g45x.o(RESET)
 <LI><a href="#[61]">I2C3_ER_IRQHandler</a> from startup_n32g45x.o(.text) referenced from startup_n32g45x.o(RESET)
 <LI><a href="#[60]">I2C3_EV_IRQHandler</a> from startup_n32g45x.o(.text) referenced from startup_n32g45x.o(RESET)
 <LI><a href="#[63]">I2C4_ER_IRQHandler</a> from startup_n32g45x.o(.text) referenced from startup_n32g45x.o(RESET)
 <LI><a href="#[62]">I2C4_EV_IRQHandler</a> from startup_n32g45x.o(.text) referenced from startup_n32g45x.o(RESET)
 <LI><a href="#[7]">MASS_Data_Setup</a> from usb_prop.o(.text) referenced 2 times from usb_prop.o(.data)
 <LI><a href="#[b]">MASS_GetConfigDescriptor</a> from usb_prop.o(.text) referenced 2 times from usb_prop.o(.data)
 <LI><a href="#[a]">MASS_GetDeviceDescriptor</a> from usb_prop.o(.text) referenced 2 times from usb_prop.o(.data)
 <LI><a href="#[c]">MASS_GetStringDescriptor</a> from usb_prop.o(.text) referenced 2 times from usb_prop.o(.data)
 <LI><a href="#[9]">MASS_Get_Interface_Setting</a> from usb_prop.o(.text) referenced 2 times from usb_prop.o(.data)
 <LI><a href="#[8]">MASS_NoData_Setup</a> from usb_prop.o(.text) referenced 2 times from usb_prop.o(.data)
 <LI><a href="#[4]">MASS_Reset</a> from usb_prop.o(.text) referenced 2 times from usb_prop.o(.data)
 <LI><a href="#[5]">MASS_Status_In</a> from usb_prop.o(.text) referenced 2 times from usb_prop.o(.data)
 <LI><a href="#[6]">MASS_Status_Out</a> from usb_prop.o(.text) referenced 2 times from usb_prop.o(.data)
 <LI><a href="#[3]">MASS_init</a> from usb_prop.o(.text) referenced 2 times from usb_prop.o(.data)
 <LI><a href="#[6a]">MMU_IRQHandler</a> from startup_n32g45x.o(.text) referenced from startup_n32g45x.o(RESET)
 <LI><a href="#[e]">Mass_Storage_ClearFeature</a> from usb_prop.o(.text) referenced 2 times from usb_prop.o(.data)
 <LI><a href="#[d]">Mass_Storage_SetConfiguration</a> from usb_prop.o(.text) referenced 2 times from usb_prop.o(.data)
 <LI><a href="#[f]">Mass_Storage_SetDeviceAddress</a> from usb_prop.o(.text) referenced 2 times from usb_prop.o(.data)
 <LI><a href="#[13]">MemManage_Handler</a> from n32g45x_it.o(.text) referenced from startup_n32g45x.o(RESET)
 <LI><a href="#[11]">NMI_Handler</a> from n32g45x_it.o(.text) referenced from startup_n32g45x.o(RESET)
 <LI><a href="#[1b]">PVD_IRQHandler</a> from startup_n32g45x.o(.text) referenced from startup_n32g45x.o(RESET)
 <LI><a href="#[18]">PendSV_Handler</a> from startup_n32g45x.o(.text) referenced from startup_n32g45x.o(RESET)
 <LI><a href="#[5d]">QSPI_IRQHandler</a> from startup_n32g45x.o(.text) referenced from startup_n32g45x.o(RESET)
 <LI><a href="#[1f]">RCC_IRQHandler</a> from startup_n32g45x.o(.text) referenced from startup_n32g45x.o(RESET)
 <LI><a href="#[4a]">RESERVE48_IRQHandler</a> from startup_n32g45x.o(.text) referenced from startup_n32g45x.o(RESET)
 <LI><a href="#[6f]">RSRAM_IRQHandler</a> from startup_n32g45x.o(.text) referenced from startup_n32g45x.o(RESET)
 <LI><a href="#[43]">RTCAlarm_IRQHandler</a> from startup_n32g45x.o(.text) referenced from startup_n32g45x.o(RESET)
 <LI><a href="#[1d]">RTC_WKUP_IRQHandler</a> from startup_n32g45x.o(.text) referenced from startup_n32g45x.o(RESET)
 <LI><a href="#[10]">Reset_Handler</a> from startup_n32g45x.o(.text) referenced from startup_n32g45x.o(RESET)
 <LI><a href="#[69]">SAC_IRQHandler</a> from startup_n32g45x.o(.text) referenced from startup_n32g45x.o(RESET)
 <LI><a href="#[4b]">SDIO_IRQHandler</a> from startup_n32g45x.o(.text) referenced from startup_n32g45x.o(RESET)
 <LI><a href="#[3d]">SPI1_IRQHandler</a> from startup_n32g45x.o(.text) referenced from startup_n32g45x.o(RESET)
 <LI><a href="#[3e]">SPI2_IRQHandler</a> from startup_n32g45x.o(.text) referenced from startup_n32g45x.o(RESET)
 <LI><a href="#[4d]">SPI3_IRQHandler</a> from startup_n32g45x.o(.text) referenced from startup_n32g45x.o(RESET)
 <LI><a href="#[16]">SVC_Handler</a> from n32g45x_it.o(.text) referenced from startup_n32g45x.o(RESET)
 <LI><a href="#[14b]">Standard_GetConfiguration</a> from usb_core.o(.text) referenced from usb_core.o(.text)
 <LI><a href="#[14c]">Standard_GetInterface</a> from usb_core.o(.text) referenced from usb_core.o(.text)
 <LI><a href="#[14a]">Standard_GetStatus</a> from usb_core.o(.text) referenced 3 times from usb_core.o(.text)
 <LI><a href="#[19]">SysTick_Handler</a> from n32g45x_it.o(.text) referenced from startup_n32g45x.o(RESET)
 <LI><a href="#[71]">SystemInit</a> from system_n32g45x.o(.text) referenced from startup_n32g45x.o(.text)
 <LI><a href="#[1c]">TAMPER_IRQHandler</a> from startup_n32g45x.o(.text) referenced from startup_n32g45x.o(RESET)
 <LI><a href="#[32]">TIM1_BRK_IRQHandler</a> from startup_n32g45x.o(.text) referenced from startup_n32g45x.o(RESET)
 <LI><a href="#[35]">TIM1_CC_IRQHandler</a> from startup_n32g45x.o(.text) referenced from startup_n32g45x.o(RESET)
 <LI><a href="#[34]">TIM1_TRG_COM_IRQHandler</a> from startup_n32g45x.o(.text) referenced from startup_n32g45x.o(RESET)
 <LI><a href="#[33]">TIM1_UP_IRQHandler</a> from startup_n32g45x.o(.text) referenced from startup_n32g45x.o(RESET)
 <LI><a href="#[36]">TIM2_IRQHandler</a> from startup_n32g45x.o(.text) referenced from startup_n32g45x.o(RESET)
 <LI><a href="#[37]">TIM3_IRQHandler</a> from startup_n32g45x.o(.text) referenced from startup_n32g45x.o(RESET)
 <LI><a href="#[38]">TIM4_IRQHandler</a> from startup_n32g45x.o(.text) referenced from startup_n32g45x.o(RESET)
 <LI><a href="#[4c]">TIM5_IRQHandler</a> from startup_n32g45x.o(.text) referenced from startup_n32g45x.o(RESET)
 <LI><a href="#[50]">TIM6_IRQHandler</a> from startup_n32g45x.o(.text) referenced from startup_n32g45x.o(RESET)
 <LI><a href="#[51]">TIM7_IRQHandler</a> from startup_n32g45x.o(.text) referenced from startup_n32g45x.o(RESET)
 <LI><a href="#[45]">TIM8_BRK_IRQHandler</a> from startup_n32g45x.o(.text) referenced from startup_n32g45x.o(RESET)
 <LI><a href="#[48]">TIM8_CC_IRQHandler</a> from startup_n32g45x.o(.text) referenced from startup_n32g45x.o(RESET)
 <LI><a href="#[47]">TIM8_TRG_COM_IRQHandler</a> from startup_n32g45x.o(.text) referenced from startup_n32g45x.o(RESET)
 <LI><a href="#[46]">TIM8_UP_IRQHandler</a> from startup_n32g45x.o(.text) referenced from startup_n32g45x.o(RESET)
 <LI><a href="#[6b]">TSC_IRQHandler</a> from startup_n32g45x.o(.text) referenced from startup_n32g45x.o(RESET)
 <LI><a href="#[4e]">UART4_IRQHandler</a> from startup_n32g45x.o(.text) referenced from startup_n32g45x.o(RESET)
 <LI><a href="#[4f]">UART5_IRQHandler</a> from startup_n32g45x.o(.text) referenced from startup_n32g45x.o(RESET)
 <LI><a href="#[64]">UART6_IRQHandler</a> from startup_n32g45x.o(.text) referenced from startup_n32g45x.o(RESET)
 <LI><a href="#[65]">UART7_IRQHandler</a> from startup_n32g45x.o(.text) referenced from startup_n32g45x.o(RESET)
 <LI><a href="#[3f]">USART1_IRQHandler</a> from startup_n32g45x.o(.text) referenced from startup_n32g45x.o(RESET)
 <LI><a href="#[40]">USART2_IRQHandler</a> from startup_n32g45x.o(.text) referenced from startup_n32g45x.o(RESET)
 <LI><a href="#[41]">USART3_IRQHandler</a> from startup_n32g45x.o(.text) referenced from startup_n32g45x.o(RESET)
 <LI><a href="#[44]">USBWakeUp_IRQHandler</a> from n32g45x_it.o(.text) referenced from startup_n32g45x.o(RESET)
 <LI><a href="#[2d]">USB_HP_CAN1_TX_IRQHandler</a> from startup_n32g45x.o(.text) referenced from startup_n32g45x.o(RESET)
 <LI><a href="#[2e]">USB_LP_CAN1_RX0_IRQHandler</a> from n32g45x_it.o(.text) referenced from startup_n32g45x.o(RESET)
 <LI><a href="#[1]">USB_ProcessNop</a> from usb_core.o(.text) referenced 36 times from usb_istr.o(.data)
 <LI><a href="#[15]">UsageFault_Handler</a> from n32g45x_it.o(.text) referenced from startup_n32g45x.o(RESET)
 <LI><a href="#[1a]">WWDG_IRQHandler</a> from startup_n32g45x.o(.text) referenced from startup_n32g45x.o(RESET)
 <LI><a href="#[72]">__main</a> from entry.o(.ARM.Collect$$$$00000000) referenced from startup_n32g45x.o(.text)
 <LI><a href="#[73]">fputc</a> from main.o(.text) referenced from printf8.o(i.__0printf$8)
 <LI><a href="#[70]">main</a> from main.o(.text) referenced from entry9a.o(.ARM.Collect$$$$0000000B)
</UL>
<P>
<H3>
Global Symbols
</H3>
<P><STRONG><a name="[72]"></a>__main</STRONG> (Thumb, 0 bytes, Stack size unknown bytes, entry.o(.ARM.Collect$$$$00000000))
<BR>[Address Reference Count : 1]<UL><LI> startup_n32g45x.o(.text)
</UL>
<P><STRONG><a name="[1a2]"></a>_main_stk</STRONG> (Thumb, 0 bytes, Stack size unknown bytes, entry2.o(.ARM.Collect$$$$00000001))

<P><STRONG><a name="[74]"></a>_main_scatterload</STRONG> (Thumb, 0 bytes, Stack size unknown bytes, entry5.o(.ARM.Collect$$$$00000004))
<BR><BR>[Calls]<UL><LI><a href="#[75]">&gt;&gt;</a>&nbsp;&nbsp;&nbsp;__scatterload
</UL>

<P><STRONG><a name="[19d]"></a>__main_after_scatterload</STRONG> (Thumb, 0 bytes, Stack size unknown bytes, entry5.o(.ARM.Collect$$$$00000004))
<BR><BR>[Called By]<UL><LI><a href="#[75]">&gt;&gt;</a>&nbsp;&nbsp;&nbsp;__scatterload
</UL>

<P><STRONG><a name="[1a3]"></a>_main_clock</STRONG> (Thumb, 0 bytes, Stack size unknown bytes, entry7b.o(.ARM.Collect$$$$00000008))

<P><STRONG><a name="[1a4]"></a>_main_cpp_init</STRONG> (Thumb, 0 bytes, Stack size unknown bytes, entry8b.o(.ARM.Collect$$$$0000000A))

<P><STRONG><a name="[1a5]"></a>_main_init</STRONG> (Thumb, 0 bytes, Stack size unknown bytes, entry9a.o(.ARM.Collect$$$$0000000B))

<P><STRONG><a name="[1a6]"></a>__rt_lib_shutdown_fini</STRONG> (Thumb, 0 bytes, Stack size unknown bytes, entry12b.o(.ARM.Collect$$$$0000000E))

<P><STRONG><a name="[1a7]"></a>__rt_final_cpp</STRONG> (Thumb, 0 bytes, Stack size unknown bytes, entry10a.o(.ARM.Collect$$$$0000000F))

<P><STRONG><a name="[1a8]"></a>__rt_final_exit</STRONG> (Thumb, 0 bytes, Stack size unknown bytes, entry11a.o(.ARM.Collect$$$$00000011))

<P><STRONG><a name="[10]"></a>Reset_Handler</STRONG> (Thumb, 8 bytes, Stack size 0 bytes, startup_n32g45x.o(.text))
<BR>[Address Reference Count : 1]<UL><LI> startup_n32g45x.o(RESET)
</UL>
<P><STRONG><a name="[18]"></a>PendSV_Handler</STRONG> (Thumb, 2 bytes, Stack size 0 bytes, startup_n32g45x.o(.text))
<BR><BR>[Calls]<UL><LI><a href="#[18]">&gt;&gt;</a>&nbsp;&nbsp;&nbsp;PendSV_Handler
</UL>
<BR>[Called By]<UL><LI><a href="#[18]">&gt;&gt;</a>&nbsp;&nbsp;&nbsp;PendSV_Handler
</UL>
<BR>[Address Reference Count : 1]<UL><LI> startup_n32g45x.o(RESET)
</UL>
<P><STRONG><a name="[2c]"></a>ADC1_2_IRQHandler</STRONG> (Thumb, 0 bytes, Stack size 0 bytes, startup_n32g45x.o(.text))
<BR><BR>[Calls]<UL><LI><a href="#[2c]">&gt;&gt;</a>&nbsp;&nbsp;&nbsp;ADC1_2_IRQHandler
</UL>
<BR>[Called By]<UL><LI><a href="#[2c]">&gt;&gt;</a>&nbsp;&nbsp;&nbsp;ADC1_2_IRQHandler
</UL>
<BR>[Address Reference Count : 1]<UL><LI> startup_n32g45x.o(RESET)
</UL>
<P><STRONG><a name="[49]"></a>ADC3_4_IRQHandler</STRONG> (Thumb, 0 bytes, Stack size 0 bytes, startup_n32g45x.o(.text))
<BR>[Address Reference Count : 1]<UL><LI> startup_n32g45x.o(RESET)
</UL>
<P><STRONG><a name="[2f]"></a>CAN1_RX1_IRQHandler</STRONG> (Thumb, 0 bytes, Stack size 0 bytes, startup_n32g45x.o(.text))
<BR>[Address Reference Count : 1]<UL><LI> startup_n32g45x.o(RESET)
</UL>
<P><STRONG><a name="[30]"></a>CAN1_SCE_IRQHandler</STRONG> (Thumb, 0 bytes, Stack size 0 bytes, startup_n32g45x.o(.text))
<BR>[Address Reference Count : 1]<UL><LI> startup_n32g45x.o(RESET)
</UL>
<P><STRONG><a name="[5a]"></a>CAN2_RX0_IRQHandler</STRONG> (Thumb, 0 bytes, Stack size 0 bytes, startup_n32g45x.o(.text))
<BR>[Address Reference Count : 1]<UL><LI> startup_n32g45x.o(RESET)
</UL>
<P><STRONG><a name="[5b]"></a>CAN2_RX1_IRQHandler</STRONG> (Thumb, 0 bytes, Stack size 0 bytes, startup_n32g45x.o(.text))
<BR>[Address Reference Count : 1]<UL><LI> startup_n32g45x.o(RESET)
</UL>
<P><STRONG><a name="[5c]"></a>CAN2_SCE_IRQHandler</STRONG> (Thumb, 0 bytes, Stack size 0 bytes, startup_n32g45x.o(.text))
<BR>[Address Reference Count : 1]<UL><LI> startup_n32g45x.o(RESET)
</UL>
<P><STRONG><a name="[59]"></a>CAN2_TX_IRQHandler</STRONG> (Thumb, 0 bytes, Stack size 0 bytes, startup_n32g45x.o(.text))
<BR>[Address Reference Count : 1]<UL><LI> startup_n32g45x.o(RESET)
</UL>
<P><STRONG><a name="[6e]"></a>COMP7_IRQHandler</STRONG> (Thumb, 0 bytes, Stack size 0 bytes, startup_n32g45x.o(.text))
<BR>[Address Reference Count : 1]<UL><LI> startup_n32g45x.o(RESET)
</UL>
<P><STRONG><a name="[6c]"></a>COMP_1_2_3_IRQHandler</STRONG> (Thumb, 0 bytes, Stack size 0 bytes, startup_n32g45x.o(.text))
<BR>[Address Reference Count : 1]<UL><LI> startup_n32g45x.o(RESET)
</UL>
<P><STRONG><a name="[6d]"></a>COMP_4_5_6_IRQHandler</STRONG> (Thumb, 0 bytes, Stack size 0 bytes, startup_n32g45x.o(.text))
<BR>[Address Reference Count : 1]<UL><LI> startup_n32g45x.o(RESET)
</UL>
<P><STRONG><a name="[25]"></a>DMA1_Channel1_IRQHandler</STRONG> (Thumb, 0 bytes, Stack size 0 bytes, startup_n32g45x.o(.text))
<BR>[Address Reference Count : 1]<UL><LI> startup_n32g45x.o(RESET)
</UL>
<P><STRONG><a name="[26]"></a>DMA1_Channel2_IRQHandler</STRONG> (Thumb, 0 bytes, Stack size 0 bytes, startup_n32g45x.o(.text))
<BR>[Address Reference Count : 1]<UL><LI> startup_n32g45x.o(RESET)
</UL>
<P><STRONG><a name="[27]"></a>DMA1_Channel3_IRQHandler</STRONG> (Thumb, 0 bytes, Stack size 0 bytes, startup_n32g45x.o(.text))
<BR>[Address Reference Count : 1]<UL><LI> startup_n32g45x.o(RESET)
</UL>
<P><STRONG><a name="[28]"></a>DMA1_Channel4_IRQHandler</STRONG> (Thumb, 0 bytes, Stack size 0 bytes, startup_n32g45x.o(.text))
<BR>[Address Reference Count : 1]<UL><LI> startup_n32g45x.o(RESET)
</UL>
<P><STRONG><a name="[29]"></a>DMA1_Channel5_IRQHandler</STRONG> (Thumb, 0 bytes, Stack size 0 bytes, startup_n32g45x.o(.text))
<BR>[Address Reference Count : 1]<UL><LI> startup_n32g45x.o(RESET)
</UL>
<P><STRONG><a name="[2a]"></a>DMA1_Channel6_IRQHandler</STRONG> (Thumb, 0 bytes, Stack size 0 bytes, startup_n32g45x.o(.text))
<BR>[Address Reference Count : 1]<UL><LI> startup_n32g45x.o(RESET)
</UL>
<P><STRONG><a name="[2b]"></a>DMA1_Channel7_IRQHandler</STRONG> (Thumb, 0 bytes, Stack size 0 bytes, startup_n32g45x.o(.text))
<BR>[Address Reference Count : 1]<UL><LI> startup_n32g45x.o(RESET)
</UL>
<P><STRONG><a name="[66]"></a>DMA1_Channel8_IRQHandler</STRONG> (Thumb, 0 bytes, Stack size 0 bytes, startup_n32g45x.o(.text))
<BR>[Address Reference Count : 1]<UL><LI> startup_n32g45x.o(RESET)
</UL>
<P><STRONG><a name="[52]"></a>DMA2_Channel1_IRQHandler</STRONG> (Thumb, 0 bytes, Stack size 0 bytes, startup_n32g45x.o(.text))
<BR>[Address Reference Count : 1]<UL><LI> startup_n32g45x.o(RESET)
</UL>
<P><STRONG><a name="[53]"></a>DMA2_Channel2_IRQHandler</STRONG> (Thumb, 0 bytes, Stack size 0 bytes, startup_n32g45x.o(.text))
<BR>[Address Reference Count : 1]<UL><LI> startup_n32g45x.o(RESET)
</UL>
<P><STRONG><a name="[54]"></a>DMA2_Channel3_IRQHandler</STRONG> (Thumb, 0 bytes, Stack size 0 bytes, startup_n32g45x.o(.text))
<BR>[Address Reference Count : 1]<UL><LI> startup_n32g45x.o(RESET)
</UL>
<P><STRONG><a name="[55]"></a>DMA2_Channel4_IRQHandler</STRONG> (Thumb, 0 bytes, Stack size 0 bytes, startup_n32g45x.o(.text))
<BR>[Address Reference Count : 1]<UL><LI> startup_n32g45x.o(RESET)
</UL>
<P><STRONG><a name="[56]"></a>DMA2_Channel5_IRQHandler</STRONG> (Thumb, 0 bytes, Stack size 0 bytes, startup_n32g45x.o(.text))
<BR>[Address Reference Count : 1]<UL><LI> startup_n32g45x.o(RESET)
</UL>
<P><STRONG><a name="[5e]"></a>DMA2_Channel6_IRQHandler</STRONG> (Thumb, 0 bytes, Stack size 0 bytes, startup_n32g45x.o(.text))
<BR>[Address Reference Count : 1]<UL><LI> startup_n32g45x.o(RESET)
</UL>
<P><STRONG><a name="[5f]"></a>DMA2_Channel7_IRQHandler</STRONG> (Thumb, 0 bytes, Stack size 0 bytes, startup_n32g45x.o(.text))
<BR>[Address Reference Count : 1]<UL><LI> startup_n32g45x.o(RESET)
</UL>
<P><STRONG><a name="[67]"></a>DMA2_Channel8_IRQHandler</STRONG> (Thumb, 0 bytes, Stack size 0 bytes, startup_n32g45x.o(.text))
<BR>[Address Reference Count : 1]<UL><LI> startup_n32g45x.o(RESET)
</UL>
<P><STRONG><a name="[68]"></a>DVP_IRQHandler</STRONG> (Thumb, 0 bytes, Stack size 0 bytes, startup_n32g45x.o(.text))
<BR>[Address Reference Count : 1]<UL><LI> startup_n32g45x.o(RESET)
</UL>
<P><STRONG><a name="[57]"></a>ETH_IRQHandler</STRONG> (Thumb, 0 bytes, Stack size 0 bytes, startup_n32g45x.o(.text))
<BR>[Address Reference Count : 1]<UL><LI> startup_n32g45x.o(RESET)
</UL>
<P><STRONG><a name="[58]"></a>ETH_WKUP_IRQHandler</STRONG> (Thumb, 0 bytes, Stack size 0 bytes, startup_n32g45x.o(.text))
<BR>[Address Reference Count : 1]<UL><LI> startup_n32g45x.o(RESET)
</UL>
<P><STRONG><a name="[20]"></a>EXTI0_IRQHandler</STRONG> (Thumb, 0 bytes, Stack size 0 bytes, startup_n32g45x.o(.text))
<BR>[Address Reference Count : 1]<UL><LI> startup_n32g45x.o(RESET)
</UL>
<P><STRONG><a name="[42]"></a>EXTI15_10_IRQHandler</STRONG> (Thumb, 0 bytes, Stack size 0 bytes, startup_n32g45x.o(.text))
<BR>[Address Reference Count : 1]<UL><LI> startup_n32g45x.o(RESET)
</UL>
<P><STRONG><a name="[21]"></a>EXTI1_IRQHandler</STRONG> (Thumb, 0 bytes, Stack size 0 bytes, startup_n32g45x.o(.text))
<BR>[Address Reference Count : 1]<UL><LI> startup_n32g45x.o(RESET)
</UL>
<P><STRONG><a name="[22]"></a>EXTI2_IRQHandler</STRONG> (Thumb, 0 bytes, Stack size 0 bytes, startup_n32g45x.o(.text))
<BR>[Address Reference Count : 1]<UL><LI> startup_n32g45x.o(RESET)
</UL>
<P><STRONG><a name="[23]"></a>EXTI3_IRQHandler</STRONG> (Thumb, 0 bytes, Stack size 0 bytes, startup_n32g45x.o(.text))
<BR>[Address Reference Count : 1]<UL><LI> startup_n32g45x.o(RESET)
</UL>
<P><STRONG><a name="[24]"></a>EXTI4_IRQHandler</STRONG> (Thumb, 0 bytes, Stack size 0 bytes, startup_n32g45x.o(.text))
<BR>[Address Reference Count : 1]<UL><LI> startup_n32g45x.o(RESET)
</UL>
<P><STRONG><a name="[31]"></a>EXTI9_5_IRQHandler</STRONG> (Thumb, 0 bytes, Stack size 0 bytes, startup_n32g45x.o(.text))
<BR>[Address Reference Count : 1]<UL><LI> startup_n32g45x.o(RESET)
</UL>
<P><STRONG><a name="[1e]"></a>FLASH_IRQHandler</STRONG> (Thumb, 0 bytes, Stack size 0 bytes, startup_n32g45x.o(.text))
<BR>[Address Reference Count : 1]<UL><LI> startup_n32g45x.o(RESET)
</UL>
<P><STRONG><a name="[3a]"></a>I2C1_ER_IRQHandler</STRONG> (Thumb, 0 bytes, Stack size 0 bytes, startup_n32g45x.o(.text))
<BR>[Address Reference Count : 1]<UL><LI> startup_n32g45x.o(RESET)
</UL>
<P><STRONG><a name="[39]"></a>I2C1_EV_IRQHandler</STRONG> (Thumb, 0 bytes, Stack size 0 bytes, startup_n32g45x.o(.text))
<BR>[Address Reference Count : 1]<UL><LI> startup_n32g45x.o(RESET)
</UL>
<P><STRONG><a name="[3c]"></a>I2C2_ER_IRQHandler</STRONG> (Thumb, 0 bytes, Stack size 0 bytes, startup_n32g45x.o(.text))
<BR>[Address Reference Count : 1]<UL><LI> startup_n32g45x.o(RESET)
</UL>
<P><STRONG><a name="[3b]"></a>I2C2_EV_IRQHandler</STRONG> (Thumb, 0 bytes, Stack size 0 bytes, startup_n32g45x.o(.text))
<BR>[Address Reference Count : 1]<UL><LI> startup_n32g45x.o(RESET)
</UL>
<P><STRONG><a name="[61]"></a>I2C3_ER_IRQHandler</STRONG> (Thumb, 0 bytes, Stack size 0 bytes, startup_n32g45x.o(.text))
<BR>[Address Reference Count : 1]<UL><LI> startup_n32g45x.o(RESET)
</UL>
<P><STRONG><a name="[60]"></a>I2C3_EV_IRQHandler</STRONG> (Thumb, 0 bytes, Stack size 0 bytes, startup_n32g45x.o(.text))
<BR>[Address Reference Count : 1]<UL><LI> startup_n32g45x.o(RESET)
</UL>
<P><STRONG><a name="[63]"></a>I2C4_ER_IRQHandler</STRONG> (Thumb, 0 bytes, Stack size 0 bytes, startup_n32g45x.o(.text))
<BR>[Address Reference Count : 1]<UL><LI> startup_n32g45x.o(RESET)
</UL>
<P><STRONG><a name="[62]"></a>I2C4_EV_IRQHandler</STRONG> (Thumb, 0 bytes, Stack size 0 bytes, startup_n32g45x.o(.text))
<BR>[Address Reference Count : 1]<UL><LI> startup_n32g45x.o(RESET)
</UL>
<P><STRONG><a name="[6a]"></a>MMU_IRQHandler</STRONG> (Thumb, 0 bytes, Stack size 0 bytes, startup_n32g45x.o(.text))
<BR>[Address Reference Count : 1]<UL><LI> startup_n32g45x.o(RESET)
</UL>
<P><STRONG><a name="[1b]"></a>PVD_IRQHandler</STRONG> (Thumb, 0 bytes, Stack size 0 bytes, startup_n32g45x.o(.text))
<BR>[Address Reference Count : 1]<UL><LI> startup_n32g45x.o(RESET)
</UL>
<P><STRONG><a name="[5d]"></a>QSPI_IRQHandler</STRONG> (Thumb, 0 bytes, Stack size 0 bytes, startup_n32g45x.o(.text))
<BR>[Address Reference Count : 1]<UL><LI> startup_n32g45x.o(RESET)
</UL>
<P><STRONG><a name="[1f]"></a>RCC_IRQHandler</STRONG> (Thumb, 0 bytes, Stack size 0 bytes, startup_n32g45x.o(.text))
<BR>[Address Reference Count : 1]<UL><LI> startup_n32g45x.o(RESET)
</UL>
<P><STRONG><a name="[6f]"></a>RSRAM_IRQHandler</STRONG> (Thumb, 0 bytes, Stack size 0 bytes, startup_n32g45x.o(.text))
<BR>[Address Reference Count : 1]<UL><LI> startup_n32g45x.o(RESET)
</UL>
<P><STRONG><a name="[43]"></a>RTCAlarm_IRQHandler</STRONG> (Thumb, 0 bytes, Stack size 0 bytes, startup_n32g45x.o(.text))
<BR>[Address Reference Count : 1]<UL><LI> startup_n32g45x.o(RESET)
</UL>
<P><STRONG><a name="[1d]"></a>RTC_WKUP_IRQHandler</STRONG> (Thumb, 0 bytes, Stack size 0 bytes, startup_n32g45x.o(.text))
<BR>[Address Reference Count : 1]<UL><LI> startup_n32g45x.o(RESET)
</UL>
<P><STRONG><a name="[69]"></a>SAC_IRQHandler</STRONG> (Thumb, 0 bytes, Stack size 0 bytes, startup_n32g45x.o(.text))
<BR>[Address Reference Count : 1]<UL><LI> startup_n32g45x.o(RESET)
</UL>
<P><STRONG><a name="[4b]"></a>SDIO_IRQHandler</STRONG> (Thumb, 0 bytes, Stack size 0 bytes, startup_n32g45x.o(.text))
<BR>[Address Reference Count : 1]<UL><LI> startup_n32g45x.o(RESET)
</UL>
<P><STRONG><a name="[3d]"></a>SPI1_IRQHandler</STRONG> (Thumb, 0 bytes, Stack size 0 bytes, startup_n32g45x.o(.text))
<BR>[Address Reference Count : 1]<UL><LI> startup_n32g45x.o(RESET)
</UL>
<P><STRONG><a name="[3e]"></a>SPI2_IRQHandler</STRONG> (Thumb, 0 bytes, Stack size 0 bytes, startup_n32g45x.o(.text))
<BR>[Address Reference Count : 1]<UL><LI> startup_n32g45x.o(RESET)
</UL>
<P><STRONG><a name="[4d]"></a>SPI3_IRQHandler</STRONG> (Thumb, 0 bytes, Stack size 0 bytes, startup_n32g45x.o(.text))
<BR>[Address Reference Count : 1]<UL><LI> startup_n32g45x.o(RESET)
</UL>
<P><STRONG><a name="[1c]"></a>TAMPER_IRQHandler</STRONG> (Thumb, 0 bytes, Stack size 0 bytes, startup_n32g45x.o(.text))
<BR>[Address Reference Count : 1]<UL><LI> startup_n32g45x.o(RESET)
</UL>
<P><STRONG><a name="[32]"></a>TIM1_BRK_IRQHandler</STRONG> (Thumb, 0 bytes, Stack size 0 bytes, startup_n32g45x.o(.text))
<BR>[Address Reference Count : 1]<UL><LI> startup_n32g45x.o(RESET)
</UL>
<P><STRONG><a name="[35]"></a>TIM1_CC_IRQHandler</STRONG> (Thumb, 0 bytes, Stack size 0 bytes, startup_n32g45x.o(.text))
<BR>[Address Reference Count : 1]<UL><LI> startup_n32g45x.o(RESET)
</UL>
<P><STRONG><a name="[34]"></a>TIM1_TRG_COM_IRQHandler</STRONG> (Thumb, 0 bytes, Stack size 0 bytes, startup_n32g45x.o(.text))
<BR>[Address Reference Count : 1]<UL><LI> startup_n32g45x.o(RESET)
</UL>
<P><STRONG><a name="[33]"></a>TIM1_UP_IRQHandler</STRONG> (Thumb, 0 bytes, Stack size 0 bytes, startup_n32g45x.o(.text))
<BR>[Address Reference Count : 1]<UL><LI> startup_n32g45x.o(RESET)
</UL>
<P><STRONG><a name="[36]"></a>TIM2_IRQHandler</STRONG> (Thumb, 0 bytes, Stack size 0 bytes, startup_n32g45x.o(.text))
<BR>[Address Reference Count : 1]<UL><LI> startup_n32g45x.o(RESET)
</UL>
<P><STRONG><a name="[37]"></a>TIM3_IRQHandler</STRONG> (Thumb, 0 bytes, Stack size 0 bytes, startup_n32g45x.o(.text))
<BR>[Address Reference Count : 1]<UL><LI> startup_n32g45x.o(RESET)
</UL>
<P><STRONG><a name="[38]"></a>TIM4_IRQHandler</STRONG> (Thumb, 0 bytes, Stack size 0 bytes, startup_n32g45x.o(.text))
<BR>[Address Reference Count : 1]<UL><LI> startup_n32g45x.o(RESET)
</UL>
<P><STRONG><a name="[4c]"></a>TIM5_IRQHandler</STRONG> (Thumb, 0 bytes, Stack size 0 bytes, startup_n32g45x.o(.text))
<BR>[Address Reference Count : 1]<UL><LI> startup_n32g45x.o(RESET)
</UL>
<P><STRONG><a name="[50]"></a>TIM6_IRQHandler</STRONG> (Thumb, 0 bytes, Stack size 0 bytes, startup_n32g45x.o(.text))
<BR>[Address Reference Count : 1]<UL><LI> startup_n32g45x.o(RESET)
</UL>
<P><STRONG><a name="[51]"></a>TIM7_IRQHandler</STRONG> (Thumb, 0 bytes, Stack size 0 bytes, startup_n32g45x.o(.text))
<BR>[Address Reference Count : 1]<UL><LI> startup_n32g45x.o(RESET)
</UL>
<P><STRONG><a name="[45]"></a>TIM8_BRK_IRQHandler</STRONG> (Thumb, 0 bytes, Stack size 0 bytes, startup_n32g45x.o(.text))
<BR>[Address Reference Count : 1]<UL><LI> startup_n32g45x.o(RESET)
</UL>
<P><STRONG><a name="[48]"></a>TIM8_CC_IRQHandler</STRONG> (Thumb, 0 bytes, Stack size 0 bytes, startup_n32g45x.o(.text))
<BR>[Address Reference Count : 1]<UL><LI> startup_n32g45x.o(RESET)
</UL>
<P><STRONG><a name="[47]"></a>TIM8_TRG_COM_IRQHandler</STRONG> (Thumb, 0 bytes, Stack size 0 bytes, startup_n32g45x.o(.text))
<BR>[Address Reference Count : 1]<UL><LI> startup_n32g45x.o(RESET)
</UL>
<P><STRONG><a name="[46]"></a>TIM8_UP_IRQHandler</STRONG> (Thumb, 0 bytes, Stack size 0 bytes, startup_n32g45x.o(.text))
<BR>[Address Reference Count : 1]<UL><LI> startup_n32g45x.o(RESET)
</UL>
<P><STRONG><a name="[6b]"></a>TSC_IRQHandler</STRONG> (Thumb, 0 bytes, Stack size 0 bytes, startup_n32g45x.o(.text))
<BR>[Address Reference Count : 1]<UL><LI> startup_n32g45x.o(RESET)
</UL>
<P><STRONG><a name="[4e]"></a>UART4_IRQHandler</STRONG> (Thumb, 0 bytes, Stack size 0 bytes, startup_n32g45x.o(.text))
<BR>[Address Reference Count : 1]<UL><LI> startup_n32g45x.o(RESET)
</UL>
<P><STRONG><a name="[4f]"></a>UART5_IRQHandler</STRONG> (Thumb, 0 bytes, Stack size 0 bytes, startup_n32g45x.o(.text))
<BR>[Address Reference Count : 1]<UL><LI> startup_n32g45x.o(RESET)
</UL>
<P><STRONG><a name="[64]"></a>UART6_IRQHandler</STRONG> (Thumb, 0 bytes, Stack size 0 bytes, startup_n32g45x.o(.text))
<BR>[Address Reference Count : 1]<UL><LI> startup_n32g45x.o(RESET)
</UL>
<P><STRONG><a name="[65]"></a>UART7_IRQHandler</STRONG> (Thumb, 0 bytes, Stack size 0 bytes, startup_n32g45x.o(.text))
<BR>[Address Reference Count : 1]<UL><LI> startup_n32g45x.o(RESET)
</UL>
<P><STRONG><a name="[3f]"></a>USART1_IRQHandler</STRONG> (Thumb, 0 bytes, Stack size 0 bytes, startup_n32g45x.o(.text))
<BR>[Address Reference Count : 1]<UL><LI> startup_n32g45x.o(RESET)
</UL>
<P><STRONG><a name="[40]"></a>USART2_IRQHandler</STRONG> (Thumb, 0 bytes, Stack size 0 bytes, startup_n32g45x.o(.text))
<BR>[Address Reference Count : 1]<UL><LI> startup_n32g45x.o(RESET)
</UL>
<P><STRONG><a name="[41]"></a>USART3_IRQHandler</STRONG> (Thumb, 0 bytes, Stack size 0 bytes, startup_n32g45x.o(.text))
<BR>[Address Reference Count : 1]<UL><LI> startup_n32g45x.o(RESET)
</UL>
<P><STRONG><a name="[2d]"></a>USB_HP_CAN1_TX_IRQHandler</STRONG> (Thumb, 0 bytes, Stack size 0 bytes, startup_n32g45x.o(.text))
<BR>[Address Reference Count : 1]<UL><LI> startup_n32g45x.o(RESET)
</UL>
<P><STRONG><a name="[1a]"></a>WWDG_IRQHandler</STRONG> (Thumb, 0 bytes, Stack size 0 bytes, startup_n32g45x.o(.text))
<BR>[Address Reference Count : 1]<UL><LI> startup_n32g45x.o(RESET)
</UL>
<P><STRONG><a name="[71]"></a>SystemInit</STRONG> (Thumb, 166 bytes, Stack size 8 bytes, system_n32g45x.o(.text))
<BR><BR>[Stack]<UL><LI>Max Depth = 24<LI>Call Chain = SystemInit &rArr; SetSysClock
</UL>
<BR>[Calls]<UL><LI><a href="#[76]">&gt;&gt;</a>&nbsp;&nbsp;&nbsp;SetSysClock
<LI><a href="#[77]">&gt;&gt;</a>&nbsp;&nbsp;&nbsp;SetVDDDBKTrim
</UL>
<BR>[Address Reference Count : 1]<UL><LI> startup_n32g45x.o(.text)
</UL>
<P><STRONG><a name="[1a9]"></a>SystemCoreClockUpdate</STRONG> (Thumb, 162 bytes, Stack size 8 bytes, system_n32g45x.o(.text), UNUSED)

<P><STRONG><a name="[78]"></a>NVIC_PriorityGroupConfig</STRONG> (Thumb, 56 bytes, Stack size 8 bytes, misc.o(.text))
<BR><BR>[Stack]<UL><LI>Max Depth = 8<LI>Call Chain = NVIC_PriorityGroupConfig
</UL>
<BR>[Calls]<UL><LI><a href="#[79]">&gt;&gt;</a>&nbsp;&nbsp;&nbsp;assert_failed
</UL>
<BR>[Called By]<UL><LI><a href="#[e9]">&gt;&gt;</a>&nbsp;&nbsp;&nbsp;USB_Interrupts_Config
</UL>

<P><STRONG><a name="[7a]"></a>NVIC_Init</STRONG> (Thumb, 164 bytes, Stack size 24 bytes, misc.o(.text))
<BR><BR>[Stack]<UL><LI>Max Depth = 24<LI>Call Chain = NVIC_Init
</UL>
<BR>[Calls]<UL><LI><a href="#[79]">&gt;&gt;</a>&nbsp;&nbsp;&nbsp;assert_failed
</UL>
<BR>[Called By]<UL><LI><a href="#[e9]">&gt;&gt;</a>&nbsp;&nbsp;&nbsp;USB_Interrupts_Config
</UL>

<P><STRONG><a name="[7b]"></a>NVIC_SetVectorTable</STRONG> (Thumb, 64 bytes, Stack size 16 bytes, misc.o(.text), UNUSED)
<BR><BR>[Calls]<UL><LI><a href="#[79]">&gt;&gt;</a>&nbsp;&nbsp;&nbsp;assert_failed
</UL>

<P><STRONG><a name="[7c]"></a>NVIC_SystemLPConfig</STRONG> (Thumb, 82 bytes, Stack size 16 bytes, misc.o(.text), UNUSED)
<BR><BR>[Calls]<UL><LI><a href="#[79]">&gt;&gt;</a>&nbsp;&nbsp;&nbsp;assert_failed
</UL>

<P><STRONG><a name="[7d]"></a>SysTick_CLKSourceConfig</STRONG> (Thumb, 42 bytes, Stack size 8 bytes, misc.o(.text), UNUSED)
<BR><BR>[Calls]<UL><LI><a href="#[79]">&gt;&gt;</a>&nbsp;&nbsp;&nbsp;assert_failed
</UL>

<P><STRONG><a name="[1aa]"></a>EXTI_DeInit</STRONG> (Thumb, 28 bytes, Stack size 0 bytes, n32g45x_exti.o(.text), UNUSED)

<P><STRONG><a name="[7e]"></a>EXTI_InitPeripheral</STRONG> (Thumb, 244 bytes, Stack size 16 bytes, n32g45x_exti.o(.text))
<BR><BR>[Stack]<UL><LI>Max Depth = 16<LI>Call Chain = EXTI_InitPeripheral
</UL>
<BR>[Calls]<UL><LI><a href="#[79]">&gt;&gt;</a>&nbsp;&nbsp;&nbsp;assert_failed
</UL>
<BR>[Called By]<UL><LI><a href="#[f5]">&gt;&gt;</a>&nbsp;&nbsp;&nbsp;Set_System
</UL>

<P><STRONG><a name="[1ab]"></a>EXTI_InitStruct</STRONG> (Thumb, 16 bytes, Stack size 0 bytes, n32g45x_exti.o(.text), UNUSED)

<P><STRONG><a name="[7f]"></a>EXTI_TriggerSWInt</STRONG> (Thumb, 40 bytes, Stack size 8 bytes, n32g45x_exti.o(.text), UNUSED)
<BR><BR>[Calls]<UL><LI><a href="#[79]">&gt;&gt;</a>&nbsp;&nbsp;&nbsp;assert_failed
</UL>

<P><STRONG><a name="[80]"></a>EXTI_GetStatusFlag</STRONG> (Thumb, 154 bytes, Stack size 16 bytes, n32g45x_exti.o(.text), UNUSED)
<BR><BR>[Calls]<UL><LI><a href="#[79]">&gt;&gt;</a>&nbsp;&nbsp;&nbsp;assert_failed
</UL>

<P><STRONG><a name="[81]"></a>EXTI_ClrStatusFlag</STRONG> (Thumb, 32 bytes, Stack size 8 bytes, n32g45x_exti.o(.text), UNUSED)
<BR><BR>[Calls]<UL><LI><a href="#[79]">&gt;&gt;</a>&nbsp;&nbsp;&nbsp;assert_failed
</UL>

<P><STRONG><a name="[82]"></a>EXTI_GetITStatus</STRONG> (Thumb, 166 bytes, Stack size 16 bytes, n32g45x_exti.o(.text), UNUSED)
<BR><BR>[Calls]<UL><LI><a href="#[79]">&gt;&gt;</a>&nbsp;&nbsp;&nbsp;assert_failed
</UL>

<P><STRONG><a name="[83]"></a>EXTI_ClrITPendBit</STRONG> (Thumb, 34 bytes, Stack size 8 bytes, n32g45x_exti.o(.text))
<BR><BR>[Stack]<UL><LI>Max Depth = 8<LI>Call Chain = EXTI_ClrITPendBit
</UL>
<BR>[Calls]<UL><LI><a href="#[79]">&gt;&gt;</a>&nbsp;&nbsp;&nbsp;assert_failed
</UL>
<BR>[Called By]<UL><LI><a href="#[f5]">&gt;&gt;</a>&nbsp;&nbsp;&nbsp;Set_System
<LI><a href="#[44]">&gt;&gt;</a>&nbsp;&nbsp;&nbsp;USBWakeUp_IRQHandler
</UL>

<P><STRONG><a name="[84]"></a>EXTI_RTCTimeStampSel</STRONG> (Thumb, 106 bytes, Stack size 8 bytes, n32g45x_exti.o(.text), UNUSED)
<BR><BR>[Calls]<UL><LI><a href="#[79]">&gt;&gt;</a>&nbsp;&nbsp;&nbsp;assert_failed
</UL>

<P><STRONG><a name="[85]"></a>GPIO_DeInit</STRONG> (Thumb, 226 bytes, Stack size 8 bytes, n32g45x_gpio.o(.text), UNUSED)
<BR><BR>[Calls]<UL><LI><a href="#[86]">&gt;&gt;</a>&nbsp;&nbsp;&nbsp;RCC_EnableAPB2PeriphReset
<LI><a href="#[79]">&gt;&gt;</a>&nbsp;&nbsp;&nbsp;assert_failed
</UL>

<P><STRONG><a name="[87]"></a>GPIO_AFIOInitDefault</STRONG> (Thumb, 20 bytes, Stack size 8 bytes, n32g45x_gpio.o(.text), UNUSED)
<BR><BR>[Calls]<UL><LI><a href="#[86]">&gt;&gt;</a>&nbsp;&nbsp;&nbsp;RCC_EnableAPB2PeriphReset
</UL>

<P><STRONG><a name="[88]"></a>GPIO_InitPeripheral</STRONG> (Thumb, 390 bytes, Stack size 40 bytes, n32g45x_gpio.o(.text))
<BR><BR>[Stack]<UL><LI>Max Depth = 40<LI>Call Chain = GPIO_InitPeripheral
</UL>
<BR>[Calls]<UL><LI><a href="#[79]">&gt;&gt;</a>&nbsp;&nbsp;&nbsp;assert_failed
</UL>
<BR>[Called By]<UL><LI><a href="#[f3]">&gt;&gt;</a>&nbsp;&nbsp;&nbsp;GPIO_Configuration
<LI><a href="#[e6]">&gt;&gt;</a>&nbsp;&nbsp;&nbsp;DFU_enter
<LI><a href="#[dc]">&gt;&gt;</a>&nbsp;&nbsp;&nbsp;QSPI_GPIO
<LI><a href="#[db]">&gt;&gt;</a>&nbsp;&nbsp;&nbsp;QSPI_SingleGpioConfig
</UL>

<P><STRONG><a name="[e7]"></a>GPIO_InitStruct</STRONG> (Thumb, 16 bytes, Stack size 0 bytes, n32g45x_gpio.o(.text))
<BR><BR>[Called By]<UL><LI><a href="#[e6]">&gt;&gt;</a>&nbsp;&nbsp;&nbsp;DFU_enter
</UL>

<P><STRONG><a name="[89]"></a>GPIO_ReadInputDataBit</STRONG> (Thumb, 174 bytes, Stack size 16 bytes, n32g45x_gpio.o(.text))
<BR><BR>[Stack]<UL><LI>Max Depth = 16<LI>Call Chain = GPIO_ReadInputDataBit
</UL>
<BR>[Calls]<UL><LI><a href="#[79]">&gt;&gt;</a>&nbsp;&nbsp;&nbsp;assert_failed
</UL>
<BR>[Called By]<UL><LI><a href="#[e6]">&gt;&gt;</a>&nbsp;&nbsp;&nbsp;DFU_enter
</UL>

<P><STRONG><a name="[8a]"></a>GPIO_ReadInputData</STRONG> (Thumb, 66 bytes, Stack size 8 bytes, n32g45x_gpio.o(.text), UNUSED)
<BR><BR>[Calls]<UL><LI><a href="#[79]">&gt;&gt;</a>&nbsp;&nbsp;&nbsp;assert_failed
</UL>

<P><STRONG><a name="[8b]"></a>GPIO_ReadOutputDataBit</STRONG> (Thumb, 448 bytes, Stack size 16 bytes, n32g45x_gpio.o(.text), UNUSED)
<BR><BR>[Calls]<UL><LI><a href="#[79]">&gt;&gt;</a>&nbsp;&nbsp;&nbsp;assert_failed
</UL>

<P><STRONG><a name="[8c]"></a>GPIO_ReadOutputData</STRONG> (Thumb, 70 bytes, Stack size 8 bytes, n32g45x_gpio.o(.text), UNUSED)
<BR><BR>[Calls]<UL><LI><a href="#[79]">&gt;&gt;</a>&nbsp;&nbsp;&nbsp;assert_failed
</UL>

<P><STRONG><a name="[8d]"></a>GPIO_SetBits</STRONG> (Thumb, 92 bytes, Stack size 16 bytes, n32g45x_gpio.o(.text), UNUSED)
<BR><BR>[Calls]<UL><LI><a href="#[79]">&gt;&gt;</a>&nbsp;&nbsp;&nbsp;assert_failed
</UL>
<BR>[Called By]<UL><LI><a href="#[f7]">&gt;&gt;</a>&nbsp;&nbsp;&nbsp;USB_Cable_Config
</UL>

<P><STRONG><a name="[8e]"></a>GPIO_SetBitsHigh16</STRONG> (Thumb, 70 bytes, Stack size 16 bytes, n32g45x_gpio.o(.text), UNUSED)
<BR><BR>[Calls]<UL><LI><a href="#[79]">&gt;&gt;</a>&nbsp;&nbsp;&nbsp;assert_failed
</UL>

<P><STRONG><a name="[8f]"></a>GPIO_ResetBits</STRONG> (Thumb, 92 bytes, Stack size 16 bytes, n32g45x_gpio.o(.text), UNUSED)
<BR><BR>[Calls]<UL><LI><a href="#[79]">&gt;&gt;</a>&nbsp;&nbsp;&nbsp;assert_failed
</UL>
<BR>[Called By]<UL><LI><a href="#[f7]">&gt;&gt;</a>&nbsp;&nbsp;&nbsp;USB_Cable_Config
</UL>

<P><STRONG><a name="[90]"></a>GPIO_WriteBit</STRONG> (Thumb, 198 bytes, Stack size 16 bytes, n32g45x_gpio.o(.text), UNUSED)
<BR><BR>[Calls]<UL><LI><a href="#[79]">&gt;&gt;</a>&nbsp;&nbsp;&nbsp;assert_failed
</UL>

<P><STRONG><a name="[91]"></a>GPIO_Write</STRONG> (Thumb, 70 bytes, Stack size 16 bytes, n32g45x_gpio.o(.text), UNUSED)
<BR><BR>[Calls]<UL><LI><a href="#[79]">&gt;&gt;</a>&nbsp;&nbsp;&nbsp;assert_failed
</UL>

<P><STRONG><a name="[92]"></a>GPIO_ConfigPinLock</STRONG> (Thumb, 106 bytes, Stack size 16 bytes, n32g45x_gpio.o(.text), UNUSED)
<BR><BR>[Calls]<UL><LI><a href="#[79]">&gt;&gt;</a>&nbsp;&nbsp;&nbsp;assert_failed
</UL>

<P><STRONG><a name="[93]"></a>GPIO_ConfigEventOutput</STRONG> (Thumb, 142 bytes, Stack size 16 bytes, n32g45x_gpio.o(.text), UNUSED)
<BR><BR>[Calls]<UL><LI><a href="#[79]">&gt;&gt;</a>&nbsp;&nbsp;&nbsp;assert_failed
</UL>

<P><STRONG><a name="[94]"></a>GPIO_CtrlEventOutput</STRONG> (Thumb, 32 bytes, Stack size 8 bytes, n32g45x_gpio.o(.text), UNUSED)
<BR><BR>[Calls]<UL><LI><a href="#[79]">&gt;&gt;</a>&nbsp;&nbsp;&nbsp;assert_failed
</UL>

<P><STRONG><a name="[95]"></a>GPIO_ConfigPinRemap</STRONG> (Thumb, 1828 bytes, Stack size 32 bytes, n32g45x_gpio.o(.text))
<BR><BR>[Stack]<UL><LI>Max Depth = 32<LI>Call Chain = GPIO_ConfigPinRemap
</UL>
<BR>[Calls]<UL><LI><a href="#[79]">&gt;&gt;</a>&nbsp;&nbsp;&nbsp;assert_failed
</UL>
<BR>[Called By]<UL><LI><a href="#[dc]">&gt;&gt;</a>&nbsp;&nbsp;&nbsp;QSPI_GPIO
<LI><a href="#[130]">&gt;&gt;</a>&nbsp;&nbsp;&nbsp;Qspi_Init
</UL>

<P><STRONG><a name="[96]"></a>GPIO_ConfigEXTILine</STRONG> (Thumb, 192 bytes, Stack size 16 bytes, n32g45x_gpio.o(.text), UNUSED)
<BR><BR>[Calls]<UL><LI><a href="#[79]">&gt;&gt;</a>&nbsp;&nbsp;&nbsp;assert_failed
</UL>

<P><STRONG><a name="[97]"></a>GPIO_ETH_ConfigMediaInterface</STRONG> (Thumb, 50 bytes, Stack size 8 bytes, n32g45x_gpio.o(.text), UNUSED)
<BR><BR>[Calls]<UL><LI><a href="#[79]">&gt;&gt;</a>&nbsp;&nbsp;&nbsp;assert_failed
</UL>

<P><STRONG><a name="[1ac]"></a>RCC_DeInit</STRONG> (Thumb, 78 bytes, Stack size 0 bytes, n32g45x_rcc.o(.text), UNUSED)

<P><STRONG><a name="[98]"></a>RCC_ConfigHse</STRONG> (Thumb, 100 bytes, Stack size 8 bytes, n32g45x_rcc.o(.text), UNUSED)
<BR><BR>[Calls]<UL><LI><a href="#[79]">&gt;&gt;</a>&nbsp;&nbsp;&nbsp;assert_failed
</UL>

<P><STRONG><a name="[99]"></a>RCC_GetFlagStatus</STRONG> (Thumb, 140 bytes, Stack size 24 bytes, n32g45x_rcc.o(.text), UNUSED)
<BR><BR>[Calls]<UL><LI><a href="#[79]">&gt;&gt;</a>&nbsp;&nbsp;&nbsp;assert_failed
</UL>
<BR>[Called By]<UL><LI><a href="#[9a]">&gt;&gt;</a>&nbsp;&nbsp;&nbsp;RCC_WaitHseStable
</UL>

<P><STRONG><a name="[9a]"></a>RCC_WaitHseStable</STRONG> (Thumb, 56 bytes, Stack size 16 bytes, n32g45x_rcc.o(.text), UNUSED)
<BR><BR>[Calls]<UL><LI><a href="#[99]">&gt;&gt;</a>&nbsp;&nbsp;&nbsp;RCC_GetFlagStatus
</UL>

<P><STRONG><a name="[9b]"></a>RCC_SetHsiCalibValue</STRONG> (Thumb, 40 bytes, Stack size 16 bytes, n32g45x_rcc.o(.text), UNUSED)
<BR><BR>[Calls]<UL><LI><a href="#[79]">&gt;&gt;</a>&nbsp;&nbsp;&nbsp;assert_failed
</UL>

<P><STRONG><a name="[9c]"></a>RCC_EnableHsi</STRONG> (Thumb, 30 bytes, Stack size 8 bytes, n32g45x_rcc.o(.text), UNUSED)
<BR><BR>[Calls]<UL><LI><a href="#[79]">&gt;&gt;</a>&nbsp;&nbsp;&nbsp;assert_failed
</UL>

<P><STRONG><a name="[9d]"></a>RCC_ConfigPll</STRONG> (Thumb, 254 bytes, Stack size 16 bytes, n32g45x_rcc.o(.text), UNUSED)
<BR><BR>[Calls]<UL><LI><a href="#[79]">&gt;&gt;</a>&nbsp;&nbsp;&nbsp;assert_failed
</UL>

<P><STRONG><a name="[9e]"></a>RCC_EnablePll</STRONG> (Thumb, 30 bytes, Stack size 8 bytes, n32g45x_rcc.o(.text), UNUSED)
<BR><BR>[Calls]<UL><LI><a href="#[79]">&gt;&gt;</a>&nbsp;&nbsp;&nbsp;assert_failed
</UL>

<P><STRONG><a name="[9f]"></a>RCC_ConfigSysclk</STRONG> (Thumb, 44 bytes, Stack size 16 bytes, n32g45x_rcc.o(.text), UNUSED)
<BR><BR>[Calls]<UL><LI><a href="#[79]">&gt;&gt;</a>&nbsp;&nbsp;&nbsp;assert_failed
</UL>

<P><STRONG><a name="[1ad]"></a>RCC_GetSysclkSrc</STRONG> (Thumb, 10 bytes, Stack size 0 bytes, n32g45x_rcc.o(.text), UNUSED)

<P><STRONG><a name="[a0]"></a>RCC_ConfigHclk</STRONG> (Thumb, 68 bytes, Stack size 16 bytes, n32g45x_rcc.o(.text), UNUSED)
<BR><BR>[Calls]<UL><LI><a href="#[79]">&gt;&gt;</a>&nbsp;&nbsp;&nbsp;assert_failed
</UL>

<P><STRONG><a name="[a1]"></a>RCC_ConfigPclk1</STRONG> (Thumb, 60 bytes, Stack size 16 bytes, n32g45x_rcc.o(.text), UNUSED)
<BR><BR>[Calls]<UL><LI><a href="#[79]">&gt;&gt;</a>&nbsp;&nbsp;&nbsp;assert_failed
</UL>

<P><STRONG><a name="[a2]"></a>RCC_ConfigPclk2</STRONG> (Thumb, 62 bytes, Stack size 16 bytes, n32g45x_rcc.o(.text), UNUSED)
<BR><BR>[Calls]<UL><LI><a href="#[79]">&gt;&gt;</a>&nbsp;&nbsp;&nbsp;assert_failed
</UL>

<P><STRONG><a name="[a3]"></a>RCC_ConfigInt</STRONG> (Thumb, 480 bytes, Stack size 16 bytes, n32g45x_rcc.o(.text), UNUSED)
<BR><BR>[Calls]<UL><LI><a href="#[79]">&gt;&gt;</a>&nbsp;&nbsp;&nbsp;assert_failed
</UL>

<P><STRONG><a name="[a4]"></a>RCC_ConfigUsbClk</STRONG> (Thumb, 50 bytes, Stack size 8 bytes, n32g45x_rcc.o(.text))
<BR><BR>[Stack]<UL><LI>Max Depth = 8<LI>Call Chain = RCC_ConfigUsbClk
</UL>
<BR>[Calls]<UL><LI><a href="#[79]">&gt;&gt;</a>&nbsp;&nbsp;&nbsp;assert_failed
</UL>
<BR>[Called By]<UL><LI><a href="#[ea]">&gt;&gt;</a>&nbsp;&nbsp;&nbsp;Set_USBClock
</UL>

<P><STRONG><a name="[a5]"></a>RCC_ConfigTim18Clk</STRONG> (Thumb, 44 bytes, Stack size 16 bytes, n32g45x_rcc.o(.text), UNUSED)
<BR><BR>[Calls]<UL><LI><a href="#[79]">&gt;&gt;</a>&nbsp;&nbsp;&nbsp;assert_failed
</UL>

<P><STRONG><a name="[a6]"></a>RCC_ConfigRngcClk</STRONG> (Thumb, 228 bytes, Stack size 16 bytes, n32g45x_rcc.o(.text), UNUSED)
<BR><BR>[Calls]<UL><LI><a href="#[79]">&gt;&gt;</a>&nbsp;&nbsp;&nbsp;assert_failed
</UL>

<P><STRONG><a name="[a7]"></a>RCC_ConfigAdc1mClk</STRONG> (Thumb, 260 bytes, Stack size 16 bytes, n32g45x_rcc.o(.text), UNUSED)
<BR><BR>[Calls]<UL><LI><a href="#[79]">&gt;&gt;</a>&nbsp;&nbsp;&nbsp;assert_failed
</UL>

<P><STRONG><a name="[a8]"></a>RCC_ConfigAdcPllClk</STRONG> (Thumb, 168 bytes, Stack size 16 bytes, n32g45x_rcc.o(.text), UNUSED)
<BR><BR>[Calls]<UL><LI><a href="#[79]">&gt;&gt;</a>&nbsp;&nbsp;&nbsp;assert_failed
</UL>

<P><STRONG><a name="[a9]"></a>RCC_ConfigAdcHclk</STRONG> (Thumb, 76 bytes, Stack size 16 bytes, n32g45x_rcc.o(.text), UNUSED)
<BR><BR>[Calls]<UL><LI><a href="#[79]">&gt;&gt;</a>&nbsp;&nbsp;&nbsp;assert_failed
</UL>

<P><STRONG><a name="[aa]"></a>RCC_ConfigTrng1mClk</STRONG> (Thumb, 520 bytes, Stack size 16 bytes, n32g45x_rcc.o(.text), UNUSED)
<BR><BR>[Calls]<UL><LI><a href="#[79]">&gt;&gt;</a>&nbsp;&nbsp;&nbsp;assert_failed
</UL>

<P><STRONG><a name="[ab]"></a>RCC_EnableTrng1mClk</STRONG> (Thumb, 58 bytes, Stack size 8 bytes, n32g45x_rcc.o(.text), UNUSED)
<BR><BR>[Calls]<UL><LI><a href="#[79]">&gt;&gt;</a>&nbsp;&nbsp;&nbsp;assert_failed
</UL>

<P><STRONG><a name="[ac]"></a>RCC_ConfigLse</STRONG> (Thumb, 80 bytes, Stack size 8 bytes, n32g45x_rcc.o(.text), UNUSED)
<BR><BR>[Calls]<UL><LI><a href="#[79]">&gt;&gt;</a>&nbsp;&nbsp;&nbsp;assert_failed
</UL>

<P><STRONG><a name="[ad]"></a>RCC_EnableLsi</STRONG> (Thumb, 34 bytes, Stack size 8 bytes, n32g45x_rcc.o(.text), UNUSED)
<BR><BR>[Calls]<UL><LI><a href="#[79]">&gt;&gt;</a>&nbsp;&nbsp;&nbsp;assert_failed
</UL>

<P><STRONG><a name="[ae]"></a>RCC_ConfigRtcClk</STRONG> (Thumb, 60 bytes, Stack size 8 bytes, n32g45x_rcc.o(.text), UNUSED)
<BR><BR>[Calls]<UL><LI><a href="#[79]">&gt;&gt;</a>&nbsp;&nbsp;&nbsp;assert_failed
</UL>

<P><STRONG><a name="[af]"></a>RCC_EnableRtcClk</STRONG> (Thumb, 36 bytes, Stack size 8 bytes, n32g45x_rcc.o(.text), UNUSED)
<BR><BR>[Calls]<UL><LI><a href="#[79]">&gt;&gt;</a>&nbsp;&nbsp;&nbsp;assert_failed
</UL>

<P><STRONG><a name="[c1]"></a>RCC_GetClocksFreqValue</STRONG> (Thumb, 240 bytes, Stack size 20 bytes, n32g45x_rcc.o(.text))
<BR><BR>[Stack]<UL><LI>Max Depth = 20<LI>Call Chain = RCC_GetClocksFreqValue
</UL>
<BR>[Called By]<UL><LI><a href="#[c0]">&gt;&gt;</a>&nbsp;&nbsp;&nbsp;USART_Init
</UL>

<P><STRONG><a name="[b0]"></a>RCC_EnableAHBPeriphClk</STRONG> (Thumb, 80 bytes, Stack size 16 bytes, n32g45x_rcc.o(.text))
<BR><BR>[Stack]<UL><LI>Max Depth = 16<LI>Call Chain = RCC_EnableAHBPeriphClk
</UL>
<BR>[Calls]<UL><LI><a href="#[79]">&gt;&gt;</a>&nbsp;&nbsp;&nbsp;assert_failed
</UL>
<BR>[Called By]<UL><LI><a href="#[dc]">&gt;&gt;</a>&nbsp;&nbsp;&nbsp;QSPI_GPIO
<LI><a href="#[130]">&gt;&gt;</a>&nbsp;&nbsp;&nbsp;Qspi_Init
</UL>

<P><STRONG><a name="[b1]"></a>RCC_EnableAPB2PeriphClk</STRONG> (Thumb, 80 bytes, Stack size 16 bytes, n32g45x_rcc.o(.text))
<BR><BR>[Stack]<UL><LI>Max Depth = 16<LI>Call Chain = RCC_EnableAPB2PeriphClk
</UL>
<BR>[Calls]<UL><LI><a href="#[79]">&gt;&gt;</a>&nbsp;&nbsp;&nbsp;assert_failed
</UL>
<BR>[Called By]<UL><LI><a href="#[f4]">&gt;&gt;</a>&nbsp;&nbsp;&nbsp;usart_init
<LI><a href="#[dc]">&gt;&gt;</a>&nbsp;&nbsp;&nbsp;QSPI_GPIO
</UL>

<P><STRONG><a name="[b2]"></a>RCC_EnableAPB1PeriphClk</STRONG> (Thumb, 80 bytes, Stack size 16 bytes, n32g45x_rcc.o(.text))
<BR><BR>[Stack]<UL><LI>Max Depth = 16<LI>Call Chain = RCC_EnableAPB1PeriphClk
</UL>
<BR>[Calls]<UL><LI><a href="#[79]">&gt;&gt;</a>&nbsp;&nbsp;&nbsp;assert_failed
</UL>
<BR>[Called By]<UL><LI><a href="#[ea]">&gt;&gt;</a>&nbsp;&nbsp;&nbsp;Set_USBClock
</UL>

<P><STRONG><a name="[b3]"></a>RCC_EnableAHBPeriphReset</STRONG> (Thumb, 80 bytes, Stack size 16 bytes, n32g45x_rcc.o(.text))
<BR><BR>[Stack]<UL><LI>Max Depth = 16<LI>Call Chain = RCC_EnableAHBPeriphReset
</UL>
<BR>[Calls]<UL><LI><a href="#[79]">&gt;&gt;</a>&nbsp;&nbsp;&nbsp;assert_failed
</UL>
<BR>[Called By]<UL><LI><a href="#[d9]">&gt;&gt;</a>&nbsp;&nbsp;&nbsp;QSPI_DeInit
</UL>

<P><STRONG><a name="[86]"></a>RCC_EnableAPB2PeriphReset</STRONG> (Thumb, 80 bytes, Stack size 16 bytes, n32g45x_rcc.o(.text), UNUSED)
<BR><BR>[Calls]<UL><LI><a href="#[79]">&gt;&gt;</a>&nbsp;&nbsp;&nbsp;assert_failed
</UL>
<BR>[Called By]<UL><LI><a href="#[bf]">&gt;&gt;</a>&nbsp;&nbsp;&nbsp;USART_DeInit
<LI><a href="#[87]">&gt;&gt;</a>&nbsp;&nbsp;&nbsp;GPIO_AFIOInitDefault
<LI><a href="#[85]">&gt;&gt;</a>&nbsp;&nbsp;&nbsp;GPIO_DeInit
</UL>

<P><STRONG><a name="[b4]"></a>RCC_EnableAPB1PeriphReset</STRONG> (Thumb, 336 bytes, Stack size 16 bytes, n32g45x_rcc.o(.text), UNUSED)
<BR><BR>[Calls]<UL><LI><a href="#[79]">&gt;&gt;</a>&nbsp;&nbsp;&nbsp;assert_failed
</UL>
<BR>[Called By]<UL><LI><a href="#[bf]">&gt;&gt;</a>&nbsp;&nbsp;&nbsp;USART_DeInit
</UL>

<P><STRONG><a name="[b5]"></a>RCC_EnableBORReset</STRONG> (Thumb, 58 bytes, Stack size 8 bytes, n32g45x_rcc.o(.text), UNUSED)
<BR><BR>[Calls]<UL><LI><a href="#[79]">&gt;&gt;</a>&nbsp;&nbsp;&nbsp;assert_failed
</UL>

<P><STRONG><a name="[b6]"></a>RCC_EnableBackupReset</STRONG> (Thumb, 34 bytes, Stack size 8 bytes, n32g45x_rcc.o(.text), UNUSED)
<BR><BR>[Calls]<UL><LI><a href="#[79]">&gt;&gt;</a>&nbsp;&nbsp;&nbsp;assert_failed
</UL>

<P><STRONG><a name="[b7]"></a>RCC_EnableClockSecuritySystem</STRONG> (Thumb, 34 bytes, Stack size 8 bytes, n32g45x_rcc.o(.text), UNUSED)
<BR><BR>[Calls]<UL><LI><a href="#[79]">&gt;&gt;</a>&nbsp;&nbsp;&nbsp;assert_failed
</UL>

<P><STRONG><a name="[b8]"></a>RCC_ConfigMcoPllClk</STRONG> (Thumb, 120 bytes, Stack size 16 bytes, n32g45x_rcc.o(.text), UNUSED)
<BR><BR>[Calls]<UL><LI><a href="#[79]">&gt;&gt;</a>&nbsp;&nbsp;&nbsp;assert_failed
</UL>

<P><STRONG><a name="[b9]"></a>RCC_ConfigMco</STRONG> (Thumb, 56 bytes, Stack size 16 bytes, n32g45x_rcc.o(.text), UNUSED)
<BR><BR>[Calls]<UL><LI><a href="#[79]">&gt;&gt;</a>&nbsp;&nbsp;&nbsp;assert_failed
</UL>

<P><STRONG><a name="[1ae]"></a>RCC_ClrFlag</STRONG> (Thumb, 24 bytes, Stack size 0 bytes, n32g45x_rcc.o(.text), UNUSED)

<P><STRONG><a name="[ba]"></a>RCC_GetIntStatus</STRONG> (Thumb, 64 bytes, Stack size 16 bytes, n32g45x_rcc.o(.text), UNUSED)
<BR><BR>[Calls]<UL><LI><a href="#[79]">&gt;&gt;</a>&nbsp;&nbsp;&nbsp;assert_failed
</UL>

<P><STRONG><a name="[bb]"></a>RCC_ClrIntPendingBit</STRONG> (Thumb, 34 bytes, Stack size 8 bytes, n32g45x_rcc.o(.text), UNUSED)
<BR><BR>[Calls]<UL><LI><a href="#[79]">&gt;&gt;</a>&nbsp;&nbsp;&nbsp;assert_failed
</UL>

<P><STRONG><a name="[bd]"></a>RCC_GetCurHSITrim</STRONG> (Thumb, 12 bytes, Stack size 0 bytes, n32g45x_rcc.o(.text), UNUSED)
<BR><BR>[Called By]<UL><LI><a href="#[bc]">&gt;&gt;</a>&nbsp;&nbsp;&nbsp;RCC_ConfigHSITrim
</UL>

<P><STRONG><a name="[bc]"></a>RCC_ConfigHSITrim</STRONG> (Thumb, 64 bytes, Stack size 24 bytes, n32g45x_rcc.o(.text), UNUSED)
<BR><BR>[Calls]<UL><LI><a href="#[bd]">&gt;&gt;</a>&nbsp;&nbsp;&nbsp;RCC_GetCurHSITrim
<LI><a href="#[be]">&gt;&gt;</a>&nbsp;&nbsp;&nbsp;RCC_SetHSITrim
</UL>

<P><STRONG><a name="[bf]"></a>USART_DeInit</STRONG> (Thumb, 240 bytes, Stack size 8 bytes, n32g45x_usart.o(.text), UNUSED)
<BR><BR>[Calls]<UL><LI><a href="#[b4]">&gt;&gt;</a>&nbsp;&nbsp;&nbsp;RCC_EnableAPB1PeriphReset
<LI><a href="#[86]">&gt;&gt;</a>&nbsp;&nbsp;&nbsp;RCC_EnableAPB2PeriphReset
<LI><a href="#[79]">&gt;&gt;</a>&nbsp;&nbsp;&nbsp;assert_failed
</UL>

<P><STRONG><a name="[c0]"></a>USART_Init</STRONG> (Thumb, 456 bytes, Stack size 56 bytes, n32g45x_usart.o(.text))
<BR><BR>[Stack]<UL><LI>Max Depth = 76<LI>Call Chain = USART_Init &rArr; RCC_GetClocksFreqValue
</UL>
<BR>[Calls]<UL><LI><a href="#[c1]">&gt;&gt;</a>&nbsp;&nbsp;&nbsp;RCC_GetClocksFreqValue
<LI><a href="#[79]">&gt;&gt;</a>&nbsp;&nbsp;&nbsp;assert_failed
</UL>
<BR>[Called By]<UL><LI><a href="#[f4]">&gt;&gt;</a>&nbsp;&nbsp;&nbsp;usart_init
</UL>

<P><STRONG><a name="[1af]"></a>USART_StructInit</STRONG> (Thumb, 24 bytes, Stack size 0 bytes, n32g45x_usart.o(.text), UNUSED)

<P><STRONG><a name="[c2]"></a>USART_ClockInit</STRONG> (Thumb, 172 bytes, Stack size 16 bytes, n32g45x_usart.o(.text), UNUSED)
<BR><BR>[Calls]<UL><LI><a href="#[79]">&gt;&gt;</a>&nbsp;&nbsp;&nbsp;assert_failed
</UL>

<P><STRONG><a name="[1b0]"></a>USART_ClockStructInit</STRONG> (Thumb, 12 bytes, Stack size 0 bytes, n32g45x_usart.o(.text), UNUSED)

<P><STRONG><a name="[c3]"></a>USART_Enable</STRONG> (Thumb, 690 bytes, Stack size 16 bytes, n32g45x_usart.o(.text))
<BR><BR>[Stack]<UL><LI>Max Depth = 16<LI>Call Chain = USART_Enable
</UL>
<BR>[Calls]<UL><LI><a href="#[79]">&gt;&gt;</a>&nbsp;&nbsp;&nbsp;assert_failed
</UL>
<BR>[Called By]<UL><LI><a href="#[f4]">&gt;&gt;</a>&nbsp;&nbsp;&nbsp;usart_init
</UL>

<P><STRONG><a name="[c4]"></a>USART_ConfigInt</STRONG> (Thumb, 280 bytes, Stack size 32 bytes, n32g45x_usart.o(.text), UNUSED)
<BR><BR>[Calls]<UL><LI><a href="#[79]">&gt;&gt;</a>&nbsp;&nbsp;&nbsp;assert_failed
</UL>

<P><STRONG><a name="[c5]"></a>USART_EnableDMA</STRONG> (Thumb, 134 bytes, Stack size 16 bytes, n32g45x_usart.o(.text), UNUSED)
<BR><BR>[Calls]<UL><LI><a href="#[79]">&gt;&gt;</a>&nbsp;&nbsp;&nbsp;assert_failed
</UL>

<P><STRONG><a name="[c6]"></a>USART_SetAddr</STRONG> (Thumb, 104 bytes, Stack size 16 bytes, n32g45x_usart.o(.text), UNUSED)
<BR><BR>[Calls]<UL><LI><a href="#[79]">&gt;&gt;</a>&nbsp;&nbsp;&nbsp;assert_failed
</UL>

<P><STRONG><a name="[c7]"></a>USART_ConfigWakeUpMode</STRONG> (Thumb, 108 bytes, Stack size 16 bytes, n32g45x_usart.o(.text), UNUSED)
<BR><BR>[Calls]<UL><LI><a href="#[79]">&gt;&gt;</a>&nbsp;&nbsp;&nbsp;assert_failed
</UL>

<P><STRONG><a name="[c8]"></a>USART_EnableRcvWakeUp</STRONG> (Thumb, 112 bytes, Stack size 16 bytes, n32g45x_usart.o(.text), UNUSED)
<BR><BR>[Calls]<UL><LI><a href="#[79]">&gt;&gt;</a>&nbsp;&nbsp;&nbsp;assert_failed
</UL>

<P><STRONG><a name="[c9]"></a>USART_ConfigLINBreakDetectLength</STRONG> (Thumb, 106 bytes, Stack size 16 bytes, n32g45x_usart.o(.text), UNUSED)
<BR><BR>[Calls]<UL><LI><a href="#[79]">&gt;&gt;</a>&nbsp;&nbsp;&nbsp;assert_failed
</UL>

<P><STRONG><a name="[ca]"></a>USART_EnableLIN</STRONG> (Thumb, 112 bytes, Stack size 16 bytes, n32g45x_usart.o(.text), UNUSED)
<BR><BR>[Calls]<UL><LI><a href="#[79]">&gt;&gt;</a>&nbsp;&nbsp;&nbsp;assert_failed
</UL>

<P><STRONG><a name="[cb]"></a>USART_SendData</STRONG> (Thumb, 350 bytes, Stack size 16 bytes, n32g45x_usart.o(.text))
<BR><BR>[Stack]<UL><LI>Max Depth = 16<LI>Call Chain = USART_SendData
</UL>
<BR>[Calls]<UL><LI><a href="#[79]">&gt;&gt;</a>&nbsp;&nbsp;&nbsp;assert_failed
</UL>
<BR>[Called By]<UL><LI><a href="#[73]">&gt;&gt;</a>&nbsp;&nbsp;&nbsp;fputc
</UL>

<P><STRONG><a name="[cc]"></a>USART_ReceiveData</STRONG> (Thumb, 72 bytes, Stack size 8 bytes, n32g45x_usart.o(.text), UNUSED)
<BR><BR>[Calls]<UL><LI><a href="#[79]">&gt;&gt;</a>&nbsp;&nbsp;&nbsp;assert_failed
</UL>

<P><STRONG><a name="[cd]"></a>USART_SendBreak</STRONG> (Thumb, 74 bytes, Stack size 8 bytes, n32g45x_usart.o(.text), UNUSED)
<BR><BR>[Calls]<UL><LI><a href="#[79]">&gt;&gt;</a>&nbsp;&nbsp;&nbsp;assert_failed
</UL>

<P><STRONG><a name="[ce]"></a>USART_SetGuardTime</STRONG> (Thumb, 58 bytes, Stack size 16 bytes, n32g45x_usart.o(.text), UNUSED)
<BR><BR>[Calls]<UL><LI><a href="#[79]">&gt;&gt;</a>&nbsp;&nbsp;&nbsp;assert_failed
</UL>

<P><STRONG><a name="[cf]"></a>USART_SetPrescaler</STRONG> (Thumb, 82 bytes, Stack size 16 bytes, n32g45x_usart.o(.text), UNUSED)
<BR><BR>[Calls]<UL><LI><a href="#[79]">&gt;&gt;</a>&nbsp;&nbsp;&nbsp;assert_failed
</UL>

<P><STRONG><a name="[d0]"></a>USART_EnableSmartCard</STRONG> (Thumb, 90 bytes, Stack size 16 bytes, n32g45x_usart.o(.text), UNUSED)
<BR><BR>[Calls]<UL><LI><a href="#[79]">&gt;&gt;</a>&nbsp;&nbsp;&nbsp;assert_failed
</UL>

<P><STRONG><a name="[d1]"></a>USART_SetSmartCardNACK</STRONG> (Thumb, 90 bytes, Stack size 16 bytes, n32g45x_usart.o(.text), UNUSED)
<BR><BR>[Calls]<UL><LI><a href="#[79]">&gt;&gt;</a>&nbsp;&nbsp;&nbsp;assert_failed
</UL>

<P><STRONG><a name="[d2]"></a>USART_EnableHalfDuplex</STRONG> (Thumb, 114 bytes, Stack size 16 bytes, n32g45x_usart.o(.text), UNUSED)
<BR><BR>[Calls]<UL><LI><a href="#[79]">&gt;&gt;</a>&nbsp;&nbsp;&nbsp;assert_failed
</UL>

<P><STRONG><a name="[d3]"></a>USART_ConfigIrDAMode</STRONG> (Thumb, 106 bytes, Stack size 16 bytes, n32g45x_usart.o(.text), UNUSED)
<BR><BR>[Calls]<UL><LI><a href="#[79]">&gt;&gt;</a>&nbsp;&nbsp;&nbsp;assert_failed
</UL>

<P><STRONG><a name="[d4]"></a>USART_EnableIrDA</STRONG> (Thumb, 114 bytes, Stack size 16 bytes, n32g45x_usart.o(.text), UNUSED)
<BR><BR>[Calls]<UL><LI><a href="#[79]">&gt;&gt;</a>&nbsp;&nbsp;&nbsp;assert_failed
</UL>

<P><STRONG><a name="[d5]"></a>USART_GetFlagStatus</STRONG> (Thumb, 300 bytes, Stack size 16 bytes, n32g45x_usart.o(.text))
<BR><BR>[Stack]<UL><LI>Max Depth = 16<LI>Call Chain = USART_GetFlagStatus
</UL>
<BR>[Calls]<UL><LI><a href="#[79]">&gt;&gt;</a>&nbsp;&nbsp;&nbsp;assert_failed
</UL>
<BR>[Called By]<UL><LI><a href="#[73]">&gt;&gt;</a>&nbsp;&nbsp;&nbsp;fputc
</UL>

<P><STRONG><a name="[d6]"></a>USART_ClrFlag</STRONG> (Thumb, 144 bytes, Stack size 16 bytes, n32g45x_usart.o(.text), UNUSED)
<BR><BR>[Calls]<UL><LI><a href="#[79]">&gt;&gt;</a>&nbsp;&nbsp;&nbsp;assert_failed
</UL>

<P><STRONG><a name="[d7]"></a>USART_GetIntStatus</STRONG> (Thumb, 280 bytes, Stack size 32 bytes, n32g45x_usart.o(.text), UNUSED)
<BR><BR>[Calls]<UL><LI><a href="#[79]">&gt;&gt;</a>&nbsp;&nbsp;&nbsp;assert_failed
</UL>

<P><STRONG><a name="[d8]"></a>USART_ClrIntPendingBit</STRONG> (Thumb, 180 bytes, Stack size 24 bytes, n32g45x_usart.o(.text), UNUSED)
<BR><BR>[Calls]<UL><LI><a href="#[79]">&gt;&gt;</a>&nbsp;&nbsp;&nbsp;assert_failed
</UL>

<P><STRONG><a name="[132]"></a>QSPI_Cmd</STRONG> (Thumb, 36 bytes, Stack size 0 bytes, n32g45x_qspi.o(.text))
<BR><BR>[Called By]<UL><LI><a href="#[130]">&gt;&gt;</a>&nbsp;&nbsp;&nbsp;Qspi_Init
</UL>

<P><STRONG><a name="[133]"></a>QSPI_XIP_Cmd</STRONG> (Thumb, 26 bytes, Stack size 0 bytes, n32g45x_qspi.o(.text))
<BR><BR>[Called By]<UL><LI><a href="#[130]">&gt;&gt;</a>&nbsp;&nbsp;&nbsp;Qspi_Init
</UL>

<P><STRONG><a name="[d9]"></a>QSPI_DeInit</STRONG> (Thumb, 22 bytes, Stack size 8 bytes, n32g45x_qspi.o(.text))
<BR><BR>[Stack]<UL><LI>Max Depth = 24<LI>Call Chain = QSPI_DeInit &rArr; RCC_EnableAHBPeriphReset
</UL>
<BR>[Calls]<UL><LI><a href="#[b3]">&gt;&gt;</a>&nbsp;&nbsp;&nbsp;RCC_EnableAHBPeriphReset
</UL>
<BR>[Called By]<UL><LI><a href="#[130]">&gt;&gt;</a>&nbsp;&nbsp;&nbsp;Qspi_Init
</UL>

<P><STRONG><a name="[da]"></a>QspiInitConfig</STRONG> (Thumb, 3512 bytes, Stack size 16 bytes, n32g45x_qspi.o(.text))
<BR><BR>[Stack]<UL><LI>Max Depth = 16<LI>Call Chain = QspiInitConfig
</UL>
<BR>[Calls]<UL><LI><a href="#[79]">&gt;&gt;</a>&nbsp;&nbsp;&nbsp;assert_failed
</UL>
<BR>[Called By]<UL><LI><a href="#[130]">&gt;&gt;</a>&nbsp;&nbsp;&nbsp;Qspi_Init
</UL>

<P><STRONG><a name="[dc]"></a>QSPI_GPIO</STRONG> (Thumb, 482 bytes, Stack size 24 bytes, n32g45x_qspi.o(.text))
<BR><BR>[Stack]<UL><LI>Max Depth = 80<LI>Call Chain = QSPI_GPIO &rArr; QSPI_SingleGpioConfig &rArr; GPIO_InitPeripheral
</UL>
<BR>[Calls]<UL><LI><a href="#[db]">&gt;&gt;</a>&nbsp;&nbsp;&nbsp;QSPI_SingleGpioConfig
<LI><a href="#[b1]">&gt;&gt;</a>&nbsp;&nbsp;&nbsp;RCC_EnableAPB2PeriphClk
<LI><a href="#[b0]">&gt;&gt;</a>&nbsp;&nbsp;&nbsp;RCC_EnableAHBPeriphClk
<LI><a href="#[95]">&gt;&gt;</a>&nbsp;&nbsp;&nbsp;GPIO_ConfigPinRemap
<LI><a href="#[88]">&gt;&gt;</a>&nbsp;&nbsp;&nbsp;GPIO_InitPeripheral
</UL>
<BR>[Called By]<UL><LI><a href="#[130]">&gt;&gt;</a>&nbsp;&nbsp;&nbsp;Qspi_Init
</UL>

<P><STRONG><a name="[dd]"></a>QSPI_Tx_DMA_CTRL_Config</STRONG> (Thumb, 80 bytes, Stack size 16 bytes, n32g45x_qspi.o(.text), UNUSED)
<BR><BR>[Calls]<UL><LI><a href="#[79]">&gt;&gt;</a>&nbsp;&nbsp;&nbsp;assert_failed
</UL>

<P><STRONG><a name="[de]"></a>QSPI_Rx_DMA_CTRL_Config</STRONG> (Thumb, 80 bytes, Stack size 16 bytes, n32g45x_qspi.o(.text), UNUSED)
<BR><BR>[Calls]<UL><LI><a href="#[79]">&gt;&gt;</a>&nbsp;&nbsp;&nbsp;assert_failed
</UL>

<P><STRONG><a name="[1b1]"></a>QSPI_GetITStatus</STRONG> (Thumb, 22 bytes, Stack size 0 bytes, n32g45x_qspi.o(.text), UNUSED)

<P><STRONG><a name="[1b2]"></a>QSPI_ClearITFLAG</STRONG> (Thumb, 50 bytes, Stack size 0 bytes, n32g45x_qspi.o(.text), UNUSED)

<P><STRONG><a name="[1b3]"></a>QSPI_XIP_ClearITFLAG</STRONG> (Thumb, 12 bytes, Stack size 0 bytes, n32g45x_qspi.o(.text), UNUSED)

<P><STRONG><a name="[136]"></a>GetQspiBusyStatus</STRONG> (Thumb, 18 bytes, Stack size 0 bytes, n32g45x_qspi.o(.text))
<BR><BR>[Called By]<UL><LI><a href="#[134]">&gt;&gt;</a>&nbsp;&nbsp;&nbsp;WaitQSPI_Busy
</UL>

<P><STRONG><a name="[13d]"></a>GetQspiTxDataBusyStatus</STRONG> (Thumb, 148 bytes, Stack size 0 bytes, n32g45x_qspi.o(.text))
<BR><BR>[Called By]<UL><LI><a href="#[13c]">&gt;&gt;</a>&nbsp;&nbsp;&nbsp;W25Q64_PageWrite
</UL>

<P><STRONG><a name="[1b4]"></a>GetQspiTxDataEmptyStatus</STRONG> (Thumb, 20 bytes, Stack size 0 bytes, n32g45x_qspi.o(.text), UNUSED)

<P><STRONG><a name="[e1]"></a>GetQspiRxHaveDataStatus</STRONG> (Thumb, 20 bytes, Stack size 0 bytes, n32g45x_qspi.o(.text))
<BR><BR>[Called By]<UL><LI><a href="#[e5]">&gt;&gt;</a>&nbsp;&nbsp;&nbsp;QspiSendWordAndGetWords
<LI><a href="#[e3]">&gt;&gt;</a>&nbsp;&nbsp;&nbsp;QspiSendAndGetWords
<LI><a href="#[e2]">&gt;&gt;</a>&nbsp;&nbsp;&nbsp;GetFifoData
<LI><a href="#[df]">&gt;&gt;</a>&nbsp;&nbsp;&nbsp;ClrFifo
</UL>

<P><STRONG><a name="[1b5]"></a>GetQspiRxDataFullStatus</STRONG> (Thumb, 20 bytes, Stack size 0 bytes, n32g45x_qspi.o(.text), UNUSED)

<P><STRONG><a name="[1b6]"></a>GetQspiDataConflictErrorStatus</STRONG> (Thumb, 20 bytes, Stack size 0 bytes, n32g45x_qspi.o(.text), UNUSED)

<P><STRONG><a name="[e4]"></a>QspiSendWord</STRONG> (Thumb, 6 bytes, Stack size 0 bytes, n32g45x_qspi.o(.text))
<BR><BR>[Called By]<UL><LI><a href="#[e5]">&gt;&gt;</a>&nbsp;&nbsp;&nbsp;QspiSendWordAndGetWords
<LI><a href="#[e3]">&gt;&gt;</a>&nbsp;&nbsp;&nbsp;QspiSendAndGetWords
<LI><a href="#[12e]">&gt;&gt;</a>&nbsp;&nbsp;&nbsp;QspiFlashRead
</UL>

<P><STRONG><a name="[e0]"></a>QspiReadWord</STRONG> (Thumb, 6 bytes, Stack size 0 bytes, n32g45x_qspi.o(.text))
<BR><BR>[Called By]<UL><LI><a href="#[e5]">&gt;&gt;</a>&nbsp;&nbsp;&nbsp;QspiSendWordAndGetWords
<LI><a href="#[e3]">&gt;&gt;</a>&nbsp;&nbsp;&nbsp;QspiSendAndGetWords
<LI><a href="#[e2]">&gt;&gt;</a>&nbsp;&nbsp;&nbsp;GetFifoData
<LI><a href="#[df]">&gt;&gt;</a>&nbsp;&nbsp;&nbsp;ClrFifo
</UL>

<P><STRONG><a name="[1b7]"></a>QspiGetDataPointer</STRONG> (Thumb, 6 bytes, Stack size 0 bytes, n32g45x_qspi.o(.text), UNUSED)

<P><STRONG><a name="[1b8]"></a>QspiReadRxFifoNum</STRONG> (Thumb, 6 bytes, Stack size 0 bytes, n32g45x_qspi.o(.text), UNUSED)

<P><STRONG><a name="[df]"></a>ClrFifo</STRONG> (Thumb, 32 bytes, Stack size 4 bytes, n32g45x_qspi.o(.text))
<BR><BR>[Stack]<UL><LI>Max Depth = 4<LI>Call Chain = ClrFifo
</UL>
<BR>[Calls]<UL><LI><a href="#[e0]">&gt;&gt;</a>&nbsp;&nbsp;&nbsp;QspiReadWord
<LI><a href="#[e1]">&gt;&gt;</a>&nbsp;&nbsp;&nbsp;GetQspiRxHaveDataStatus
</UL>
<BR>[Called By]<UL><LI><a href="#[13b]">&gt;&gt;</a>&nbsp;&nbsp;&nbsp;QspiFlashChipErase
<LI><a href="#[12b]">&gt;&gt;</a>&nbsp;&nbsp;&nbsp;QspiFlashErase
</UL>

<P><STRONG><a name="[e2]"></a>GetFifoData</STRONG> (Thumb, 36 bytes, Stack size 4 bytes, n32g45x_qspi.o(.text))
<BR><BR>[Stack]<UL><LI>Max Depth = 4<LI>Call Chain = GetFifoData
</UL>
<BR>[Calls]<UL><LI><a href="#[e0]">&gt;&gt;</a>&nbsp;&nbsp;&nbsp;QspiReadWord
<LI><a href="#[e1]">&gt;&gt;</a>&nbsp;&nbsp;&nbsp;GetQspiRxHaveDataStatus
</UL>
<BR>[Called By]<UL><LI><a href="#[12e]">&gt;&gt;</a>&nbsp;&nbsp;&nbsp;QspiFlashRead
</UL>

<P><STRONG><a name="[e3]"></a>QspiSendAndGetWords</STRONG> (Thumb, 88 bytes, Stack size 20 bytes, n32g45x_qspi.o(.text))
<BR><BR>[Stack]<UL><LI>Max Depth = 20<LI>Call Chain = QspiSendAndGetWords
</UL>
<BR>[Calls]<UL><LI><a href="#[e0]">&gt;&gt;</a>&nbsp;&nbsp;&nbsp;QspiReadWord
<LI><a href="#[e4]">&gt;&gt;</a>&nbsp;&nbsp;&nbsp;QspiSendWord
<LI><a href="#[e1]">&gt;&gt;</a>&nbsp;&nbsp;&nbsp;GetQspiRxHaveDataStatus
</UL>
<BR>[Called By]<UL><LI><a href="#[13a]">&gt;&gt;</a>&nbsp;&nbsp;&nbsp;QspiFlashEnableQE
<LI><a href="#[139]">&gt;&gt;</a>&nbsp;&nbsp;&nbsp;QspiFlashReadStatus
<LI><a href="#[129]">&gt;&gt;</a>&nbsp;&nbsp;&nbsp;W25Q64_ReadID
<LI><a href="#[128]">&gt;&gt;</a>&nbsp;&nbsp;&nbsp;W25Q64_Init
<LI><a href="#[12b]">&gt;&gt;</a>&nbsp;&nbsp;&nbsp;QspiFlashErase
</UL>

<P><STRONG><a name="[e5]"></a>QspiSendWordAndGetWords</STRONG> (Thumb, 58 bytes, Stack size 12 bytes, n32g45x_qspi.o(.text))
<BR><BR>[Stack]<UL><LI>Max Depth = 12<LI>Call Chain = QspiSendWordAndGetWords
</UL>
<BR>[Calls]<UL><LI><a href="#[e0]">&gt;&gt;</a>&nbsp;&nbsp;&nbsp;QspiReadWord
<LI><a href="#[e4]">&gt;&gt;</a>&nbsp;&nbsp;&nbsp;QspiSendWord
<LI><a href="#[e1]">&gt;&gt;</a>&nbsp;&nbsp;&nbsp;GetQspiRxHaveDataStatus
</UL>
<BR>[Called By]<UL><LI><a href="#[13b]">&gt;&gt;</a>&nbsp;&nbsp;&nbsp;QspiFlashChipErase
<LI><a href="#[137]">&gt;&gt;</a>&nbsp;&nbsp;&nbsp;QspiFlashWriteEnable
</UL>

<P><STRONG><a name="[e6]"></a>DFU_enter</STRONG> (Thumb, 68 bytes, Stack size 8 bytes, main.o(.text))
<BR><BR>[Stack]<UL><LI>Max Depth = 336<LI>Call Chain = DFU_enter &rArr; MAL_Init &rArr; W25Q64_Init &rArr; W25Q64_ReadID &rArr; Qspi_Init &rArr; QSPI_GPIO &rArr; QSPI_SingleGpioConfig &rArr; GPIO_InitPeripheral
</UL>
<BR>[Calls]<UL><LI><a href="#[e9]">&gt;&gt;</a>&nbsp;&nbsp;&nbsp;USB_Interrupts_Config
<LI><a href="#[eb]">&gt;&gt;</a>&nbsp;&nbsp;&nbsp;USB_Init
<LI><a href="#[ea]">&gt;&gt;</a>&nbsp;&nbsp;&nbsp;Set_USBClock
<LI><a href="#[e8]">&gt;&gt;</a>&nbsp;&nbsp;&nbsp;MAL_Init
<LI><a href="#[89]">&gt;&gt;</a>&nbsp;&nbsp;&nbsp;GPIO_ReadInputDataBit
<LI><a href="#[e7]">&gt;&gt;</a>&nbsp;&nbsp;&nbsp;GPIO_InitStruct
<LI><a href="#[88]">&gt;&gt;</a>&nbsp;&nbsp;&nbsp;GPIO_InitPeripheral
</UL>
<BR>[Called By]<UL><LI><a href="#[70]">&gt;&gt;</a>&nbsp;&nbsp;&nbsp;main
</UL>

<P><STRONG><a name="[ec]"></a>FatFs_Test</STRONG> (Thumb, 338 bytes, Stack size 4176 bytes, main.o(.text), UNUSED)
<BR><BR>[Calls]<UL><LI><a href="#[f1]">&gt;&gt;</a>&nbsp;&nbsp;&nbsp;f_read
<LI><a href="#[f0]">&gt;&gt;</a>&nbsp;&nbsp;&nbsp;f_open
<LI><a href="#[ed]">&gt;&gt;</a>&nbsp;&nbsp;&nbsp;f_mount
<LI><a href="#[ef]">&gt;&gt;</a>&nbsp;&nbsp;&nbsp;f_mkfs
<LI><a href="#[f2]">&gt;&gt;</a>&nbsp;&nbsp;&nbsp;f_close
<LI><a href="#[ee]">&gt;&gt;</a>&nbsp;&nbsp;&nbsp;__2printf
</UL>

<P><STRONG><a name="[f3]"></a>GPIO_Configuration</STRONG> (Thumb, 54 bytes, Stack size 8 bytes, main.o(.text))
<BR><BR>[Stack]<UL><LI>Max Depth = 48<LI>Call Chain = GPIO_Configuration &rArr; GPIO_InitPeripheral
</UL>
<BR>[Calls]<UL><LI><a href="#[88]">&gt;&gt;</a>&nbsp;&nbsp;&nbsp;GPIO_InitPeripheral
</UL>
<BR>[Called By]<UL><LI><a href="#[f4]">&gt;&gt;</a>&nbsp;&nbsp;&nbsp;usart_init
</UL>

<P><STRONG><a name="[f4]"></a>usart_init</STRONG> (Thumb, 76 bytes, Stack size 24 bytes, main.o(.text))
<BR><BR>[Stack]<UL><LI>Max Depth = 100<LI>Call Chain = usart_init &rArr; USART_Init &rArr; RCC_GetClocksFreqValue
</UL>
<BR>[Calls]<UL><LI><a href="#[f3]">&gt;&gt;</a>&nbsp;&nbsp;&nbsp;GPIO_Configuration
<LI><a href="#[c3]">&gt;&gt;</a>&nbsp;&nbsp;&nbsp;USART_Enable
<LI><a href="#[c0]">&gt;&gt;</a>&nbsp;&nbsp;&nbsp;USART_Init
<LI><a href="#[b1]">&gt;&gt;</a>&nbsp;&nbsp;&nbsp;RCC_EnableAPB2PeriphClk
<LI><a href="#[ee]">&gt;&gt;</a>&nbsp;&nbsp;&nbsp;__2printf
</UL>
<BR>[Called By]<UL><LI><a href="#[70]">&gt;&gt;</a>&nbsp;&nbsp;&nbsp;main
</UL>

<P><STRONG><a name="[70]"></a>main</STRONG> (Thumb, 16 bytes, Stack size 0 bytes, main.o(.text))
<BR><BR>[Stack]<UL><LI>Max Depth = 336<LI>Call Chain = main &rArr; DFU_enter &rArr; MAL_Init &rArr; W25Q64_Init &rArr; W25Q64_ReadID &rArr; Qspi_Init &rArr; QSPI_GPIO &rArr; QSPI_SingleGpioConfig &rArr; GPIO_InitPeripheral
</UL>
<BR>[Calls]<UL><LI><a href="#[f5]">&gt;&gt;</a>&nbsp;&nbsp;&nbsp;Set_System
<LI><a href="#[f4]">&gt;&gt;</a>&nbsp;&nbsp;&nbsp;usart_init
<LI><a href="#[e6]">&gt;&gt;</a>&nbsp;&nbsp;&nbsp;DFU_enter
</UL>
<BR>[Address Reference Count : 1]<UL><LI> entry9a.o(.ARM.Collect$$$$0000000B)
</UL>
<P><STRONG><a name="[79]"></a>assert_failed</STRONG> (Thumb, 4 bytes, Stack size 0 bytes, main.o(.text))
<BR><BR>[Called By]<UL><LI><a href="#[de]">&gt;&gt;</a>&nbsp;&nbsp;&nbsp;QSPI_Rx_DMA_CTRL_Config
<LI><a href="#[dd]">&gt;&gt;</a>&nbsp;&nbsp;&nbsp;QSPI_Tx_DMA_CTRL_Config
<LI><a href="#[da]">&gt;&gt;</a>&nbsp;&nbsp;&nbsp;QspiInitConfig
<LI><a href="#[d8]">&gt;&gt;</a>&nbsp;&nbsp;&nbsp;USART_ClrIntPendingBit
<LI><a href="#[d7]">&gt;&gt;</a>&nbsp;&nbsp;&nbsp;USART_GetIntStatus
<LI><a href="#[d6]">&gt;&gt;</a>&nbsp;&nbsp;&nbsp;USART_ClrFlag
<LI><a href="#[d5]">&gt;&gt;</a>&nbsp;&nbsp;&nbsp;USART_GetFlagStatus
<LI><a href="#[d4]">&gt;&gt;</a>&nbsp;&nbsp;&nbsp;USART_EnableIrDA
<LI><a href="#[d3]">&gt;&gt;</a>&nbsp;&nbsp;&nbsp;USART_ConfigIrDAMode
<LI><a href="#[d2]">&gt;&gt;</a>&nbsp;&nbsp;&nbsp;USART_EnableHalfDuplex
<LI><a href="#[d1]">&gt;&gt;</a>&nbsp;&nbsp;&nbsp;USART_SetSmartCardNACK
<LI><a href="#[d0]">&gt;&gt;</a>&nbsp;&nbsp;&nbsp;USART_EnableSmartCard
<LI><a href="#[cf]">&gt;&gt;</a>&nbsp;&nbsp;&nbsp;USART_SetPrescaler
<LI><a href="#[ce]">&gt;&gt;</a>&nbsp;&nbsp;&nbsp;USART_SetGuardTime
<LI><a href="#[cd]">&gt;&gt;</a>&nbsp;&nbsp;&nbsp;USART_SendBreak
<LI><a href="#[cc]">&gt;&gt;</a>&nbsp;&nbsp;&nbsp;USART_ReceiveData
<LI><a href="#[cb]">&gt;&gt;</a>&nbsp;&nbsp;&nbsp;USART_SendData
<LI><a href="#[ca]">&gt;&gt;</a>&nbsp;&nbsp;&nbsp;USART_EnableLIN
<LI><a href="#[c9]">&gt;&gt;</a>&nbsp;&nbsp;&nbsp;USART_ConfigLINBreakDetectLength
<LI><a href="#[c8]">&gt;&gt;</a>&nbsp;&nbsp;&nbsp;USART_EnableRcvWakeUp
<LI><a href="#[c7]">&gt;&gt;</a>&nbsp;&nbsp;&nbsp;USART_ConfigWakeUpMode
<LI><a href="#[c6]">&gt;&gt;</a>&nbsp;&nbsp;&nbsp;USART_SetAddr
<LI><a href="#[c5]">&gt;&gt;</a>&nbsp;&nbsp;&nbsp;USART_EnableDMA
<LI><a href="#[c4]">&gt;&gt;</a>&nbsp;&nbsp;&nbsp;USART_ConfigInt
<LI><a href="#[c3]">&gt;&gt;</a>&nbsp;&nbsp;&nbsp;USART_Enable
<LI><a href="#[c2]">&gt;&gt;</a>&nbsp;&nbsp;&nbsp;USART_ClockInit
<LI><a href="#[c0]">&gt;&gt;</a>&nbsp;&nbsp;&nbsp;USART_Init
<LI><a href="#[bf]">&gt;&gt;</a>&nbsp;&nbsp;&nbsp;USART_DeInit
<LI><a href="#[bb]">&gt;&gt;</a>&nbsp;&nbsp;&nbsp;RCC_ClrIntPendingBit
<LI><a href="#[ba]">&gt;&gt;</a>&nbsp;&nbsp;&nbsp;RCC_GetIntStatus
<LI><a href="#[b9]">&gt;&gt;</a>&nbsp;&nbsp;&nbsp;RCC_ConfigMco
<LI><a href="#[b8]">&gt;&gt;</a>&nbsp;&nbsp;&nbsp;RCC_ConfigMcoPllClk
<LI><a href="#[b7]">&gt;&gt;</a>&nbsp;&nbsp;&nbsp;RCC_EnableClockSecuritySystem
<LI><a href="#[b6]">&gt;&gt;</a>&nbsp;&nbsp;&nbsp;RCC_EnableBackupReset
<LI><a href="#[b5]">&gt;&gt;</a>&nbsp;&nbsp;&nbsp;RCC_EnableBORReset
<LI><a href="#[b4]">&gt;&gt;</a>&nbsp;&nbsp;&nbsp;RCC_EnableAPB1PeriphReset
<LI><a href="#[b3]">&gt;&gt;</a>&nbsp;&nbsp;&nbsp;RCC_EnableAHBPeriphReset
<LI><a href="#[b2]">&gt;&gt;</a>&nbsp;&nbsp;&nbsp;RCC_EnableAPB1PeriphClk
<LI><a href="#[b1]">&gt;&gt;</a>&nbsp;&nbsp;&nbsp;RCC_EnableAPB2PeriphClk
<LI><a href="#[b0]">&gt;&gt;</a>&nbsp;&nbsp;&nbsp;RCC_EnableAHBPeriphClk
<LI><a href="#[af]">&gt;&gt;</a>&nbsp;&nbsp;&nbsp;RCC_EnableRtcClk
<LI><a href="#[ae]">&gt;&gt;</a>&nbsp;&nbsp;&nbsp;RCC_ConfigRtcClk
<LI><a href="#[ad]">&gt;&gt;</a>&nbsp;&nbsp;&nbsp;RCC_EnableLsi
<LI><a href="#[ac]">&gt;&gt;</a>&nbsp;&nbsp;&nbsp;RCC_ConfigLse
<LI><a href="#[ab]">&gt;&gt;</a>&nbsp;&nbsp;&nbsp;RCC_EnableTrng1mClk
<LI><a href="#[aa]">&gt;&gt;</a>&nbsp;&nbsp;&nbsp;RCC_ConfigTrng1mClk
<LI><a href="#[a9]">&gt;&gt;</a>&nbsp;&nbsp;&nbsp;RCC_ConfigAdcHclk
<LI><a href="#[a8]">&gt;&gt;</a>&nbsp;&nbsp;&nbsp;RCC_ConfigAdcPllClk
<LI><a href="#[a7]">&gt;&gt;</a>&nbsp;&nbsp;&nbsp;RCC_ConfigAdc1mClk
<LI><a href="#[a6]">&gt;&gt;</a>&nbsp;&nbsp;&nbsp;RCC_ConfigRngcClk
<LI><a href="#[a5]">&gt;&gt;</a>&nbsp;&nbsp;&nbsp;RCC_ConfigTim18Clk
<LI><a href="#[a4]">&gt;&gt;</a>&nbsp;&nbsp;&nbsp;RCC_ConfigUsbClk
<LI><a href="#[a3]">&gt;&gt;</a>&nbsp;&nbsp;&nbsp;RCC_ConfigInt
<LI><a href="#[a2]">&gt;&gt;</a>&nbsp;&nbsp;&nbsp;RCC_ConfigPclk2
<LI><a href="#[a1]">&gt;&gt;</a>&nbsp;&nbsp;&nbsp;RCC_ConfigPclk1
<LI><a href="#[a0]">&gt;&gt;</a>&nbsp;&nbsp;&nbsp;RCC_ConfigHclk
<LI><a href="#[9f]">&gt;&gt;</a>&nbsp;&nbsp;&nbsp;RCC_ConfigSysclk
<LI><a href="#[9e]">&gt;&gt;</a>&nbsp;&nbsp;&nbsp;RCC_EnablePll
<LI><a href="#[9d]">&gt;&gt;</a>&nbsp;&nbsp;&nbsp;RCC_ConfigPll
<LI><a href="#[9c]">&gt;&gt;</a>&nbsp;&nbsp;&nbsp;RCC_EnableHsi
<LI><a href="#[9b]">&gt;&gt;</a>&nbsp;&nbsp;&nbsp;RCC_SetHsiCalibValue
<LI><a href="#[99]">&gt;&gt;</a>&nbsp;&nbsp;&nbsp;RCC_GetFlagStatus
<LI><a href="#[98]">&gt;&gt;</a>&nbsp;&nbsp;&nbsp;RCC_ConfigHse
<LI><a href="#[86]">&gt;&gt;</a>&nbsp;&nbsp;&nbsp;RCC_EnableAPB2PeriphReset
<LI><a href="#[97]">&gt;&gt;</a>&nbsp;&nbsp;&nbsp;GPIO_ETH_ConfigMediaInterface
<LI><a href="#[96]">&gt;&gt;</a>&nbsp;&nbsp;&nbsp;GPIO_ConfigEXTILine
<LI><a href="#[95]">&gt;&gt;</a>&nbsp;&nbsp;&nbsp;GPIO_ConfigPinRemap
<LI><a href="#[94]">&gt;&gt;</a>&nbsp;&nbsp;&nbsp;GPIO_CtrlEventOutput
<LI><a href="#[93]">&gt;&gt;</a>&nbsp;&nbsp;&nbsp;GPIO_ConfigEventOutput
<LI><a href="#[92]">&gt;&gt;</a>&nbsp;&nbsp;&nbsp;GPIO_ConfigPinLock
<LI><a href="#[91]">&gt;&gt;</a>&nbsp;&nbsp;&nbsp;GPIO_Write
<LI><a href="#[90]">&gt;&gt;</a>&nbsp;&nbsp;&nbsp;GPIO_WriteBit
<LI><a href="#[8f]">&gt;&gt;</a>&nbsp;&nbsp;&nbsp;GPIO_ResetBits
<LI><a href="#[8e]">&gt;&gt;</a>&nbsp;&nbsp;&nbsp;GPIO_SetBitsHigh16
<LI><a href="#[8d]">&gt;&gt;</a>&nbsp;&nbsp;&nbsp;GPIO_SetBits
<LI><a href="#[8c]">&gt;&gt;</a>&nbsp;&nbsp;&nbsp;GPIO_ReadOutputData
<LI><a href="#[8b]">&gt;&gt;</a>&nbsp;&nbsp;&nbsp;GPIO_ReadOutputDataBit
<LI><a href="#[8a]">&gt;&gt;</a>&nbsp;&nbsp;&nbsp;GPIO_ReadInputData
<LI><a href="#[89]">&gt;&gt;</a>&nbsp;&nbsp;&nbsp;GPIO_ReadInputDataBit
<LI><a href="#[88]">&gt;&gt;</a>&nbsp;&nbsp;&nbsp;GPIO_InitPeripheral
<LI><a href="#[85]">&gt;&gt;</a>&nbsp;&nbsp;&nbsp;GPIO_DeInit
<LI><a href="#[84]">&gt;&gt;</a>&nbsp;&nbsp;&nbsp;EXTI_RTCTimeStampSel
<LI><a href="#[83]">&gt;&gt;</a>&nbsp;&nbsp;&nbsp;EXTI_ClrITPendBit
<LI><a href="#[82]">&gt;&gt;</a>&nbsp;&nbsp;&nbsp;EXTI_GetITStatus
<LI><a href="#[81]">&gt;&gt;</a>&nbsp;&nbsp;&nbsp;EXTI_ClrStatusFlag
<LI><a href="#[80]">&gt;&gt;</a>&nbsp;&nbsp;&nbsp;EXTI_GetStatusFlag
<LI><a href="#[7f]">&gt;&gt;</a>&nbsp;&nbsp;&nbsp;EXTI_TriggerSWInt
<LI><a href="#[7e]">&gt;&gt;</a>&nbsp;&nbsp;&nbsp;EXTI_InitPeripheral
<LI><a href="#[7d]">&gt;&gt;</a>&nbsp;&nbsp;&nbsp;SysTick_CLKSourceConfig
<LI><a href="#[7c]">&gt;&gt;</a>&nbsp;&nbsp;&nbsp;NVIC_SystemLPConfig
<LI><a href="#[7b]">&gt;&gt;</a>&nbsp;&nbsp;&nbsp;NVIC_SetVectorTable
<LI><a href="#[7a]">&gt;&gt;</a>&nbsp;&nbsp;&nbsp;NVIC_Init
<LI><a href="#[78]">&gt;&gt;</a>&nbsp;&nbsp;&nbsp;NVIC_PriorityGroupConfig
</UL>

<P><STRONG><a name="[73]"></a>fputc</STRONG> (Thumb, 32 bytes, Stack size 16 bytes, main.o(.text))
<BR><BR>[Stack]<UL><LI>Max Depth = 32<LI>Call Chain = fputc &rArr; USART_GetFlagStatus
</UL>
<BR>[Calls]<UL><LI><a href="#[d5]">&gt;&gt;</a>&nbsp;&nbsp;&nbsp;USART_GetFlagStatus
<LI><a href="#[cb]">&gt;&gt;</a>&nbsp;&nbsp;&nbsp;USART_SendData
</UL>
<BR>[Address Reference Count : 1]<UL><LI> printf8.o(i.__0printf$8)
</UL>
<P><STRONG><a name="[11]"></a>NMI_Handler</STRONG> (Thumb, 2 bytes, Stack size 0 bytes, n32g45x_it.o(.text))
<BR>[Address Reference Count : 1]<UL><LI> startup_n32g45x.o(RESET)
</UL>
<P><STRONG><a name="[12]"></a>HardFault_Handler</STRONG> (Thumb, 4 bytes, Stack size 0 bytes, n32g45x_it.o(.text))
<BR>[Address Reference Count : 1]<UL><LI> startup_n32g45x.o(RESET)
</UL>
<P><STRONG><a name="[13]"></a>MemManage_Handler</STRONG> (Thumb, 4 bytes, Stack size 0 bytes, n32g45x_it.o(.text))
<BR>[Address Reference Count : 1]<UL><LI> startup_n32g45x.o(RESET)
</UL>
<P><STRONG><a name="[14]"></a>BusFault_Handler</STRONG> (Thumb, 4 bytes, Stack size 0 bytes, n32g45x_it.o(.text))
<BR>[Address Reference Count : 1]<UL><LI> startup_n32g45x.o(RESET)
</UL>
<P><STRONG><a name="[15]"></a>UsageFault_Handler</STRONG> (Thumb, 4 bytes, Stack size 0 bytes, n32g45x_it.o(.text))
<BR>[Address Reference Count : 1]<UL><LI> startup_n32g45x.o(RESET)
</UL>
<P><STRONG><a name="[16]"></a>SVC_Handler</STRONG> (Thumb, 2 bytes, Stack size 0 bytes, n32g45x_it.o(.text))
<BR>[Address Reference Count : 1]<UL><LI> startup_n32g45x.o(RESET)
</UL>
<P><STRONG><a name="[17]"></a>DebugMon_Handler</STRONG> (Thumb, 2 bytes, Stack size 0 bytes, n32g45x_it.o(.text))
<BR>[Address Reference Count : 1]<UL><LI> startup_n32g45x.o(RESET)
</UL>
<P><STRONG><a name="[19]"></a>SysTick_Handler</STRONG> (Thumb, 2 bytes, Stack size 0 bytes, n32g45x_it.o(.text))
<BR>[Address Reference Count : 1]<UL><LI> startup_n32g45x.o(RESET)
</UL>
<P><STRONG><a name="[1b9]"></a>DMA_IRQ_HANDLER</STRONG> (Thumb, 2 bytes, Stack size 0 bytes, n32g45x_it.o(.text), UNUSED)

<P><STRONG><a name="[2e]"></a>USB_LP_CAN1_RX0_IRQHandler</STRONG> (Thumb, 8 bytes, Stack size 8 bytes, n32g45x_it.o(.text))
<BR><BR>[Stack]<UL><LI>Max Depth = 132<LI>Call Chain = USB_LP_CAN1_RX0_IRQHandler &rArr; USB_Istr &rArr; USB_CorrectTransferLp &rArr; USB_ProcessSetup0 &rArr; Data_Setup0 &rArr; DataStageIn &rArr; USB_CopyUserToPMABuf
</UL>
<BR>[Calls]<UL><LI><a href="#[f6]">&gt;&gt;</a>&nbsp;&nbsp;&nbsp;USB_Istr
</UL>
<BR>[Address Reference Count : 1]<UL><LI> startup_n32g45x.o(RESET)
</UL>
<P><STRONG><a name="[44]"></a>USBWakeUp_IRQHandler</STRONG> (Thumb, 12 bytes, Stack size 8 bytes, n32g45x_it.o(.text))
<BR><BR>[Stack]<UL><LI>Max Depth = 16<LI>Call Chain = USBWakeUp_IRQHandler &rArr; EXTI_ClrITPendBit
</UL>
<BR>[Calls]<UL><LI><a href="#[83]">&gt;&gt;</a>&nbsp;&nbsp;&nbsp;EXTI_ClrITPendBit
</UL>
<BR>[Address Reference Count : 1]<UL><LI> startup_n32g45x.o(RESET)
</UL>
<P><STRONG><a name="[f5]"></a>Set_System</STRONG> (Thumb, 42 bytes, Stack size 16 bytes, hw_config.o(.text))
<BR><BR>[Stack]<UL><LI>Max Depth = 32<LI>Call Chain = Set_System &rArr; EXTI_InitPeripheral
</UL>
<BR>[Calls]<UL><LI><a href="#[83]">&gt;&gt;</a>&nbsp;&nbsp;&nbsp;EXTI_ClrITPendBit
<LI><a href="#[7e]">&gt;&gt;</a>&nbsp;&nbsp;&nbsp;EXTI_InitPeripheral
</UL>
<BR>[Called By]<UL><LI><a href="#[70]">&gt;&gt;</a>&nbsp;&nbsp;&nbsp;main
</UL>

<P><STRONG><a name="[ea]"></a>Set_USBClock</STRONG> (Thumb, 18 bytes, Stack size 8 bytes, hw_config.o(.text))
<BR><BR>[Stack]<UL><LI>Max Depth = 24<LI>Call Chain = Set_USBClock &rArr; RCC_EnableAPB1PeriphClk
</UL>
<BR>[Calls]<UL><LI><a href="#[b2]">&gt;&gt;</a>&nbsp;&nbsp;&nbsp;RCC_EnableAPB1PeriphClk
[...]
</UL>

<P><STRONG><a name="[15c]"></a>dbc_2nd</STRONG> (Thumb, 12 bytes, Stack size 0 bytes, ff.o(.text), UNUSED)
<BR><BR>[Called By]<UL><LI><a href="#[15a]">&gt;&gt;</a>&nbsp;&nbsp;&nbsp;tchar2uni
</UL>

<P><STRONG><a name="[15a]"></a>tchar2uni</STRONG> (Thumb, 76 bytes, Stack size 24 bytes, ff.o(.text), UNUSED)
<BR><BR>[Calls]<UL><LI><a href="#[15d]">&gt;&gt;</a>&nbsp;&nbsp;&nbsp;ff_oem2uni
<LI><a href="#[15c]">&gt;&gt;</a>&nbsp;&nbsp;&nbsp;dbc_2nd
<LI><a href="#[15b]">&gt;&gt;</a>&nbsp;&nbsp;&nbsp;dbc_1st
</UL>
<BR>[Called By]<UL><LI><a href="#[180]">&gt;&gt;</a>&nbsp;&nbsp;&nbsp;create_name
</UL>

<P><STRONG><a name="[15e]"></a>put_utf</STRONG> (Thumb, 66 bytes, Stack size 24 bytes, ff.o(.text), UNUSED)
<BR><BR>[Calls]<UL><LI><a href="#[15f]">&gt;&gt;</a>&nbsp;&nbsp;&nbsp;ff_uni2oem
</UL>
<BR>[Called By]<UL><LI><a href="#[17f]">&gt;&gt;</a>&nbsp;&nbsp;&nbsp;get_fileinfo
</UL>

<P><STRONG><a name="[160]"></a>sync_window</STRONG> (Thumb, 74 bytes, Stack size 16 bytes, ff.o(.text), UNUSED)
<BR><BR>[Calls]<UL><LI><a href="#[159]">&gt;&gt;</a>&nbsp;&nbsp;&nbsp;disk_write
</UL>
<BR>[Called By]<UL><LI><a href="#[16c]">&gt;&gt;</a>&nbsp;&nbsp;&nbsp;dir_clear
<LI><a href="#[162]">&gt;&gt;</a>&nbsp;&nbsp;&nbsp;sync_fs
<LI><a href="#[161]">&gt;&gt;</a>&nbsp;&nbsp;&nbsp;move_window
</UL>

<P><STRONG><a name="[161]"></a>move_window</STRONG> (Thumb, 52 bytes, Stack size 16 bytes, ff.o(.text), UNUSED)
<BR><BR>[Calls]<UL><LI><a href="#[158]">&gt;&gt;</a>&nbsp;&nbsp;&nbsp;disk_read
<LI><a href="#[160]">&gt;&gt;</a>&nbsp;&nbsp;&nbsp;sync_window
</UL>
<BR>[Called By]<UL><LI><a href="#[f0]">&gt;&gt;</a>&nbsp;&nbsp;&nbsp;f_open
<LI><a href="#[197]">&gt;&gt;</a>&nbsp;&nbsp;&nbsp;f_rename
<LI><a href="#[192]">&gt;&gt;</a>&nbsp;&nbsp;&nbsp;f_getfree
<LI><a href="#[18c]">&gt;&gt;</a>&nbsp;&nbsp;&nbsp;f_sync
<LI><a href="#[186]">&gt;&gt;</a>&nbsp;&nbsp;&nbsp;mount_volume
<LI><a href="#[184]">&gt;&gt;</a>&nbsp;&nbsp;&nbsp;check_fs
<LI><a href="#[17e]">&gt;&gt;</a>&nbsp;&nbsp;&nbsp;dir_remove
<LI><a href="#[17c]">&gt;&gt;</a>&nbsp;&nbsp;&nbsp;dir_register
<LI><a href="#[17a]">&gt;&gt;</a>&nbsp;&nbsp;&nbsp;dir_find
<LI><a href="#[178]">&gt;&gt;</a>&nbsp;&nbsp;&nbsp;dir_read
<LI><a href="#[170]">&gt;&gt;</a>&nbsp;&nbsp;&nbsp;dir_alloc
<LI><a href="#[169]">&gt;&gt;</a>&nbsp;&nbsp;&nbsp;put_fat
<LI><a href="#[166]">&gt;&gt;</a>&nbsp;&nbsp;&nbsp;get_fat
</UL>

<P><STRONG><a name="[162]"></a>sync_fs</STRONG> (Thumb, 132 bytes, Stack size 16 bytes, ff.o(.text), UNUSED)
<BR><BR>[Calls]<UL><LI><a href="#[165]">&gt;&gt;</a>&nbsp;&nbsp;&nbsp;disk_ioctl
<LI><a href="#[159]">&gt;&gt;</a>&nbsp;&nbsp;&nbsp;disk_write
<LI><a href="#[131]">&gt;&gt;</a>&nbsp;&nbsp;&nbsp;__aeabi_memclr4
<LI><a href="#[160]">&gt;&gt;</a>&nbsp;&nbsp;&nbsp;sync_window
<LI><a href="#[164]">&gt;&gt;</a>&nbsp;&nbsp;&nbsp;st_dword
<LI><a href="#[163]">&gt;&gt;</a>&nbsp;&nbsp;&nbsp;st_word
</UL>
<BR>[Called By]<UL><LI><a href="#[197]">&gt;&gt;</a>&nbsp;&nbsp;&nbsp;f_rename
<LI><a href="#[195]">&gt;&gt;</a>&nbsp;&nbsp;&nbsp;f_mkdir
<LI><a href="#[194]">&gt;&gt;</a>&nbsp;&nbsp;&nbsp;f_unlink
<LI><a href="#[18c]">&gt;&gt;</a>&nbsp;&nbsp;&nbsp;f_sync
</UL>

<P><STRONG><a name="[16d]"></a>clst2sect</STRONG> (Thumb, 26 bytes, Stack size 0 bytes, ff.o(.text), UNUSED)
<BR><BR>[Called By]<UL><LI><a href="#[f1]">&gt;&gt;</a>&nbsp;&nbsp;&nbsp;f_read
<LI><a href="#[f0]">&gt;&gt;</a>&nbsp;&nbsp;&nbsp;f_open
<LI><a href="#[197]">&gt;&gt;</a>&nbsp;&nbsp;&nbsp;f_rename
<LI><a href="#[18d]">&gt;&gt;</a>&nbsp;&nbsp;&nbsp;f_lseek
<LI><a href="#[18b]">&gt;&gt;</a>&nbsp;&nbsp;&nbsp;f_write
<LI><a href="#[16f]">&gt;&gt;</a>&nbsp;&nbsp;&nbsp;dir_next
<LI><a href="#[16e]">&gt;&gt;</a>&nbsp;&nbsp;&nbsp;dir_sdi
<LI><a href="#[16c]">&gt;&gt;</a>&nbsp;&nbsp;&nbsp;dir_clear
</UL>

<P><STRONG><a name="[166]"></a>get_fat</STRONG> (Thumb, 306 bytes, Stack size 40 bytes, ff.o(.text), UNUSED)
<BR><BR>[Calls]<UL><LI><a href="#[161]">&gt;&gt;</a>&nbsp;&nbsp;&nbsp;move_window
<LI><a href="#[168]">&gt;&gt;</a>&nbsp;&nbsp;&nbsp;ld_dword
<LI><a href="#[167]">&gt;&gt;</a>&nbsp;&nbsp;&nbsp;ld_word
</UL>
<BR>[Called By]<UL><LI><a href="#[f1]">&gt;&gt;</a>&nbsp;&nbsp;&nbsp;f_read
<LI><a href="#[f0]">&gt;&gt;</a>&nbsp;&nbsp;&nbsp;f_open
<LI><a href="#[193]">&gt;&gt;</a>&nbsp;&nbsp;&nbsp;f_truncate
<LI><a href="#[192]">&gt;&gt;</a>&nbsp;&nbsp;&nbsp;f_getfree
<LI><a href="#[18d]">&gt;&gt;</a>&nbsp;&nbsp;&nbsp;f_lseek
<LI><a href="#[16f]">&gt;&gt;</a>&nbsp;&nbsp;&nbsp;dir_next
<LI><a href="#[16e]">&gt;&gt;</a>&nbsp;&nbsp;&nbsp;dir_sdi
<LI><a href="#[16b]">&gt;&gt;</a>&nbsp;&nbsp;&nbsp;create_chain
<LI><a href="#[16a]">&gt;&gt;</a>&nbsp;&nbsp;&nbsp;remove_chain
</UL>

<P><STRONG><a name="[169]"></a>put_fat</STRONG> (Thumb, 400 bytes, Stack size 40 bytes, ff.o(.text), UNUSED)
<BR><BR>[Calls]<UL><LI><a href="#[161]">&gt;&gt;</a>&nbsp;&nbsp;&nbsp;move_window
<LI><a href="#[164]">&gt;&gt;</a>&nbsp;&nbsp;&nbsp;st_dword
<LI><a href="#[163]">&gt;&gt;</a>&nbsp;&nbsp;&nbsp;st_word
<LI><a href="#[168]">&gt;&gt;</a>&nbsp;&nbsp;&nbsp;ld_dword
</UL>
<BR>[Called By]<UL><LI><a href="#[16b]">&gt;&gt;</a>&nbsp;&nbsp;&nbsp;create_chain
<LI><a href="#[16a]">&gt;&gt;</a>&nbsp;&nbsp;&nbsp;remove_chain
</UL>

<P><STRONG><a name="[16a]"></a>remove_chain</STRONG> (Thumb, 154 bytes, Stack size 32 bytes, ff.o(.text), UNUSED)
<BR><BR>[Calls]<UL><LI><a href="#[169]">&gt;&gt;</a>&nbsp;&nbsp;&nbsp;put_fat
<LI><a href="#[166]">&gt;&gt;</a>&nbsp;&nbsp;&nbsp;get_fat
</UL>
<BR>[Called By]<UL><LI><a href="#[f0]">&gt;&gt;</a>&nbsp;&nbsp;&nbsp;f_open
<LI><a href="#[195]">&gt;&gt;</a>&nbsp;&nbsp;&nbsp;f_mkdir
<LI><a href="#[194]">&gt;&gt;</a>&nbsp;&nbsp;&nbsp;f_unlink
<LI><a href="#[193]">&gt;&gt;</a>&nbsp;&nbsp;&nbsp;f_truncate
</UL>

<P><STRONG><a name="[16b]"></a>create_chain</STRONG> (Thumb, 298 bytes, Stack size 32 bytes, ff.o(.text), UNUSED)
<BR><BR>[Calls]<UL><LI><a href="#[169]">&gt;&gt;</a>&nbsp;&nbsp;&nbsp;put_fat
<LI><a href="#[166]">&gt;&gt;</a>&nbsp;&nbsp;&nbsp;get_fat
</UL>
<BR>[Called By]<UL><LI><a href="#[195]">&gt;&gt;</a>&nbsp;&nbsp;&nbsp;f_mkdir
<LI><a href="#[18d]">&gt;&gt;</a>&nbsp;&nbsp;&nbsp;f_lseek
<LI><a href="#[18b]">&gt;&gt;</a>&nbsp;&nbsp;&nbsp;f_write
<LI><a href="#[16f]">&gt;&gt;</a>&nbsp;&nbsp;&nbsp;dir_next
</UL>

<P><STRONG><a name="[16c]"></a>dir_clear</STRONG> (Thumb, 94 bytes, Stack size 32 bytes, ff.o(.text), UNUSED)
<BR><BR>[Calls]<UL><LI><a href="#[159]">&gt;&gt;</a>&nbsp;&nbsp;&nbsp;disk_write
<LI><a href="#[131]">&gt;&gt;</a>&nbsp;&nbsp;&nbsp;__aeabi_memclr4
<LI><a href="#[16d]">&gt;&gt;</a>&nbsp;&nbsp;&nbsp;clst2sect
<LI><a href="#[160]">&gt;&gt;</a>&nbsp;&nbsp;&nbsp;sync_window
</UL>
<BR>[Called By]<UL><LI><a href="#[195]">&gt;&gt;</a>&nbsp;&nbsp;&nbsp;f_mkdir
<LI><a href="#[16f]">&gt;&gt;</a>&nbsp;&nbsp;&nbsp;dir_next
</UL>

<P><STRONG><a name="[16e]"></a>dir_sdi</STRONG> (Thumb, 166 bytes, Stack size 24 bytes, ff.o(.text), UNUSED)
<BR><BR>[Calls]<UL><LI><a href="#[166]">&gt;&gt;</a>&nbsp;&nbsp;&nbsp;get_fat
<LI><a href="#[16d]">&gt;&gt;</a>&nbsp;&nbsp;&nbsp;clst2sect
</UL>
<BR>[Called By]<UL><LI><a href="#[194]">&gt;&gt;</a>&nbsp;&nbsp;&nbsp;f_unlink
<LI><a href="#[190]">&gt;&gt;</a>&nbsp;&nbsp;&nbsp;f_readdir
<LI><a href="#[18e]">&gt;&gt;</a>&nbsp;&nbsp;&nbsp;f_opendir
<LI><a href="#[183]">&gt;&gt;</a>&nbsp;&nbsp;&nbsp;follow_path
<LI><a href="#[17e]">&gt;&gt;</a>&nbsp;&nbsp;&nbsp;dir_remove
<LI><a href="#[17c]">&gt;&gt;</a>&nbsp;&nbsp;&nbsp;dir_register
<LI><a href="#[17a]">&gt;&gt;</a>&nbsp;&nbsp;&nbsp;dir_find
<LI><a href="#[170]">&gt;&gt;</a>&nbsp;&nbsp;&nbsp;dir_alloc
</UL>

<P><STRONG><a name="[16f]"></a>dir_next</STRONG> (Thumb, 218 bytes, Stack size 24 bytes, ff.o(.text), UNUSED)
<BR><BR>[Calls]<UL><LI><a href="#[16c]">&gt;&gt;</a>&nbsp;&nbsp;&nbsp;dir_clear
<LI><a href="#[16b]">&gt;&gt;</a>&nbsp;&nbsp;&nbsp;create_chain
<LI><a href="#[166]">&gt;&gt;</a>&nbsp;&nbsp;&nbsp;get_fat
<LI><a href="#[16d]">&gt;&gt;</a>&nbsp;&nbsp;&nbsp;clst2sect
</UL>
<BR>[Called By]<UL><LI><a href="#[190]">&gt;&gt;</a>&nbsp;&nbsp;&nbsp;f_readdir
<LI><a href="#[17e]">&gt;&gt;</a>&nbsp;&nbsp;&nbsp;dir_remove
<LI><a href="#[17c]">&gt;&gt;</a>&nbsp;&nbsp;&nbsp;dir_register
<LI><a href="#[17a]">&gt;&gt;</a>&nbsp;&nbsp;&nbsp;dir_find
<LI><a href="#[178]">&gt;&gt;</a>&nbsp;&nbsp;&nbsp;dir_read
<LI><a href="#[170]">&gt;&gt;</a>&nbsp;&nbsp;&nbsp;dir_alloc
</UL>

<P><STRONG><a name="[170]"></a>dir_alloc</STRONG> (Thumb, 96 bytes, Stack size 24 bytes, ff.o(.text), UNUSED)
<BR><BR>[Calls]<UL><LI><a href="#[16f]">&gt;&gt;</a>&nbsp;&nbsp;&nbsp;dir_next
<LI><a href="#[16e]">&gt;&gt;</a>&nbsp;&nbsp;&nbsp;dir_sdi
<LI><a href="#[161]">&gt;&gt;</a>&nbsp;&nbsp;&nbsp;move_window
</UL>
<BR>[Called By]<UL><LI><a href="#[17c]">&gt;&gt;</a>&nbsp;&nbsp;&nbsp;dir_register
</UL>

<P><STRONG><a name="[171]"></a>ld_clust</STRONG> (Thumb, 38 bytes, Stack size 16 bytes, ff.o(.text), UNUSED)
<BR><BR>[Calls]<UL><LI><a href="#[167]">&gt;&gt;</a>&nbsp;&nbsp;&nbsp;ld_word
</UL>
<BR>[Called By]<UL><LI><a href="#[f0]">&gt;&gt;</a>&nbsp;&nbsp;&nbsp;f_open
<LI><a href="#[197]">&gt;&gt;</a>&nbsp;&nbsp;&nbsp;f_rename
<LI><a href="#[194]">&gt;&gt;</a>&nbsp;&nbsp;&nbsp;f_unlink
<LI><a href="#[18e]">&gt;&gt;</a>&nbsp;&nbsp;&nbsp;f_opendir
<LI><a href="#[183]">&gt;&gt;</a>&nbsp;&nbsp;&nbsp;follow_path
</UL>

<P><STRONG><a name="[172]"></a>st_clust</STRONG> (Thumb, 36 bytes, Stack size 16 bytes, ff.o(.text), UNUSED)
<BR><BR>[Calls]<UL><LI><a href="#[163]">&gt;&gt;</a>&nbsp;&nbsp;&nbsp;st_word
</UL>
<BR>[Called By]<UL><LI><a href="#[f0]">&gt;&gt;</a>&nbsp;&nbsp;&nbsp;f_open
<LI><a href="#[197]">&gt;&gt;</a>&nbsp;&nbsp;&nbsp;f_rename
<LI><a href="#[195]">&gt;&gt;</a>&nbsp;&nbsp;&nbsp;f_mkdir
<LI><a href="#[18c]">&gt;&gt;</a>&nbsp;&nbsp;&nbsp;f_sync
</UL>

<P><STRONG><a name="[173]"></a>cmp_lfn</STRONG> (Thumb, 148 bytes, Stack size 32 bytes, ff.o(.text), UNUSED)
<BR><BR>[Calls]<UL><LI><a href="#[174]">&gt;&gt;</a>&nbsp;&nbsp;&nbsp;ff_wtoupper
<LI><a href="#[167]">&gt;&gt;</a>&nbsp;&nbsp;&nbsp;ld_word
</UL>
<BR>[Called By]<UL><LI><a href="#[17a]">&gt;&gt;</a>&nbsp;&nbsp;&nbsp;dir_find
</UL>

<P><STRONG><a name="[175]"></a>pick_lfn</STRONG> (Thumb, 136 bytes, Stack size 32 bytes, ff.o(.text), UNUSED)
<BR><BR>[Calls]<UL><LI><a href="#[167]">&gt;&gt;</a>&nbsp;&nbsp;&nbsp;ld_word
</UL>
<BR>[Called By]<UL><LI><a href="#[178]">&gt;&gt;</a>&nbsp;&nbsp;&nbsp;dir_read
</UL>

<P><STRONG><a name="[176]"></a>put_lfn</STRONG> (Thumb, 124 bytes, Stack size 32 bytes, ff.o(.text), UNUSED)
<BR><BR>[Calls]<UL><LI><a href="#[163]">&gt;&gt;</a>&nbsp;&nbsp;&nbsp;st_word
</UL>
<BR>[Called By]<UL><LI><a href="#[17c]">&gt;&gt;</a>&nbsp;&nbsp;&nbsp;dir_register
</UL>

<P><STRONG><a name="[177]"></a>gen_numname</STRONG> (Thumb, 206 bytes, Stack size 64 bytes, ff.o(.text), UNUSED)
<BR><BR>[Calls]<UL><LI><a href="#[15b]">&gt;&gt;</a>&nbsp;&nbsp;&nbsp;dbc_1st
</UL>
<BR>[Called By]<UL><LI><a href="#[17c]">&gt;&gt;</a>&nbsp;&nbsp;&nbsp;dir_register
</UL>

<P><STRONG><a name="[179]"></a>sum_sfn</STRONG> (Thumb, 32 bytes, Stack size 12 bytes, ff.o(.text), UNUSED)
<BR><BR>[Called By]<UL><LI><a href="#[17c]">&gt;&gt;</a>&nbsp;&nbsp;&nbsp;dir_register
<LI><a href="#[17a]">&gt;&gt;</a>&nbsp;&nbsp;&nbsp;dir_find
<LI><a href="#[178]">&gt;&gt;</a>&nbsp;&nbsp;&nbsp;dir_read
</UL>

<P><STRONG><a name="[178]"></a>dir_read</STRONG> (Thumb, 210 bytes, Stack size 40 bytes, ff.o(.text), UNUSED)
<BR><BR>[Calls]<UL><LI><a href="#[179]">&gt;&gt;</a>&nbsp;&nbsp;&nbsp;sum_sfn
<LI><a href="#[175]">&gt;&gt;</a>&nbsp;&nbsp;&nbsp;pick_lfn
<LI><a href="#[16f]">&gt;&gt;</a>&nbsp;&nbsp;&nbsp;dir_next
<LI><a href="#[161]">&gt;&gt;</a>&nbsp;&nbsp;&nbsp;move_window
</UL>
<BR>[Called By]<UL><LI><a href="#[194]">&gt;&gt;</a>&nbsp;&nbsp;&nbsp;f_unlink
<LI><a href="#[190]">&gt;&gt;</a>&nbsp;&nbsp;&nbsp;f_readdir
</UL>

<P><STRONG><a name="[17a]"></a>dir_find</STRONG> (Thumb, 260 bytes, Stack size 32 bytes, ff.o(.text), UNUSED)
<BR><BR>[Calls]<UL><LI><a href="#[17b]">&gt;&gt;</a>&nbsp;&nbsp;&nbsp;memcmp
<LI><a href="#[179]">&gt;&gt;</a>&nbsp;&nbsp;&nbsp;sum_sfn
<LI><a href="#[173]">&gt;&gt;</a>&nbsp;&nbsp;&nbsp;cmp_lfn
<LI><a href="#[16f]">&gt;&gt;</a>&nbsp;&nbsp;&nbsp;dir_next
<LI><a href="#[16e]">&gt;&gt;</a>&nbsp;&nbsp;&nbsp;dir_sdi
<LI><a href="#[161]">&gt;&gt;</a>&nbsp;&nbsp;&nbsp;move_window
</UL>
<BR>[Called By]<UL><LI><a href="#[183]">&gt;&gt;</a>&nbsp;&nbsp;&nbsp;follow_path
<LI><a href="#[17c]">&gt;&gt;</a>&nbsp;&nbsp;&nbsp;dir_register
</UL>

<P><STRONG><a name="[17c]"></a>dir_register</STRONG> (Thumb, 326 bytes, Stack size 48 bytes, ff.o(.text), UNUSED)
<BR><BR>[Calls]<UL><LI><a href="#[17d]">&gt;&gt;</a>&nbsp;&nbsp;&nbsp;__aeabi_memclr
<LI><a href="#[17a]">&gt;&gt;</a>&nbsp;&nbsp;&nbsp;dir_find
<LI><a href="#[179]">&gt;&gt;</a>&nbsp;&nbsp;&nbsp;sum_sfn
<LI><a href="#[177]">&gt;&gt;</a>&nbsp;&nbsp;&nbsp;gen_numname
<LI><a href="#[176]">&gt;&gt;</a>&nbsp;&nbsp;&nbsp;put_lfn
<LI><a href="#[170]">&gt;&gt;</a>&nbsp;&nbsp;&nbsp;dir_alloc
<LI><a href="#[16f]">&gt;&gt;</a>&nbsp;&nbsp;&nbsp;dir_next
<LI><a href="#[16e]">&gt;&gt;</a>&nbsp;&nbsp;&nbsp;dir_sdi
<LI><a href="#[161]">&gt;&gt;</a>&nbsp;&nbsp;&nbsp;move_window
</UL>
<BR>[Called By]<UL><LI><a href="#[f0]">&gt;&gt;</a>&nbsp;&nbsp;&nbsp;f_open
<LI><a href="#[197]">&gt;&gt;</a>&nbsp;&nbsp;&nbsp;f_rename
<LI><a href="#[195]">&gt;&gt;</a>&nbsp;&nbsp;&nbsp;f_mkdir
</UL>

<P><STRONG><a name="[17e]"></a>dir_remove</STRONG> (Thumb, 96 bytes, Stack size 24 bytes, ff.o(.text), UNUSED)
<BR><BR>[Calls]<UL><LI><a href="#[16f]">&gt;&gt;</a>&nbsp;&nbsp;&nbsp;dir_next
<LI><a href="#[16e]">&gt;&gt;</a>&nbsp;&nbsp;&nbsp;dir_sdi
<LI><a href="#[161]">&gt;&gt;</a>&nbsp;&nbsp;&nbsp;move_window
</UL>
<BR>[Called By]<UL><LI><a href="#[197]">&gt;&gt;</a>&nbsp;&nbsp;&nbsp;f_rename
<LI><a href="#[194]">&gt;&gt;</a>&nbsp;&nbsp;&nbsp;f_unlink
</UL>

<P><STRONG><a name="[17f]"></a>get_fileinfo</STRONG> (Thumb, 386 bytes, Stack size 40 bytes, ff.o(.text), UNUSED)
<BR><BR>[Calls]<UL><LI><a href="#[15e]">&gt;&gt;</a>&nbsp;&nbsp;&nbsp;put_utf
<LI><a href="#[168]">&gt;&gt;</a>&nbsp;&nbsp;&nbsp;ld_dword
<LI><a href="#[167]">&gt;&gt;</a>&nbsp;&nbsp;&nbsp;ld_word
</UL>
<BR>[Called By]<UL><LI><a href="#[191]">&gt;&gt;</a>&nbsp;&nbsp;&nbsp;f_stat
<LI><a href="#[190]">&gt;&gt;</a>&nbsp;&nbsp;&nbsp;f_readdir
</UL>

<P><STRONG><a name="[180]"></a>create_name</STRONG> (Thumb, 592 bytes, Stack size 56 bytes, ff.o(.text), UNUSED)
<BR><BR>[Calls]<UL><LI><a href="#[181]">&gt;&gt;</a>&nbsp;&nbsp;&nbsp;strchr
<LI><a href="#[182]">&gt;&gt;</a>&nbsp;&nbsp;&nbsp;__aeabi_memset
<LI><a href="#[15f]">&gt;&gt;</a>&nbsp;&nbsp;&nbsp;ff_uni2oem
<LI><a href="#[15a]">&gt;&gt;</a>&nbsp;&nbsp;&nbsp;tchar2uni
</UL>
<BR>[Called By]<UL><LI><a href="#[183]">&gt;&gt;</a>&nbsp;&nbsp;&nbsp;follow_path
</UL>

<P><STRONG><a name="[183]"></a>follow_path</STRONG> (Thumb, 168 bytes, Stack size 32 bytes, ff.o(.text), UNUSED)
<BR><BR>[Calls]<UL><LI><a href="#[180]">&gt;&gt;</a>&nbsp;&nbsp;&nbsp;create_name
<LI><a href="#[17a]">&gt;&gt;</a>&nbsp;&nbsp;&nbsp;dir_find
<LI><a href="#[171]">&gt;&gt;</a>&nbsp;&nbsp;&nbsp;ld_clust
<LI><a href="#[16e]">&gt;&gt;</a>&nbsp;&nbsp;&nbsp;dir_sdi
</UL>
<BR>[Called By]<UL><LI><a href="#[f0]">&gt;&gt;</a>&nbsp;&nbsp;&nbsp;f_open
<LI><a href="#[197]">&gt;&gt;</a>&nbsp;&nbsp;&nbsp;f_rename
<LI><a href="#[195]">&gt;&gt;</a>&nbsp;&nbsp;&nbsp;f_mkdir
<LI><a href="#[194]">&gt;&gt;</a>&nbsp;&nbsp;&nbsp;f_unlink
<LI><a href="#[191]">&gt;&gt;</a>&nbsp;&nbsp;&nbsp;f_stat
<LI><a href="#[18e]">&gt;&gt;</a>&nbsp;&nbsp;&nbsp;f_opendir
</UL>

<P><STRONG><a name="[187]"></a>get_ldnumber</STRONG> (Thumb, 78 bytes, Stack size 16 bytes, ff.o(.text), UNUSED)
<BR><BR>[Called By]<UL><LI><a href="#[ed]">&gt;&gt;</a>&nbsp;&nbsp;&nbsp;f_mount
<LI><a href="#[ef]">&gt;&gt;</a>&nbsp;&nbsp;&nbsp;f_mkfs
<LI><a href="#[197]">&gt;&gt;</a>&nbsp;&nbsp;&nbsp;f_rename
<LI><a href="#[186]">&gt;&gt;</a>&nbsp;&nbsp;&nbsp;mount_volume
</UL>

<P><STRONG><a name="[184]"></a>check_fs</STRONG> (Thumb, 210 bytes, Stack size 24 bytes, ff.o(.text), UNUSED)
<BR><BR>[Calls]<UL><LI><a href="#[17b]">&gt;&gt;</a>&nbsp;&nbsp;&nbsp;memcmp
<LI><a href="#[161]">&gt;&gt;</a>&nbsp;&nbsp;&nbsp;move_window
<LI><a href="#[168]">&gt;&gt;</a>&nbsp;&nbsp;&nbsp;ld_dword
<LI><a href="#[167]">&gt;&gt;</a>&nbsp;&nbsp;&nbsp;ld_word
</UL>
<BR>[Called By]<UL><LI><a href="#[185]">&gt;&gt;</a>&nbsp;&nbsp;&nbsp;find_volume
</UL>

<P><STRONG><a name="[185]"></a>find_volume</STRONG> (Thumb, 156 bytes, Stack size 40 bytes, ff.o(.text), UNUSED)
<BR><BR>[Calls]<UL><LI><a href="#[184]">&gt;&gt;</a>&nbsp;&nbsp;&nbsp;check_fs
<LI><a href="#[168]">&gt;&gt;</a>&nbsp;&nbsp;&nbsp;ld_dword
</UL>
<BR>[Called By]<UL><LI><a href="#[186]">&gt;&gt;</a>&nbsp;&nbsp;&nbsp;mount_volume
</UL>

<P><STRONG><a name="[186]"></a>mount_volume</STRONG> (Thumb, 736 bytes, Stack size 64 bytes, ff.o(.text), UNUSED)
<BR><BR>[Calls]<UL><LI><a href="#[165]">&gt;&gt;</a>&nbsp;&nbsp;&nbsp;disk_ioctl
<LI><a href="#[157]">&gt;&gt;</a>&nbsp;&nbsp;&nbsp;disk_initialize
<LI><a href="#[156]">&gt;&gt;</a>&nbsp;&nbsp;&nbsp;disk_status
<LI><a href="#[185]">&gt;&gt;</a>&nbsp;&nbsp;&nbsp;find_volume
<LI><a href="#[187]">&gt;&gt;</a>&nbsp;&nbsp;&nbsp;get_ldnumber
<LI><a href="#[161]">&gt;&gt;</a>&nbsp;&nbsp;&nbsp;move_window
<LI><a href="#[168]">&gt;&gt;</a>&nbsp;&nbsp;&nbsp;ld_dword
<LI><a href="#[167]">&gt;&gt;</a>&nbsp;&nbsp;&nbsp;ld_word
</UL>
<BR>[Called By]<UL><LI><a href="#[f0]">&gt;&gt;</a>&nbsp;&nbsp;&nbsp;f_open
<LI><a href="#[ed]">&gt;&gt;</a>&nbsp;&nbsp;&nbsp;f_mount
<LI><a href="#[197]">&gt;&gt;</a>&nbsp;&nbsp;&nbsp;f_rename
<LI><a href="#[195]">&gt;&gt;</a>&nbsp;&nbsp;&nbsp;f_mkdir
<LI><a href="#[194]">&gt;&gt;</a>&nbsp;&nbsp;&nbsp;f_unlink
<LI><a href="#[192]">&gt;&gt;</a>&nbsp;&nbsp;&nbsp;f_getfree
<LI><a href="#[191]">&gt;&gt;</a>&nbsp;&nbsp;&nbsp;f_stat
<LI><a href="#[18e]">&gt;&gt;</a>&nbsp;&nbsp;&nbsp;f_opendir
</UL>

<P><STRONG><a name="[188]"></a>validate</STRONG> (Thumb, 60 bytes, Stack size 16 bytes, ff.o(.text), UNUSED)
<BR><BR>[Calls]<UL><LI><a href="#[156]">&gt;&gt;</a>&nbsp;&nbsp;&nbsp;disk_status
</UL>
<BR>[Called By]<UL><LI><a href="#[f1]">&gt;&gt;</a>&nbsp;&nbsp;&nbsp;f_read
<LI><a href="#[f2]">&gt;&gt;</a>&nbsp;&nbsp;&nbsp;f_close
<LI><a href="#[193]">&gt;&gt;</a>&nbsp;&nbsp;&nbsp;f_truncate
<LI><a href="#[190]">&gt;&gt;</a>&nbsp;&nbsp;&nbsp;f_readdir
<LI><a href="#[18f]">&gt;&gt;</a>&nbsp;&nbsp;&nbsp;f_closedir
<LI><a href="#[18d]">&gt;&gt;</a>&nbsp;&nbsp;&nbsp;f_lseek
<LI><a href="#[18c]">&gt;&gt;</a>&nbsp;&nbsp;&nbsp;f_sync
<LI><a href="#[18b]">&gt;&gt;</a>&nbsp;&nbsp;&nbsp;f_write
</UL>

<P><STRONG><a name="[198]"></a>create_partition</STRONG> (Thumb, 346 bytes, Stack size 72 bytes, ff.o(.text), UNUSED)
<BR><BR>[Calls]<UL><LI><a href="#[165]">&gt;&gt;</a>&nbsp;&nbsp;&nbsp;disk_ioctl
<LI><a href="#[159]">&gt;&gt;</a>&nbsp;&nbsp;&nbsp;disk_write
<LI><a href="#[17d]">&gt;&gt;</a>&nbsp;&nbsp;&nbsp;__aeabi_memclr
<LI><a href="#[164]">&gt;&gt;</a>&nbsp;&nbsp;&nbsp;st_dword
<LI><a href="#[163]">&gt;&gt;</a>&nbsp;&nbsp;&nbsp;st_word
</UL>
<BR>[Called By]<UL><LI><a href="#[ef]">&gt;&gt;</a>&nbsp;&nbsp;&nbsp;f_mkfs
</UL>

<P><STRONG><a name="[19f]"></a>_printf_core</STRONG> (Thumb, 984 bytes, Stack size 104 bytes, printf8.o(i._printf_core), UNUSED)
<BR><BR>[Calls]<UL><LI><a href="#[19a]">&gt;&gt;</a>&nbsp;&nbsp;&nbsp;__aeabi_uldivmod
<LI><a href="#[1a0]">&gt;&gt;</a>&nbsp;&nbsp;&nbsp;_printf_pre_padding
<LI><a href="#[1a1]">&gt;&gt;</a>&nbsp;&nbsp;&nbsp;_printf_post_padding
</UL>
<BR>[Called By]<UL><LI><a href="#[19e]">&gt;&gt;</a>&nbsp;&nbsp;&nbsp;__0printf$8
</UL>

<P><STRONG><a name="[1a1]"></a>_printf_post_padding</STRONG> (Thumb, 36 bytes, Stack size 24 bytes, printf8.o(i._printf_post_padding), UNUSED)
<BR><BR>[Called By]<UL><LI><a href="#[19f]">&gt;&gt;</a>&nbsp;&nbsp;&nbsp;_printf_core
</UL>

<P><STRONG><a name="[1a0]"></a>_printf_pre_padding</STRONG> (Thumb, 46 bytes, Stack size 24 bytes, printf8.o(i._printf_pre_padding), UNUSED)
<BR><BR>[Called By]<UL><LI><a href="#[19f]">&gt;&gt;</a>&nbsp;&nbsp;&nbsp;_printf_core
</UL>
<P>
<H3>
Undefined Global Symbols
</H3><HR></body></html>
